Archive member included to satisfy reference by file (symbol)

D:\Work\Howell\MD\S17HOWDSPSW\ACCORD\Trunk\SourceCode\DisplayBoard\UCOS\Release\libUCOS.a(hdudispfoscpu.o)
                              BSP/hdudispfpbs.o (U32_critical_sr)
D:\Work\Howell\MD\S17HOWDSPSW\ACCORD\Trunk\SourceCode\DisplayBoard\UCOS\Release\libUCOS.a(hdudispfucos.o)
                              D:\Work\Howell\MD\S17HOWDSPSW\ACCORD\Trunk\SourceCode\DisplayBoard\UCOS\Release\libUCOS.a(hdudispfoscpu.o) (Os_tcb_prio_tbl)
D:\Work\Howell\MD\S17HOWDSPSW\ACCORD\Trunk\SourceCode\DisplayBoard\COMMON\Release\libCOMMON.a(hdudispfa429.o)
                              Shared/hdudispfforeground.o (Cas_data_recieved)
D:\Work\Howell\MD\S17HOWDSPSW\ACCORD\Trunk\SourceCode\DisplayBoard\COMMON\Release\libCOMMON.a(hdudispfbspnor.o)
                              src/hdudispfmain.o (BspNorInit)
D:\Work\Howell\MD\S17HOWDSPSW\ACCORD\Trunk\SourceCode\DisplayBoard\COMMON\Release\libCOMMON.a(hdudispfcas.o)
                              D:\Work\Howell\MD\S17HOWDSPSW\ACCORD\Trunk\SourceCode\DisplayBoard\COMMON\Release\libCOMMON.a(hdudispfa429.o) (U16_cas_words)
D:\Work\Howell\MD\S17HOWDSPSW\ACCORD\Trunk\SourceCode\DisplayBoard\COMMON\Release\libCOMMON.a(hdudispfcrc.o)
                              src/hdudispfpbit.o (CrcCalculate)
D:\Work\Howell\MD\S17HOWDSPSW\ACCORD\Trunk\SourceCode\DisplayBoard\COMMON\Release\libCOMMON.a(hdudispfdma2.o)
                              Shared/hdudispfforeground.o (Dma2ClearForeground)
D:\Work\Howell\MD\S17HOWDSPSW\ACCORD\Trunk\SourceCode\DisplayBoard\COMMON\Release\libCOMMON.a(hdudispfdma2d.o)
                              Shared/hdudispfforeground.o (Dma2dRgbToArgb4444)
D:\Work\Howell\MD\S17HOWDSPSW\ACCORD\Trunk\SourceCode\DisplayBoard\COMMON\Release\libCOMMON.a(hdudispfglobalsettings.o)
                              app/hdudispfgrapp.o (S32_data_exceed)
D:\Work\Howell\MD\S17HOWDSPSW\ACCORD\Trunk\SourceCode\DisplayBoard\COMMON\Release\libCOMMON.a(hdudispflmsscu.o)
                              D:\Work\Howell\MD\S17HOWDSPSW\ACCORD\Trunk\SourceCode\DisplayBoard\COMMON\Release\libCOMMON.a(hdudispfa429.o) (N1_value)
D:\Work\Howell\MD\S17HOWDSPSW\ACCORD\Trunk\SourceCode\DisplayBoard\COMMON\Release\libCOMMON.a(hdudispfoffside.o)
                              app/hdudispfapp.o (OffsideSwitchScreen)
D:\Work\Howell\MD\S17HOWDSPSW\ACCORD\Trunk\SourceCode\DisplayBoard\COMMON\Release\libCOMMON.a(hdudispfpara.o)
                              app/hdudispfapp.o (U16_message_words)
D:\Work\Howell\MD\S17HOWDSPSW\ACCORD\Trunk\SourceCode\DisplayBoard\COMMON\Release\libCOMMON.a(hdudispfrtd.o)
                              Shared/hdudispfforeground.o (Both_dau_fail)
D:\Work\Howell\MD\S17HOWDSPSW\ACCORD\Trunk\SourceCode\DisplayBoard\HAL_Driver\Release\libHAL_Driver.a(hdulibstm32756gevalsdram.o)
                              src/hdudispfmain.o (BspSdramInit)
D:\Work\Howell\MD\S17HOWDSPSW\ACCORD\Trunk\SourceCode\DisplayBoard\HAL_Driver\Release\libHAL_Driver.a(hdulibstm32f7xxhal.o)
                              src/hdudispfmain.o (HalInit)
D:\Work\Howell\MD\S17HOWDSPSW\ACCORD\Trunk\SourceCode\DisplayBoard\HAL_Driver\Release\libHAL_Driver.a(hdulibstm32f7xxhaladc.o)
                              BSP/hdudispfstmadc.o (HalAdcInit)
D:\Work\Howell\MD\S17HOWDSPSW\ACCORD\Trunk\SourceCode\DisplayBoard\HAL_Driver\Release\libHAL_Driver.a(hdulibstm32f7xxhalcan.o)
                              Shared/hdudispfarinc825perph1.o (HalCanInit)
D:\Work\Howell\MD\S17HOWDSPSW\ACCORD\Trunk\SourceCode\DisplayBoard\HAL_Driver\Release\libHAL_Driver.a(hdulibstm32f7xxhalcortex.o)
                              D:\Work\Howell\MD\S17HOWDSPSW\ACCORD\Trunk\SourceCode\DisplayBoard\HAL_Driver\Release\libHAL_Driver.a(hdulibstm32f7xxhal.o) (HALNvicSetPriorityGrouping)
D:\Work\Howell\MD\S17HOWDSPSW\ACCORD\Trunk\SourceCode\DisplayBoard\HAL_Driver\Release\libHAL_Driver.a(hdulibstm32f7xxhalcrc.o)
                              D:\Work\Howell\MD\S17HOWDSPSW\ACCORD\Trunk\SourceCode\DisplayBoard\COMMON\Release\libCOMMON.a(hdudispfcrc.o) (HalCrcInit)
D:\Work\Howell\MD\S17HOWDSPSW\ACCORD\Trunk\SourceCode\DisplayBoard\HAL_Driver\Release\libHAL_Driver.a(hdulibstm32f7xxhalcrcex.o)
                              D:\Work\Howell\MD\S17HOWDSPSW\ACCORD\Trunk\SourceCode\DisplayBoard\HAL_Driver\Release\libHAL_Driver.a(hdulibstm32f7xxhalcrc.o) (HalCrcExPolynomialSet)
D:\Work\Howell\MD\S17HOWDSPSW\ACCORD\Trunk\SourceCode\DisplayBoard\HAL_Driver\Release\libHAL_Driver.a(hdulibstm32f7xxhaldma.o)
                              D:\Work\Howell\MD\S17HOWDSPSW\ACCORD\Trunk\SourceCode\DisplayBoard\COMMON\Release\libCOMMON.a(hdudispfdma2.o) (HalDmaInit)
D:\Work\Howell\MD\S17HOWDSPSW\ACCORD\Trunk\SourceCode\DisplayBoard\HAL_Driver\Release\libHAL_Driver.a(hdulibstm32f7xxhalgpio.o)
                              BSP/hdudispfpbs.o (HalGpioInit)
D:\Work\Howell\MD\S17HOWDSPSW\ACCORD\Trunk\SourceCode\DisplayBoard\HAL_Driver\Release\libHAL_Driver.a(hdulibstm32f7xxhaliwdg.o)
[...]
Memory Configuration

Name             Origin             Length             Attributes
RAM              0x20000000         0x0007c000         xrw
RAM2             0x2007c000         0x00001000         xrw
ROM              0x080c0000         0x000bffec         xr
ROM2             0x0817ffec         0x00000014         xr
SDRAM            0xc0000000         0x01800000         xrw
SDRAM2           0xc1800000         0x00800000         xrw
*default*        0x00000000         0xffffffff

Linker script and memory map

LOAD c:/ac6/systemworkbench/plugins/fr.ac6.mcu.externaltools.arm-none.win32_1.13.2.201705091103/tools/compiler/bin/../lib/gcc/arm-none-eabi/5.4.1/armv7e-m/fpu/fpv5-sp-d16/crti.o
LOAD c:/ac6/systemworkbench/plugins/fr.ac6.mcu.externaltools.arm-none.win32_1.13.2.201705091103/tools/compiler/bin/../lib/gcc/arm-none-eabi/5.4.1/armv7e-m/fpu/fpv5-sp-d16/crtbegin.o
LOAD c:/ac6/systemworkbench/plugins/fr.ac6.mcu.externaltools.arm-none.win32_1.13.2.201705091103/tools/compiler/bin/../lib/gcc/arm-none-eabi/5.4.1/../../../../arm-none-eabi/lib/armv7e-m/fpu/fpv5-sp-d16/crt0.o
LOAD BSP/hdudispfpbs.o
LOAD BSP/hdudispfpwm.o
LOAD BSP/hdudispfstmadc.o
LOAD Shared/hdudispfa825comm1.o
LOAD Shared/hdudispfa825comm2.o
LOAD Shared/hdudispfarinc825perph1.o
LOAD Shared/hdudispfarinc825perph2.o
LOAD Shared/hdudispfbspled.o
LOAD Shared/hdudispfforeground.o
LOAD Shared/hdudispfpanel.o
LOAD app/hdudispfapp.o
LOAD app/hdudispfdemo.o
LOAD app/hdudispfgrapp.o
LOAD app/hdudispfinit.o
LOAD app/hdudispfmdff.o
LOAD app/hdudispfmenu.o
LOAD app/hdudispfmenu2.o
LOAD app/hdudispfpdicheck.o
LOAD app/hdudispfpdidata.o
LOAD app/hdudispfpoller.o
LOAD app/hdudispfrevno.o
LOAD app/hdudispftbase.o
LOAD app/hdudispfwdog.o
LOAD fonts/hdudispfConsolas18hAA4.o
LOAD fonts/hdudispfConsolas22haa5.o
LOAD fonts/hdudispfConsolas30haa5.o
LOAD fonts/hdudispfConsolas42hAA4.o
LOAD fonts/hdudispfmono18haa4.o
LOAD fonts/hdudispfmono22haa4.o
LOAD fonts/hdudispfmono30haa4.o
LOAD fonts/hdudispfmono42haa4.o
LOAD src/hdudispfcbit.o
LOAD src/hdudispfmain.o
LOAD src/hdudispfpbit.o
LOAD startup/hdudispfoscpua.o
LOAD startup/hdudispfpbita.o
LOAD startup/hdudispfstartupstm32f746xx.o
LOAD D:\Work\Howell\MD\S17HOWDSPSW\ACCORD\Trunk\SourceCode\DisplayBoard\UCOS\Release\libUCOS.a
LOAD D:\Work\Howell\MD\S17HOWDSPSW\ACCORD\Trunk\SourceCode\DisplayBoard\COMMON\Release\libCOMMON.a
LOAD D:\Work\Howell\MD\S17HOWDSPSW\ACCORD\Trunk\SourceCode\DisplayBoard\HAL_Driver\Release\libHAL_Driver.a
LOAD D:\Work\Howell\MD\S17HOWDSPSW\ACCORD\Trunk\SourceCode\DisplayBoard\WIDGETS\Release\libWIDGETS.a
LOAD c:/ac6/systemworkbench/plugins/fr.ac6.mcu.externaltools.arm-none.win32_1.13.2.201705091103/tools/compiler/bin/../lib/gcc/arm-none-eabi/5.4.1/../../../../arm-none-eabi/lib/armv7e-m/fpu/fpv5-sp-d16\libm.a
START GROUP
LOAD c:/ac6/systemworkbench/plugins/fr.ac6.mcu.externaltools.arm-none.win32_1.13.2.201705091103/tools/compiler/bin/../lib/gcc/arm-none-eabi/5.4.1/armv7e-m/fpu/fpv5-sp-d16\libgcc.a
LOAD c:/ac6/systemworkbench/plugins/fr.ac6.mcu.externaltools.arm-none.win32_1.13.2.201705091103/tools/compiler/bin/../lib/gcc/arm-none-eabi/5.4.1/../../../../arm-none-eabi/lib/armv7e-m/fpu/fpv5-sp-d16\libc.a
END GROUP
LOAD c:/ac6/systemworkbench/plugins/fr.ac6.mcu.externaltools.arm-none.win32_1.13.2.201705091103/tools/compiler/bin/../lib/gcc/arm-none-eabi/5.4.1/armv7e-m/fpu/fpv5-sp-d16/crtend.o
LOAD c:/ac6/systemworkbench/plugins/fr.ac6.mcu.externaltools.arm-none.win32_1.13.2.201705091103/tools/compiler/bin/../lib/gcc/arm-none-eabi/5.4.1/armv7e-m/fpu/fpv5-sp-d16/crtn.o
                0x2007d000                _estack = 0x2007d000
                0x00000000                _Min_Heap_Size = 0x0
                0x00000800                _Min_Stack_Size = 0x800

.isr_vector     0x080c0000      0x1c8
                0x080c0000                . = ALIGN (0x4)
 *(.isr_vector)
 .isr_vector    0x080c0000      0x1c8 startup/hdudispfstartupstm32f746xx.o
                0x080c0000                GPfnVectors
                0x080c01c8                . = ALIGN (0x4)

.text           0x080c01d0    0x38fa8
                0x080c01d0                . = ALIGN (0x4)
 *(.text)
 .text          0x080c01d0       0x5c c:/ac6/systemworkbench/plugins/fr.ac6.mcu.externaltools.arm-none.win32_1.13.2.201705091103/tools/compiler/bin/../lib/gcc/arm-none-eabi/5.4.1/armv7e-m/fpu/fpv5-sp-d16/crtbegin.o
 *fill*         0x080c022c        0x4 
 .text          0x080c0230       0xa8 startup/hdudispfoscpua.o
                0x080c0230                OsCtxSw
                0x080c0240                OsIntCtxSw
                0x080c0250                SaveStatusReg
                0x080c0260                RestoreStatusReg
                0x080c0270                OsStartHighRdy
                0x080c0290                PendSVHandlerFlight
 *fill*         0x080c02d8        0x8 
 .text          0x080c02e0       0xc8 startup/hdudispfpbita.o
                0x080c02e0                AluTest
 *(.text*)
 .text.BspSwitchesInit
                0x080c03a8       0x88 BSP/hdudispfpbs.o
 .text.EncoderDriverL
                0x080c0430      0x13c BSP/hdudispfpbs.o
 .text.EncoderDriverR
                0x080c056c      0x138 BSP/hdudispfpbs.o
 .text.HwPbsGet
                0x080c06a4       0xbc BSP/hdudispfpbs.o
 .text.PbsDriver
                0x080c0760      0x19c BSP/hdudispfpbs.o
                0x080c0760                PbsDriver
 .text.PbsGet   0x080c08fc      0x2c0 BSP/hdudispfpbs.o
                0x080c08fc                PbsGet
 .text.PbsClear
                0x080c0bbc       0x80 BSP/hdudispfpbs.o
                0x080c0bbc                PbsClear
 .text.PbsInit  0x080c0c3c       0x90 BSP/hdudispfpbs.o
                0x080c0c3c                PbsInit
 .text.PwmInit  0x080c0ccc      0x270 BSP/hdudispfpwm.o
                0x080c0ccc                PwmInit
 .text.ErrorHandler
                0x080c0f3c        0x8 BSP/hdudispfpwm.o
 .text.PwmLcdBackLightPcnt
                0x080c0f44      0x10c BSP/hdudispfpwm.o
                0x080c0f44                PwmLcdBackLightPcnt
 .text.PwmLcdBezelLightPcnt
                0x080c1050       0xe8 BSP/hdudispfpwm.o
                0x080c1050                PwmLcdBezelLightPcnt
 .text.PwmBackLightDriver
                0x080c1138       0xac BSP/hdudispfpwm.o
                0x080c1138                PwmBackLightDriver
 .text.PwmBackLightStepTo
                0x080c11e4       0x88 BSP/hdudispfpwm.o
                0x080c11e4                PwmBackLightStepTo
 .text.PwmBackLightNewMode
                0x080c126c       0xac BSP/hdudispfpwm.o
                0x080c126c                PwmBackLightNewMode
 .text.PwmBlink
                0x080c1318       0x2c BSP/hdudispfpwm.o
                0x080c1318                PwmBlink
 .text.ErrorHandler
                0x080c1344        0x8 BSP/hdudispfstmadc.o
 .text.StmadcInit
                0x080c134c      0x130 BSP/hdudispfstmadc.o
                0x080c134c                StmadcInit
 .text.StmadcDriver
                0x080c147c       0x8c BSP/hdudispfstmadc.o
                0x080c147c                StmadcDriver
 .text.A825CommTask1
                0x080c1508       0xec Shared/hdudispfa825comm1.o
 .text.A825CommInit1
                0x080c15f4       0x1c Shared/hdudispfa825comm1.o
                0x080c15f4                A825CommInit1
 .text.A825CommTask2
                0x080c1610       0xd4 Shared/hdudispfa825comm2.o
 .text.A825CommInit2
                0x080c16e4       0x1c Shared/hdudispfa825comm2.o
                0x080c16e4                A825CommInit2
 .text.CANITConfig
                0x080c1700       0x3c Shared/hdudispfarinc825perph1.o
 .text.U8MailBoxAvail
                0x080c173c       0x48 Shared/hdudispfarinc825perph1.o
 .text.RxQueueRemove
                0x080c1784      0x214 Shared/hdudispfarinc825perph1.o
 .text.A8251GetMessage
                0x080c1998       0x50 Shared/hdudispfarinc825perph1.o
                0x080c1998                A8251GetMessage
 .text.RxQueueInsert
                0x080c19e8       0x6c Shared/hdudispfarinc825perph1.o
 .text.CAN1Rx0IrqHandler
                0x080c1a54       0x98 Shared/hdudispfarinc825perph1.o
                0x080c1a54                CAN1Rx0IrqHandler
 .text.TxQueueInsert
                0x080c1aec       0x8c Shared/hdudispfarinc825perph1.o
 .text.BuildBroadcastExtId
                0x080c1b78       0x78 Shared/hdudispfarinc825perph1.o
 .text.BuildPeerToPeerExtId
                0x080c1bf0       0x88 Shared/hdudispfarinc825perph1.o
 .text.A8251Xmit
                0x080c1c78       0xdc Shared/hdudispfarinc825perph1.o
                0x080c1c78                A8251Xmit
 .text.XmitFromBuff
                0x080c1d54       0x78 Shared/hdudispfarinc825perph1.o
 .text.CAN1TxIrqHandler
                0x080c1dcc       0x50 Shared/hdudispfarinc825perph1.o
                0x080c1dcc                CAN1TxIrqHandler
 .text.HalCanMspInit
                0x080c1e1c      0x16c Shared/hdudispfarinc825perph1.o
                0x080c1e1c                HalCanMspInit
 .text.CAN1Config
                0x080c1f88       0xd4 Shared/hdudispfarinc825perph1.o
 .text.CAN1DemoConfig
                0x080c205c       0xe4 Shared/hdudispfarinc825perph1.o
                0x080c205c                CAN1DemoConfig
 .text.A8251Init
                0x080c2140       0x1c Shared/hdudispfarinc825perph1.o
                0x080c2140                A8251Init
 .text.CanItConfig
                0x080c215c       0x3c Shared/hdudispfarinc825perph2.o
 .text.U8MailBoxAvail
                0x080c2198       0x48 Shared/hdudispfarinc825perph2.o
 .text.RxQueueRemove
                0x080c21e0      0x214 Shared/hdudispfarinc825perph2.o
 .text.A8252GetMessage
                0x080c23f4       0x50 Shared/hdudispfarinc825perph2.o
                0x080c23f4                A8252GetMessage
 .text.RxQueueInsert
                0x080c2444       0x6c Shared/hdudispfarinc825perph2.o
 .text.Can2Rx0IrqHandler
                0x080c24b0       0x98 Shared/hdudispfarinc825perph2.o
                0x080c24b0                Can2Rx0IrqHandler
 .text.TxQueueInsert
                0x080c2548       0x8c Shared/hdudispfarinc825perph2.o
 .text.BuildBroadcastExtId
                0x080c25d4       0x78 Shared/hdudispfarinc825perph2.o
 .text.BuildPeerToPeerExtId
                0x080c264c       0x88 Shared/hdudispfarinc825perph2.o
 .text.A8252Xmit
                0x080c26d4       0xdc Shared/hdudispfarinc825perph2.o
                0x080c26d4                A8252Xmit
 .text.XmitFromBuff
                0x080c27b0       0x78 Shared/hdudispfarinc825perph2.o
 .text.Can2TxIrqHandler
                0x080c2828       0x50 Shared/hdudispfarinc825perph2.o
                0x080c2828                Can2TxIrqHandler
 .text.Can2Config
                0x080c2878       0xd4 Shared/hdudispfarinc825perph2.o
 .text.A8252Init
                0x080c294c       0x1c Shared/hdudispfarinc825perph2.o
                0x080c294c                A8252Init
 .text.BSPLEDInit
                0x080c2968       0x64 Shared/hdudispfbspled.o
                0x080c2968                BSPLEDInit
 .text.BSPLEDToggle
                0x080c29cc       0x24 Shared/hdudispfbspled.o
                0x080c29cc                BSPLEDToggle
 .text.AppDraw  0x080c29f0       0x10 Shared/hdudispfforeground.o
                0x080c29f0                AppDraw
 .text.AppDraw2
                0x080c2a00       0x10 Shared/hdudispfforeground.o
                0x080c2a00                AppDraw2
 .text.AppDraw4
                0x080c2a10       0x10 Shared/hdudispfforeground.o
                0x080c2a10                AppDraw4
 .text.AppDraw5
                0x080c2a20       0x10 Shared/hdudispfforeground.o
                0x080c2a20                AppDraw5
 .text.ForegroundClear
                0x080c2a30      0x1fc Shared/hdudispfforeground.o
                0x080c2a30                ForegroundClear
 .text.VHadFlash
                0x080c2c2c       0x18 Shared/hdudispfforeground.o
                0x080c2c2c                VHadFlash
 .text.EGetFlashState
                0x080c2c44       0x18 Shared/hdudispfforeground.o
                0x080c2c44                EGetFlashState
 .text.ForegroundReDraw1
                0x080c2c5c      0x1d0 Shared/hdudispfforeground.o
                0x080c2c5c                ForegroundReDraw1
 .text.ForegroundReDraw2
                0x080c2e2c       0x58 Shared/hdudispfforeground.o
                0x080c2e2c                ForegroundReDraw2
 .text.CasRedxInit
                0x080c2e84      0x118 Shared/hdudispfforeground.o
                0x080c2e84                CasRedxInit
 .text.DisRedxInit
                0x080c2f9c       0xa0 Shared/hdudispfforeground.o
                0x080c2f9c                DisRedxInit
 .text.ForegroundReDraw3
                0x080c303c      0x428 Shared/hdudispfforeground.o
                0x080c303c                ForegroundReDraw3
 .text.ForegroundLoadBackground
                0x080c3464       0x20 Shared/hdudispfforeground.o
                0x080c3464                ForegroundLoadBackground
 .text.ForegroundInit
                0x080c3484       0x1c Shared/hdudispfforeground.o
                0x080c3484                ForegroundInit
 .text.ErrorHandler
                0x080c34a0        0x8 Shared/hdudispfpanel.o
 .text.DisplaySize
                0x080c34a8       0xf0 Shared/hdudispfpanel.o
                0x080c34a8                DisplaySize
 .text.LCDConfig
                0x080c3598      0x384 Shared/hdudispfpanel.o
                0x080c3598                LCDConfig
 .text.LCDBackgroundOff
                0x080c391c       0xd4 Shared/hdudispfpanel.o
                0x080c391c                LCDBackgroundOff
 .text.LCDBackgroundOn
                0x080c39f0       0xf0 Shared/hdudispfpanel.o
                0x080c39f0                LCDBackgroundOn
 .text.NVICSystemReset
                0x080c3ae0       0x28 app/hdudispfapp.o
 .text.AppTask  0x080c3b08      0x284 app/hdudispfapp.o
 .text.CheckMsgCtrlArea
                0x080c3d8c      0x1ac app/hdudispfapp.o
 .text.AppU32NOC
                0x080c3f38       0x2c app/hdudispfapp.o
                0x080c3f38                AppU32NOC
 .text.AppU32NSC
                0x080c3f64       0x2c app/hdudispfapp.o
                0x080c3f64                AppU32NSC
 .text.AppInit  0x080c3f90       0x5c app/hdudispfapp.o
                0x080c3f90                AppInit
 .text.A429DemoInit
                0x080c3fec      0x918 app/hdudispfdemo.o
                0x080c3fec                A429DemoInit
 .text.DoDemo   0x080c4904      0xa08 app/hdudispfdemo.o
 .text.DemoTask
                0x080c530c       0x80 app/hdudispfdemo.o
 .text.DemoSignalTask
                0x080c538c       0x34 app/hdudispfdemo.o
                0x080c538c                DemoSignalTask
 .text.DemoInit
                0x080c53c0       0x5c app/hdudispfdemo.o
                0x080c53c0                DemoInit
 .text.ScaleRead
                0x080c541c       0xe8 app/hdudispfgrapp.o
                0x080c541c                ScaleRead
 .text.CompareLimit
                0x080c5504      0x128 app/hdudispfgrapp.o
                0x080c5504                CompareLimit
 .text.ExmonCheck
                0x080c562c      0x1f4 app/hdudispfgrapp.o
                0x080c562c                ExmonCheck
 .text.CoolxBoxText
                0x080c5820      0x100 app/hdudispfgrapp.o
                0x080c5820                CoolxBoxText
 .text.RoundDialsInit
                0x080c5920       0x38 app/hdudispfgrapp.o
                0x080c5920                RoundDialsInit
 .text.CarrotGraphInit
                0x080c5958       0x38 app/hdudispfgrapp.o
                0x080c5958                CarrotGraphInit
 .text.BarGraphInit
                0x080c5990       0x34 app/hdudispfgrapp.o
                0x080c5990                BarGraphInit
 .text.NumberBoxInit
                0x080c59c4       0x34 app/hdudispfgrapp.o
                0x080c59c4                NumberBoxInit
 .text.TextInit
                0x080c59f8       0x68 app/hdudispfgrapp.o
                0x080c59f8                TextInit
 .text.TextBoxPdiInit
                0x080c5a60       0x34 app/hdudispfgrapp.o
                0x080c5a60                TextBoxPdiInit
 .text.GrappSwithcScreens
                0x080c5a94       0xe4 app/hdudispfgrapp.o
                0x080c5a94                GrappSwithcScreens
 .text.GrappInit
                0x080c5b78       0x60 app/hdudispfgrapp.o
                0x080c5b78                GrappInit
 .text.GrappApp
                0x080c5bd8      0x370 app/hdudispfgrapp.o
                0x080c5bd8                GrappApp
 .text.GrappSetPage
                0x080c5f48       0x40 app/hdudispfgrapp.o
                0x080c5f48                GrappSetPage
 .text.AppExDraw
                0x080c5f88      0x1c4 app/hdudispfgrapp.o
                0x080c5f88                AppExDraw
 .text.FlightTimer
                0x080c614c      0x114 app/hdudispfgrapp.o
                0x080c614c                FlightTimer
 .text.CoolDownTimer
                0x080c6260      0x188 app/hdudispfgrapp.o
                0x080c6260                CoolDownTimer
 .text.AppDraw1
                0x080c63e8      0x18c app/hdudispfgrapp.o
                0x080c63e8                AppDraw1
 .text.InitTask
                0x080c6574      0x16c app/hdudispfinit.o
 .text.InitSignalTask
                0x080c66e0       0x38 app/hdudispfinit.o
                0x080c66e0                InitSignalTask
 .text.InitInit
                0x080c6718       0x5c app/hdudispfinit.o
                0x080c6718                InitInit
 .text.SetFuelFlowData
                0x080c6774       0x30 app/hdudispfmdff.o
                0x080c6774                SetFuelFlowData
 .text.SetCMUFuelFlowEnable
                0x080c67a4       0x20 app/hdudispfmdff.o
                0x080c67a4                SetCMUFuelFlowEnable
 .text.AppFuelFlowDraw
                0x080c67c4      0x110 app/hdudispfmdff.o
                0x080c67c4                AppFuelFlowDraw
 .text.CoolTimerInit
                0x080c68d4       0x1c app/hdudispfmenu.o
                0x080c68d4                CoolTimerInit
 .text.CoolTimerReset
                0x080c68f0       0x1c app/hdudispfmenu.o
                0x080c68f0                CoolTimerReset
 .text.CoolTimerStart
                0x080c690c       0x1c app/hdudispfmenu.o
                0x080c690c                CoolTimerStart
 .text.ManualTimerInit
                0x080c6928       0x28 app/hdudispfmenu.o
                0x080c6928                ManualTimerInit
 .text.ManualTimerMaint
                0x080c6950       0x2c app/hdudispfmenu.o
 .text.ManualTimerReset
                0x080c697c       0x1c app/hdudispfmenu.o
 .text.OffsideManualTimerReset
                0x080c6998       0x1c app/hdudispfmenu.o
                0x080c6998                OffsideManualTimerReset
 .text.ManualTimerStart
                0x080c69b4       0x28 app/hdudispfmenu.o
 .text.OffsideManualTimerStart
                0x080c69dc       0x28 app/hdudispfmenu.o
                0x080c69dc                OffsideManualTimerStart
 .text.ManualTimerStop
                0x080c6a04       0x18 app/hdudispfmenu.o
 .text.OffsideManualTimerStop
                0x080c6a1c       0x28 app/hdudispfmenu.o
                0x080c6a1c                OffsideManualTimerStop
 .text.MenuOff  0x080c6a44       0x2c app/hdudispfmenu.o
 .text.MenuOn   0x080c6a70       0x2c app/hdudispfmenu.o
 .text.MenuPush
                0x080c6a9c       0x78 app/hdudispfmenu.o
 .text.MenuReset
                0x080c6b14       0x60 app/hdudispfmenu.o
                0x080c6b14                MenuReset
 .text.MenuPop  0x080c6b74       0x7c app/hdudispfmenu.o
 .text.MenuCheckTimeOut
                0x080c6bf0       0x44 app/hdudispfmenu.o
 .text.MenuSwitchPage
                0x080c6c34       0x78 app/hdudispfmenu.o
 .text.ScanOne  0x080c6cac       0x50 app/hdudispfmenu.o
 .text.MenuSelectText
                0x080c6cfc       0xfc app/hdudispfmenu.o
 .text.MenuSelectText10Inch
                0x080c6df8       0xe0 app/hdudispfmenu.o
 .text.EncoderCoolDownItemSelectText
                0x080c6ed8       0x7c app/hdudispfmenu.o
                0x080c6ed8                EncoderCoolDownItemSelectText
 .text.FloatToString
                0x080c6f54      0x154 app/hdudispfmenu.o
                0x080c6f54                FloatToString
 .text.FuelFlowOnOffButtonText
                0x080c70a8       0x74 app/hdudispfmenu.o
                0x080c70a8                FuelFlowOnOffButtonText
 .text.SysInfoBoxText
                0x080c711c      0x154 app/hdudispfmenu.o
                0x080c711c                SysInfoBoxText
 .text.EncoderMenuItemSelectText
                0x080c7270      0x170 app/hdudispfmenu.o
                0x080c7270                EncoderMenuItemSelectText
 .text.MenuItemSelectText10Inch
                0x080c73e0       0x88 app/hdudispfmenu.o
                0x080c73e0                MenuItemSelectText10Inch
 .text.CalibrationSelectText10Inch
                0x080c7468       0x8c app/hdudispfmenu.o
                0x080c7468                CalibrationSelectText10Inch
 .text.EngCalibrationSelectTxt10Inch
                0x080c74f4       0x64 app/hdudispfmenu.o
                0x080c74f4                EngCalibrationSelectTxt10Inch
 .text.ParamCalibriSlctTxt10Inch
                0x080c7558       0x50 app/hdudispfmenu.o
                0x080c7558                ParamCalibriSlctTxt10Inch
 .text.OffsetInttoIntArray
                0x080c75a8       0xcc app/hdudispfmenu.o
                0x080c75a8                OffsetInttoIntArray
 .text.GainInttoIntArray
                0x080c7674       0xcc app/hdudispfmenu.o
                0x080c7674                GainInttoIntArray
 .text.OffsetValueText
                0x080c7740      0x214 app/hdudispfmenu.o
                0x080c7740                OffsetValueText
 .text.GainValueText
                0x080c7954      0x22c app/hdudispfmenu.o
                0x080c7954                GainValueText
 .text.EncoderPageItemSelectText
                0x080c7b80      0x174 app/hdudispfmenu.o
                0x080c7b80                EncoderPageItemSelectText
 .text.ButtonPageItemSelectText
                0x080c7cf4      0x16c app/hdudispfmenu.o
                0x080c7cf4                ButtonPageItemSelectText
 .text.MessageBoxText
                0x080c7e60      0x10c app/hdudispfmenu.o
                0x080c7e60                MessageBoxText
 .text.ExitButtonText
                0x080c7f6c       0x5c app/hdudispfmenu.o
                0x080c7f6c                ExitButtonText
 .text.BackButtonText
                0x080c7fc8       0x44 app/hdudispfmenu.o
                0x080c7fc8                BackButtonText
 .text.ScrollButtonText
                0x080c800c       0x14 app/hdudispfmenu.o
                0x080c800c                ScrollButtonText
 .text.CoolDownOnOffButtonText
                0x080c8020       0x64 app/hdudispfmenu.o
                0x080c8020                CoolDownOnOffButtonText
 .text.ManTimerOnOffText
                0x080c8084       0x60 app/hdudispfmenu.o
                0x080c8084                ManTimerOnOffText
 .text.ManualTimerResetButtonText
                0x080c80e4       0x2c app/hdudispfmenu.o
                0x080c80e4                ManualTimerResetButtonText
 .text.DummyButtonText
                0x080c8110       0x14 app/hdudispfmenu.o
                0x080c8110                DummyButtonText
 .text.SetButtonText
                0x080c8124       0x14 app/hdudispfmenu.o
                0x080c8124                SetButtonText
 .text.TopButton1Text
                0x080c8138       0x7c app/hdudispfmenu.o
                0x080c8138                TopButton1Text
 .text.TopButton2Text10Inch
                0x080c81b4       0x14 app/hdudispfmenu.o
                0x080c81b4                TopButton2Text10Inch
 .text.TopButton3Text10Inch
                0x080c81c8       0x14 app/hdudispfmenu.o
                0x080c81c8                TopButton3Text10Inch
 .text.TopButton4Text
                0x080c81dc       0x2c app/hdudispfmenu.o
                0x080c81dc                TopButton4Text
 .text.TopButton4Text10Inch
                0x080c8208       0x2c app/hdudispfmenu.o
                0x080c8208                TopButton4Text10Inch
 .text.TopButton5Text
                0x080c8234       0x58 app/hdudispfmenu.o
                0x080c8234                TopButton5Text
 .text.TopButton6Text
                0x080c828c       0x9c app/hdudispfmenu.o
                0x080c828c                TopButton6Text
 .text.TopButton7Text
                0x080c8328       0x28 app/hdudispfmenu.o
                0x080c8328                TopButton7Text
 .text.PageButtonText
                0x080c8350       0x88 app/hdudispfmenu.o
                0x080c8350                PageButtonText
 .text.TopButton6Text10Inch
                0x080c83d8       0x14 app/hdudispfmenu.o
                0x080c83d8                TopButton6Text10Inch
 .text.TopButton7Text10Inch
                0x080c83ec       0x14 app/hdudispfmenu.o
                0x080c83ec                TopButton7Text10Inch
 .text.TopButton13Text
                0x080c8400      0x244 app/hdudispfmenu.o
                0x080c8400                TopButton13Text
 .text.TopButton8Text10Inch
                0x080c8644      0x26c app/hdudispfmenu.o
                0x080c8644                TopButton8Text10Inch
 .text.NextBoxText
                0x080c88b0       0x14 app/hdudispfmenu.o
                0x080c88b0                NextBoxText
 .text.MenuInit
                0x080c88c4       0x48 app/hdudispfmenu.o
                0x080c88c4                MenuInit
 .text.PageMenu
                0x080c890c      0x13c app/hdudispfmenu.o
                0x080c890c                PageMenu
 .text.MenuInitialize7inch
                0x080c8a48      0x7b0 app/hdudispfmenu2.o
                0x080c8a48                MenuInitialize7inch
 .text.MenuInitialize10inch
                0x080c91f8      0xb6c app/hdudispfmenu2.o
                0x080c91f8                MenuInitialize10inch
 .text.MenuInitialize
                0x080c9d64      0x134 app/hdudispfmenu2.o
                0x080c9d64                MenuInitialize
 .text.CheckFont
                0x080c9e98       0x70 app/hdudispfpdicheck.o
 .text.CheckDecimalFormat
                0x080c9f08       0x74 app/hdudispfpdicheck.o
                0x080c9f08                CheckDecimalFormat
 .text.CalStringParam
                0x080c9f7c      0x110 app/hdudispfpdicheck.o
                0x080c9f7c                CalStringParam
 .text.CheckMinMax
                0x080ca08c       0x30 app/hdudispfpdicheck.o
 .text.CheckFloatMinMax
                0x080ca0bc       0x48 app/hdudispfpdicheck.o
 .text.CheckAxisMinMax
                0x080ca104       0x54 app/hdudispfpdicheck.o
 .text.CheckAxisMinMax2
                0x080ca158       0x54 app/hdudispfpdicheck.o
 .text.FindTotalDigits
                0x080ca1ac       0x9c app/hdudispfpdicheck.o
                0x080ca1ac                FindTotalDigits
 .text.CheckDuResolution
                0x080ca248       0x94 app/hdudispfpdicheck.o
 .text.CheckString
                0x080ca2dc       0x50 app/hdudispfpdicheck.o
 .text.BuildErrorMsg
                0x080ca32c       0xc8 app/hdudispfpdicheck.o
 .text.OctToStringTrim
                0x080ca3f4       0x94 app/hdudispfpdicheck.o
                0x080ca3f4                OctToStringTrim
 .text.IntToStringTrim
                0x080ca488       0x78 app/hdudispfpdicheck.o
                0x080ca488                IntToStringTrim
 .text.OnlyOneBitSetToOne
                0x080ca500       0x2c app/hdudispfpdicheck.o
 .text.FindColorRange
                0x080ca52c      0x15c app/hdudispfpdicheck.o
                0x080ca52c                FindColorRange
 .text.CheckColor
                0x080ca688      0x100 app/hdudispfpdicheck.o
 .text.CheckVerPos
                0x080ca788      0x188 app/hdudispfpdicheck.o
 .text.CheckCasType
                0x080ca910       0x4c app/hdudispfpdicheck.o
 .text.CheckConfig
                0x080ca95c      0x218 app/hdudispfpdicheck.o
 .text.CheckCASParameters
                0x080cab74      0x2dc app/hdudispfpdicheck.o
 .text.CheckA429Parameters
                0x080cae50      0x58c app/hdudispfpdicheck.o
 .text.CheckElogTrig
                0x080cb3dc      0x384 app/hdudispfpdicheck.o
 .text.CheckElogParam
                0x080cb760      0x244 app/hdudispfpdicheck.o
 .text.CheckAcdtParams
                0x080cb9a4      0x2c0 app/hdudispfpdicheck.o
 .text.CheckPageSettings
                0x080cbc64      0x56c app/hdudispfpdicheck.o
 .text.CheckBarGraph
                0x080cc1d0     0x18a0 app/hdudispfpdicheck.o
 .text.CheckRoundDial
                0x080cda70     0x1a50 app/hdudispfpdicheck.o
 .text.CheckNumberBox
                0x080cf4c0     0x1240 app/hdudispfpdicheck.o
 .text.CheckCarrotGraph
                0x080d0700     0x195c app/hdudispfpdicheck.o
 .text.CheckTextBox
                0x080d205c     0x1130 app/hdudispfpdicheck.o
 .text.CheckText
                0x080d318c     0x112c app/hdudispfpdicheck.o
 .text.CheckPoly
                0x080d42b8      0x32c app/hdudispfpdicheck.o
 .text.CheckForegroundParameters
                0x080d45e4       0x20 app/hdudispfpdicheck.o
 .text.CheckCasLocationSett
                0x080d4604      0x744 app/hdudispfpdicheck.o
 .text.CheckExceedParam
                0x080d4d48      0x468 app/hdudispfpdicheck.o
 .text.CheckExceedTimerSettings
                0x080d51b0      0x45c app/hdudispfpdicheck.o
 .text.PdiDataCheck
                0x080d560c      0x258 app/hdudispfpdicheck.o
                0x080d560c                PdiDataCheck
 .text.FindColor
                0x080d5864      0x118 app/hdudispfpdidata.o
                0x080d5864                FindColor
 .text.TextAlign
                0x080d597c       0x60 app/hdudispfpdidata.o
                0x080d597c                TextAlign
 .text.TextFlash
                0x080d59dc       0x3c app/hdudispfpdidata.o
                0x080d59dc                TextFlash
 .text.TextState
                0x080d5a18       0x3c app/hdudispfpdidata.o
                0x080d5a18                TextState
 .text.FindFormat
                0x080d5a54      0x168 app/hdudispfpdidata.o
                0x080d5a54                FindFormat
 .text.CalculatePower
                0x080d5bbc       0x94 app/hdudispfpdidata.o
                0x080d5bbc                CalculatePower
 .text.IeeeToFloat
                0x080d5c50       0xa0 app/hdudispfpdidata.o
                0x080d5c50                IeeeToFloat
 .text.FindCasType
                0x080d5cf0       0x48 app/hdudispfpdidata.o
                0x080d5cf0                FindCasType
 .text.FindParamType
                0x080d5d38       0x58 app/hdudispfpdidata.o
                0x080d5d38                FindParamType
 .text.NumberOfPages
                0x080d5d90       0xdc app/hdudispfpdidata.o
                0x080d5d90                NumberOfPages
 .text.ConfigExtract
                0x080d5e6c      0x198 app/hdudispfpdidata.o
                0x080d5e6c                ConfigExtract
 .text.GlobalExtract
                0x080d6004      0x550 app/hdudispfpdidata.o
                0x080d6004                GlobalExtract
 .text.PageExtract
                0x080d6554      0x234 app/hdudispfpdidata.o
                0x080d6554                PageExtract
 .text.ForegroundExtract
                0x080d6788     0x92d0 app/hdudispfpdidata.o
                0x080d6788                ForegroundExtract
 .text.CasExtract
                0x080dfa58      0x3a0 app/hdudispfpdidata.o
                0x080dfa58                CasExtract
 .text.CasLocationSett
                0x080dfdf8      0x444 app/hdudispfpdidata.o
                0x080dfdf8                CasLocationSett
 .text.AcdtExtract
                0x080e023c      0x22c app/hdudispfpdidata.o
                0x080e023c                AcdtExtract
 .text.ExceedExtract
                0x080e0468      0x244 app/hdudispfpdidata.o
                0x080e0468                ExceedExtract
 .text.A429Extract
                0x080e06ac      0x3b4 app/hdudispfpdidata.o
                0x080e06ac                A429Extract
 .text.ElogTrigExtract
                0x080e0a60      0x294 app/hdudispfpdidata.o
                0x080e0a60                ElogTrigExtract
 .text.ElogParamExtract
                0x080e0cf4      0x210 app/hdudispfpdidata.o
                0x080e0cf4                ElogParamExtract
 .text.PdiPageDataInit
                0x080e0f04       0x74 app/hdudispfpdidata.o
                0x080e0f04                PdiPageDataInit
 .text.PdiDataInit
                0x080e0f78       0x2c app/hdudispfpdidata.o
                0x080e0f78                PdiDataInit
 .text.PollerTask
                0x080e0fa4       0x48 app/hdudispfpoller.o
 .text.PollerSignalTask
                0x080e0fec       0x34 app/hdudispfpoller.o
                0x080e0fec                PollerSignalTask
 .text.PollerInit
                0x080e1020       0x5c app/hdudispfpoller.o
                0x080e1020                PollerInit
 .text.HalSystickCallback
                0x080e107c       0x8c app/hdudispftbase.o
                0x080e107c                HalSystickCallback
 .text.WdogInit
                0x080e1108       0x40 app/hdudispfwdog.o
                0x080e1108                WdogInit
 .text.WdogKickWatchDog
                0x080e1148       0x14 app/hdudispfwdog.o
                0x080e1148                WdogKickWatchDog
 .text.StackTest
                0x080e115c       0x88 src/hdudispfcbit.o
 .text.CbitTask
                0x080e11e4       0x94 src/hdudispfcbit.o
 .text.CbitSignalTask
                0x080e1278       0x38 src/hdudispfcbit.o
                0x080e1278                CbitSignalTask
 .text.CbitInit
                0x080e12b0       0x88 src/hdudispfcbit.o
                0x080e12b0                CbitInit
 .text.ScbEnableICache
                0x080e1338       0x38 src/hdudispfmain.o
 .text.ScbEnableDCache
                0x080e1370       0x8c src/hdudispfmain.o
 .text.SystemClockConfig
                0x080e13fc       0xb8 src/hdudispfmain.o
 .text.CpuCacheEnable
                0x080e14b4       0x10 src/hdudispfmain.o
 .text.MpuCacheEnable
                0x080e14c4       0x5c src/hdudispfmain.o
 .text.DisplayMain
                0x080e1520       0xa4 src/hdudispfmain.o
                0x080e1520                DisplayMain
 .text.SysTickHandler
                0x080e15c4       0x10 src/hdudispfmain.o
                0x080e15c4                SysTickHandler
 .text.RamTest  0x080e15d4       0x98 src/hdudispfpbit.o
                0x080e15d4                RamTest
 .text.ProcessorTest
                0x080e166c       0x3c src/hdudispfpbit.o
                0x080e166c                ProcessorTest
 .text.SDRamTest
                0x080e16a8       0x98 src/hdudispfpbit.o
                0x080e16a8                SDRamTest
 .text.PdiIntegrityCheck
                0x080e1740       0x80 src/hdudispfpbit.o
                0x080e1740                PdiIntegrityCheck
 .text.PbitCheck
                0x080e17c0       0x18 src/hdudispfpbit.o
                0x080e17c0                PbitCheck
 .text.CrcPages
                0x080e17d8       0x8c src/hdudispfpbit.o
                0x080e17d8                CrcPages
 .text.ResetHandler
                0x080e1864       0x5c startup/hdudispfstartupstm32f746xx.o
                0x080e1864                ResetHandler
 .text.DefaultHandler
                0x080e18c0        0x2 startup/hdudispfstartupstm32f746xx.o
                0x080e18c0                RTC_Alarm_IRQHandler
                0x080e18c0                EXTI2_IRQHandler
                0x080e18c0                TIM8_CC_IRQHandler
                0x080e18c0                UART8_IRQHandler
                0x080e18c0                SPI4_IRQHandler
                0x080e18c0                TIM1_CC_IRQHandler
                0x080e18c0                DMA2_Stream5_IRQHandler
                0x080e18c0                DMA1_Stream5_IRQHandler
                0x080e18c0                PVD_IRQHandler
                0x080e18c0                TAMP_STAMP_IRQHandler
                0x080e18c0                CAN2_RX1_IRQHandler
                0x080e18c0                EXTI3_IRQHandler
                0x080e18c0                TIM8_TRG_COM_TIM14_IRQHandler
                0x080e18c0                TIM1_UP_TIM10_IRQHandler
                0x080e18c0                TIM8_UP_TIM13_IRQHandler
                0x080e18c0                I2C3_ER_IRQHandler
                0x080e18c0                EXTI0_IRQHandler
                0x080e18c0                I2C2_EV_IRQHandler
                0x080e18c0                DMA1_Stream2_IRQHandler
                0x080e18c0                FPU_IRQHandler
                0x080e18c0                OTG_HS_WKUP_IRQHandler
                0x080e18c0                LTDC_ER_IRQHandler
                0x080e18c0                CAN2_SCE_IRQHandler
                0x080e18c0                DMA2_Stream2_IRQHandler
                0x080e18c0                SPI1_IRQHandler
                0x080e18c0                TIM6_DAC_IRQHandler
                0x080e18c0                TIM1_BRK_TIM9_IRQHandler
                0x080e18c0                DCMI_IRQHandler
                0x080e18c0                DMA2_Stream3_IRQHandler
                0x080e18c0                SAI2_IRQHandler
                0x080e18c0                DefaultHandler
                0x080e18c0                USART6_IRQHandler
                0x080e18c0                USART3_IRQHandler
                0x080e18c0                CAN1_RX1_IRQHandler
                0x080e18c0                UART5_IRQHandler
                0x080e18c0                TIM4_IRQHandler
                0x080e18c0                QUADSPI_IRQHandler
                0x080e18c0                I2C1_EV_IRQHandler
                0x080e18c0                DMA1_Stream6_IRQHandler
                0x080e18c0                DMA1_Stream1_IRQHandler
                0x080e18c0                UART4_IRQHandler
                0x080e18c0                TIM3_IRQHandler
                0x080e18c0                RCC_IRQHandler
                0x080e18c0                TIM8_BRK_TIM12_IRQHandler
                0x080e18c0                CEC_IRQHandler
                0x080e18c0                EXTI15_10_IRQHandler
                0x080e18c0                ADC_IRQHandler
                0x080e18c0                DMA1_Stream7_IRQHandler
                0x080e18c0                SPI5_IRQHandler
                0x080e18c0                TIM7_IRQHandler
                0x080e18c0                SDMMC1_IRQHandler
                0x080e18c0                TIM5_IRQHandler
                0x080e18c0                DMA2_Stream7_IRQHandler
                0x080e18c0                I2C3_EV_IRQHandler
                0x080e18c0                EXTI9_5_IRQHandler
                0x080e18c0                RTC_WKUP_IRQHandler
                0x080e18c0                ETH_WKUP_IRQHandler
                0x080e18c0                SPDIF_RX_IRQHandler
                0x080e18c0                SPI2_IRQHandler
                0x080e18c0                OTG_HS_EP1_IN_IRQHandler
                0x080e18c0                DMA1_Stream0_IRQHandler
                0x080e18c0                EXTI4_IRQHandler
                0x080e18c0                RNG_IRQHandler
                0x080e18c0                ETH_IRQHandler
                0x080e18c0                OTG_HS_EP1_OUT_IRQHandler
                0x080e18c0                WWDG_IRQHandler
                0x080e18c0                SPI6_IRQHandler
                0x080e18c0                I2C4_EV_IRQHandler
                0x080e18c0                TIM2_IRQHandler
                0x080e18c0                OTG_FS_WKUP_IRQHandler
                0x080e18c0                TIM1_TRG_COM_TIM11_IRQHandler
                0x080e18c0                OTG_HS_IRQHandler
                0x080e18c0                EXTI1_IRQHandler
                0x080e18c0                UART7_IRQHandler
                0x080e18c0                USART2_IRQHandler
                0x080e18c0                I2C2_ER_IRQHandler
                0x080e18c0                DMA2_Stream1_IRQHandler
                0x080e18c0                CAN1_SCE_IRQHandler
                0x080e18c0                FLASH_IRQHandler
                0x080e18c0                DMA2_Stream4_IRQHandler
                0x080e18c0                USART1_IRQHandler
                0x080e18c0                OTG_FS_IRQHandler
                0x080e18c0                SPI3_IRQHandler
                0x080e18c0                DMA1_Stream4_IRQHandler
                0x080e18c0                I2C1_ER_IRQHandler
                0x080e18c0                FMC_IRQHandler
                0x080e18c0                LPTIM1_IRQHandler
                0x080e18c0                I2C4_ER_IRQHandler
                0x080e18c0                DMA2_Stream6_IRQHandler
                0x080e18c0                SAI1_IRQHandler
                0x080e18c0                DMA1_Stream3_IRQHandler
 *fill*         0x080e18c2        0x2 
 .text.OsTaskCreate
                0x080e18c4       0xe0 D:\Work\Howell\MD\S17HOWDSPSW\ACCORD\Trunk\SourceCode\DisplayBoard\UCOS\Release\libUCOS.a(hdudispfoscpu.o)
                0x080e18c4                OsTaskCreate
 .text.OsInit   0x080e19a4      0x17c D:\Work\Howell\MD\S17HOWDSPSW\ACCORD\Trunk\SourceCode\DisplayBoard\UCOS\Release\libUCOS.a(hdudispfucos.o)
                0x080e19a4                OsInit
 .text.OsTaskIdle
                0x080e1b20       0x30 D:\Work\Howell\MD\S17HOWDSPSW\ACCORD\Trunk\SourceCode\DisplayBoard\UCOS\Release\libUCOS.a(hdudispfucos.o)
 .text.OsStart  0x080e1b50       0x7c D:\Work\Howell\MD\S17HOWDSPSW\ACCORD\Trunk\SourceCode\DisplayBoard\UCOS\Release\libUCOS.a(hdudispfucos.o)
                0x080e1b50                OsStart
 .text.OsSched  0x080e1bcc       0xa4 D:\Work\Howell\MD\S17HOWDSPSW\ACCORD\Trunk\SourceCode\DisplayBoard\UCOS\Release\libUCOS.a(hdudispfucos.o)
                0x080e1bcc                OsSched
 .text.OsTcbInit
                0x080e1c70      0x12c D:\Work\Howell\MD\S17HOWDSPSW\ACCORD\Trunk\SourceCode\DisplayBoard\UCOS\Release\libUCOS.a(hdudispfucos.o)
                0x080e1c70                OsTcbInit
 .text.OsIntEnter
                0x080e1d9c       0x30 D:\Work\Howell\MD\S17HOWDSPSW\ACCORD\Trunk\SourceCode\DisplayBoard\UCOS\Release\libUCOS.a(hdudispfucos.o)
                0x080e1d9c                OsIntEnter
 .text.OsIntExit
                0x080e1dcc       0xb0 D:\Work\Howell\MD\S17HOWDSPSW\ACCORD\Trunk\SourceCode\DisplayBoard\UCOS\Release\libUCOS.a(hdudispfucos.o)
                0x080e1dcc                OsIntExit
 .text.OsTimeDly
                0x080e1e7c       0x98 D:\Work\Howell\MD\S17HOWDSPSW\ACCORD\Trunk\SourceCode\DisplayBoard\UCOS\Release\libUCOS.a(hdudispfucos.o)
                0x080e1e7c                OsTimeDly
 .text.OsTimeTick
                0x080e1f14       0xcc D:\Work\Howell\MD\S17HOWDSPSW\ACCORD\Trunk\SourceCode\DisplayBoard\UCOS\Release\libUCOS.a(hdudispfucos.o)
                0x080e1f14                OsTimeTick
 .text.OsSemCreate
                0x080e1fe0       0x94 D:\Work\Howell\MD\S17HOWDSPSW\ACCORD\Trunk\SourceCode\DisplayBoard\UCOS\Release\libUCOS.a(hdudispfucos.o)
                0x080e1fe0                OsSemCreate
 .text.OsSemAccept
                0x080e2074       0x48 D:\Work\Howell\MD\S17HOWDSPSW\ACCORD\Trunk\SourceCode\DisplayBoard\UCOS\Release\libUCOS.a(hdudispfucos.o)
                0x080e2074                OsSemAccept
 .text.OsSemPend
                0x080e20bc      0x19c D:\Work\Howell\MD\S17HOWDSPSW\ACCORD\Trunk\SourceCode\DisplayBoard\UCOS\Release\libUCOS.a(hdudispfucos.o)
                0x080e20bc                OsSemPend
 .text.OsSemPost
                0x080e2258      0x150 D:\Work\Howell\MD\S17HOWDSPSW\ACCORD\Trunk\SourceCode\DisplayBoard\UCOS\Release\libUCOS.a(hdudispfucos.o)
                0x080e2258                OsSemPost
 .text.Process429Words
                0x080e23a8     0x1084 D:\Work\Howell\MD\S17HOWDSPSW\ACCORD\Trunk\SourceCode\DisplayBoard\COMMON\Release\libCOMMON.a(hdudispfa429.o)
 .text.A429Init
                0x080e342c      0xa4c D:\Work\Howell\MD\S17HOWDSPSW\ACCORD\Trunk\SourceCode\DisplayBoard\COMMON\Release\libCOMMON.a(hdudispfa429.o)
                0x080e342c                A429Init
 .text.ProcessF4PbitErr
                0x080e3e78       0xf4 D:\Work\Howell\MD\S17HOWDSPSW\ACCORD\Trunk\SourceCode\DisplayBoard\COMMON\Release\libCOMMON.a(hdudispfa429.o)
                0x080e3e78                ProcessF4PbitErr
 .text.ProcessF4CbitErr
                0x080e3f6c       0x38 D:\Work\Howell\MD\S17HOWDSPSW\ACCORD\Trunk\SourceCode\DisplayBoard\COMMON\Release\libCOMMON.a(hdudispfa429.o)
                0x080e3f6c                ProcessF4CbitErr
 .text.A429ProcessA825
                0x080e3fa4      0x2ac D:\Work\Howell\MD\S17HOWDSPSW\ACCORD\Trunk\SourceCode\DisplayBoard\COMMON\Release\libCOMMON.a(hdudispfa429.o)
                0x080e3fa4                A429ProcessA825
 .text.BinAsciiCRC
                0x080e4250      0x1a8 D:\Work\Howell\MD\S17HOWDSPSW\ACCORD\Trunk\SourceCode\DisplayBoard\COMMON\Release\libCOMMON.a(hdudispfa429.o)
                0x080e4250                BinAsciiCRC
 .text.MemCpy   0x080e43f8       0x44 D:\Work\Howell\MD\S17HOWDSPSW\ACCORD\Trunk\SourceCode\DisplayBoard\COMMON\Release\libCOMMON.a(hdudispfa429.o)
                0x080e43f8                MemCpy
 .text.MemSet   0x080e443c       0x38 D:\Work\Howell\MD\S17HOWDSPSW\ACCORD\Trunk\SourceCode\DisplayBoard\COMMON\Release\libCOMMON.a(hdudispfa429.o)
                0x080e443c                MemSet
 .text.ProcessSWPartNum
                0x080e4474      0x1d0 D:\Work\Howell\MD\S17HOWDSPSW\ACCORD\Trunk\SourceCode\DisplayBoard\COMMON\Release\libCOMMON.a(hdudispfa429.o)
                0x080e4474                ProcessSWPartNum
 .text.SetSysInfoWords
                0x080e4644       0xa4 D:\Work\Howell\MD\S17HOWDSPSW\ACCORD\Trunk\SourceCode\DisplayBoard\COMMON\Release\libCOMMON.a(hdudispfa429.o)
                0x080e4644                SetSysInfoWords
 .text.SetSysAirFrameWords
                0x080e46e8       0x9c D:\Work\Howell\MD\S17HOWDSPSW\ACCORD\Trunk\SourceCode\DisplayBoard\COMMON\Release\libCOMMON.a(hdudispfa429.o)
                0x080e46e8                SetSysAirFrameWords
 .text.ProcessSysInfoWords
                0x080e4784      0x9b8 D:\Work\Howell\MD\S17HOWDSPSW\ACCORD\Trunk\SourceCode\DisplayBoard\COMMON\Release\libCOMMON.a(hdudispfa429.o)
                0x080e4784                ProcessSysInfoWords
 .text.ProcessAirframeInfoWords
                0x080e513c      0x3b4 D:\Work\Howell\MD\S17HOWDSPSW\ACCORD\Trunk\SourceCode\DisplayBoard\COMMON\Release\libCOMMON.a(hdudispfa429.o)
                0x080e513c                ProcessAirframeInfoWords
 .text.StringCompare
                0x080e54f0       0x70 D:\Work\Howell\MD\S17HOWDSPSW\ACCORD\Trunk\SourceCode\DisplayBoard\COMMON\Release\libCOMMON.a(hdudispfa429.o)
                0x080e54f0                StringCompare
 .text.CalibrationLabels
                0x080e5560       0xa8 D:\Work\Howell\MD\S17HOWDSPSW\ACCORD\Trunk\SourceCode\DisplayBoard\COMMON\Release\libCOMMON.a(hdudispfa429.o)
                0x080e5560                CalibrationLabels
 .text.BspNorInit
                0x080e5608       0xc8 D:\Work\Howell\MD\S17HOWDSPSW\ACCORD\Trunk\SourceCode\DisplayBoard\COMMON\Release\libCOMMON.a(hdudispfbspnor.o)
                0x080e5608                BspNorInit
 .text.BspNorMspInit
                0x080e56d0      0x12c D:\Work\Howell\MD\S17HOWDSPSW\ACCORD\Trunk\SourceCode\DisplayBoard\COMMON\Release\libCOMMON.a(hdudispfbspnor.o)
                0x080e56d0                BspNorMspInit
 .text.CasSetCasWord
                0x080e57fc       0x30 D:\Work\Howell\MD\S17HOWDSPSW\ACCORD\Trunk\SourceCode\DisplayBoard\COMMON\Release\libCOMMON.a(hdudispfcas.o)
                0x080e57fc                CasSetCasWord
 .text.CasInit  0x080e582c       0x40 D:\Work\Howell\MD\S17HOWDSPSW\ACCORD\Trunk\SourceCode\DisplayBoard\COMMON\Release\libCOMMON.a(hdudispfcas.o)
                0x080e582c                CasInit
 .text.FormulateNewCas
                0x080e586c       0x84 D:\Work\Howell\MD\S17HOWDSPSW\ACCORD\Trunk\SourceCode\DisplayBoard\COMMON\Release\libCOMMON.a(hdudispfcas.o)
 .text.ResetNewTimers
                0x080e58f0       0x78 D:\Work\Howell\MD\S17HOWDSPSW\ACCORD\Trunk\SourceCode\DisplayBoard\COMMON\Release\libCOMMON.a(hdudispfcas.o)
 .text.SetCasStatus
                0x080e5968       0x98 D:\Work\Howell\MD\S17HOWDSPSW\ACCORD\Trunk\SourceCode\DisplayBoard\COMMON\Release\libCOMMON.a(hdudispfcas.o)
                0x080e5968                SetCasStatus
 .text.CasUpdate
                0x080e5a00       0xd0 D:\Work\Howell\MD\S17HOWDSPSW\ACCORD\Trunk\SourceCode\DisplayBoard\COMMON\Release\libCOMMON.a(hdudispfcas.o)
                0x080e5a00                CasUpdate
 .text.CasSort  0x080e5ad0      0x55c D:\Work\Howell\MD\S17HOWDSPSW\ACCORD\Trunk\SourceCode\DisplayBoard\COMMON\Release\libCOMMON.a(hdudispfcas.o)
                0x080e5ad0                CasSort
 .text.CasDisplay
                0x080e602c      0x674 D:\Work\Howell\MD\S17HOWDSPSW\ACCORD\Trunk\SourceCode\DisplayBoard\COMMON\Release\libCOMMON.a(hdudispfcas.o)
                0x080e602c                CasDisplay
 .text.CrcInit  0x080e66a0       0x3c D:\Work\Howell\MD\S17HOWDSPSW\ACCORD\Trunk\SourceCode\DisplayBoard\COMMON\Release\libCOMMON.a(hdudispfcrc.o)
 .text.CrcCalculate
                0x080e66dc       0x2c D:\Work\Howell\MD\S17HOWDSPSW\ACCORD\Trunk\SourceCode\DisplayBoard\COMMON\Release\libCOMMON.a(hdudispfcrc.o)
                0x080e66dc                CrcCalculate
 .text.DmaConfig
                0x080e6708       0xc8 D:\Work\Howell\MD\S17HOWDSPSW\ACCORD\Trunk\SourceCode\DisplayBoard\COMMON\Release\libCOMMON.a(hdudispfdma2.o)
 .text.TransferComplete
                0x080e67d0       0x94 D:\Work\Howell\MD\S17HOWDSPSW\ACCORD\Trunk\SourceCode\DisplayBoard\COMMON\Release\libCOMMON.a(hdudispfdma2.o)
 .text.TransferError
                0x080e6864       0x18 D:\Work\Howell\MD\S17HOWDSPSW\ACCORD\Trunk\SourceCode\DisplayBoard\COMMON\Release\libCOMMON.a(hdudispfdma2.o)
 .text.ErrorHandler
                0x080e687c       0x10 D:\Work\Howell\MD\S17HOWDSPSW\ACCORD\Trunk\SourceCode\DisplayBoard\COMMON\Release\libCOMMON.a(hdudispfdma2.o)
 .text.Dma2ClearForeground
                0x080e688c       0x34 D:\Work\Howell\MD\S17HOWDSPSW\ACCORD\Trunk\SourceCode\DisplayBoard\COMMON\Release\libCOMMON.a(hdudispfdma2.o)
                0x080e688c                Dma2ClearForeground
 .text.Dma2Init
                0x080e68c0        0xc D:\Work\Howell\MD\S17HOWDSPSW\ACCORD\Trunk\SourceCode\DisplayBoard\COMMON\Release\libCOMMON.a(hdudispfdma2.o)
                0x080e68c0                Dma2Init
 .text.HalDma2dConfigLayer
                0x080e68cc      0x194 D:\Work\Howell\MD\S17HOWDSPSW\ACCORD\Trunk\SourceCode\DisplayBoard\COMMON\Release\libCOMMON.a(hdudispfdma2d.o)
                0x080e68cc                HalDma2dConfigLayer
 .text.Dma2dSetConfig
                0x080e6a60      0x1a0 D:\Work\Howell\MD\S17HOWDSPSW\ACCORD\Trunk\SourceCode\DisplayBoard\COMMON\Release\libCOMMON.a(hdudispfdma2d.o)
 .text.HalDma2dBlendingStartIt
                0x080e6c00       0x4c D:\Work\Howell\MD\S17HOWDSPSW\ACCORD\Trunk\SourceCode\DisplayBoard\COMMON\Release\libCOMMON.a(hdudispfdma2d.o)
                0x080e6c00                HalDma2dBlendingStartIt
 .text.HalDma2dStartIt
                0x080e6c4c       0x44 D:\Work\Howell\MD\S17HOWDSPSW\ACCORD\Trunk\SourceCode\DisplayBoard\COMMON\Release\libCOMMON.a(hdudispfdma2d.o)
                0x080e6c4c                HalDma2dStartIt
 .text.HalDma2dInit
                0x080e6c90       0x54 D:\Work\Howell\MD\S17HOWDSPSW\ACCORD\Trunk\SourceCode\DisplayBoard\COMMON\Release\libCOMMON.a(hdudispfdma2d.o)
                0x080e6c90                HalDma2dInit
 .text.Dma2dWait
                0x080e6ce4       0x44 D:\Work\Howell\MD\S17HOWDSPSW\ACCORD\Trunk\SourceCode\DisplayBoard\COMMON\Release\libCOMMON.a(hdudispfdma2d.o)
                0x080e6ce4                Dma2dWait
 .text.Dma2dIsBusy
                0x080e6d28       0x28 D:\Work\Howell\MD\S17HOWDSPSW\ACCORD\Trunk\SourceCode\DisplayBoard\COMMON\Release\libCOMMON.a(hdudispfdma2d.o)
                0x080e6d28                Dma2dIsBusy
 .text.Dma2dInitRtoM
                0x080e6d50       0x54 D:\Work\Howell\MD\S17HOWDSPSW\ACCORD\Trunk\SourceCode\DisplayBoard\COMMON\Release\libCOMMON.a(hdudispfdma2d.o)
 .text.Dma2dFillBox
                0x080e6da4       0xa0 D:\Work\Howell\MD\S17HOWDSPSW\ACCORD\Trunk\SourceCode\DisplayBoard\COMMON\Release\libCOMMON.a(hdudispfdma2d.o)
                0x080e6da4                Dma2dFillBox
 .text.Dma2dInitChartoM
                0x080e6e44       0x70 D:\Work\Howell\MD\S17HOWDSPSW\ACCORD\Trunk\SourceCode\DisplayBoard\COMMON\Release\libCOMMON.a(hdudispfdma2d.o)
 .text.Dma2dDrawChar
                0x080e6eb4       0xa8 D:\Work\Howell\MD\S17HOWDSPSW\ACCORD\Trunk\SourceCode\DisplayBoard\COMMON\Release\libCOMMON.a(hdudispfdma2d.o)
                0x080e6eb4                Dma2dDrawChar
 .text.ClearScanLine
                0x080e6f5c       0x6c D:\Work\Howell\MD\S17HOWDSPSW\ACCORD\Trunk\SourceCode\DisplayBoard\COMMON\Release\libCOMMON.a(hdudispfdma2d.o)
 .text.Dma2dInitScanLine
                0x080e6fc8       0x7c D:\Work\Howell\MD\S17HOWDSPSW\ACCORD\Trunk\SourceCode\DisplayBoard\COMMON\Release\libCOMMON.a(hdudispfdma2d.o)
 .text.Dma2dScanLineBlend
                0x080e7044      0x174 D:\Work\Howell\MD\S17HOWDSPSW\ACCORD\Trunk\SourceCode\DisplayBoard\COMMON\Release\libCOMMON.a(hdudispfdma2d.o)
                0x080e7044                Dma2dScanLineBlend
 .text.Dma2dInitRgbToArgb4444
                0x080e71b8       0x5c D:\Work\Howell\MD\S17HOWDSPSW\ACCORD\Trunk\SourceCode\DisplayBoard\COMMON\Release\libCOMMON.a(hdudispfdma2d.o)
 .text.Dma2dRgbToArgb4444
                0x080e7214       0x68 D:\Work\Howell\MD\S17HOWDSPSW\ACCORD\Trunk\SourceCode\DisplayBoard\COMMON\Release\libCOMMON.a(hdudispfdma2d.o)
                0x080e7214                Dma2dRgbToArgb4444
 .text.Dma2dInit
                0x080e727c       0x3c D:\Work\Howell\MD\S17HOWDSPSW\ACCORD\Trunk\SourceCode\DisplayBoard\COMMON\Release\libCOMMON.a(hdudispfdma2d.o)
                0x080e727c                Dma2dInit
 .text.GlobalSettingsPush
                0x080e72b8      0x284 D:\Work\Howell\MD\S17HOWDSPSW\ACCORD\Trunk\SourceCode\DisplayBoard\COMMON\Release\libCOMMON.a(hdudispfglobalsettings.o)
                0x080e72b8                GlobalSettingsPush
 .text.GlobalSettingsPull
                0x080e753c       0x98 D:\Work\Howell\MD\S17HOWDSPSW\ACCORD\Trunk\SourceCode\DisplayBoard\COMMON\Release\libCOMMON.a(hdudispfglobalsettings.o)
                0x080e753c                GlobalSettingsPull
 .text.GlobalSettingsProcessNSC
                0x080e75d4      0x214 D:\Work\Howell\MD\S17HOWDSPSW\ACCORD\Trunk\SourceCode\DisplayBoard\COMMON\Release\libCOMMON.a(hdudispfglobalsettings.o)
                0x080e75d4                GlobalSettingsProcessNSC
 .text.GlobalSettingsSetEIU
                0x080e77e8       0xcc D:\Work\Howell\MD\S17HOWDSPSW\ACCORD\Trunk\SourceCode\DisplayBoard\COMMON\Release\libCOMMON.a(hdudispfglobalsettings.o)
                0x080e77e8                GlobalSettingsSetEIU
 .text.GlobalSettingsSetSysInfo
                0x080e78b4       0x80 D:\Work\Howell\MD\S17HOWDSPSW\ACCORD\Trunk\SourceCode\DisplayBoard\COMMON\Release\libCOMMON.a(hdudispfglobalsettings.o)
                0x080e78b4                GlobalSettingsSetSysInfo
 .text.GlobalSettingsPushPeakLog
                0x080e7934      0x2f4 D:\Work\Howell\MD\S17HOWDSPSW\ACCORD\Trunk\SourceCode\DisplayBoard\COMMON\Release\libCOMMON.a(hdudispfglobalsettings.o)
                0x080e7934                GlobalSettingsPushPeakLog
 .text.GlobalSettingsCheckExParam
                0x080e7c28      0x724 D:\Work\Howell\MD\S17HOWDSPSW\ACCORD\Trunk\SourceCode\DisplayBoard\COMMON\Release\libCOMMON.a(hdudispfglobalsettings.o)
                0x080e7c28                GlobalSettingsCheckExParam
 .text.GlobalSettingsCheckTrig
                0x080e834c      0x8a0 D:\Work\Howell\MD\S17HOWDSPSW\ACCORD\Trunk\SourceCode\DisplayBoard\COMMON\Release\libCOMMON.a(hdudispfglobalsettings.o)
                0x080e834c                GlobalSettingsCheckTrig
 .text.FlightTimerStart
                0x080e8bec      0x110 D:\Work\Howell\MD\S17HOWDSPSW\ACCORD\Trunk\SourceCode\DisplayBoard\COMMON\Release\libCOMMON.a(hdudispfglobalsettings.o)
                0x080e8bec                FlightTimerStart
 .text.FlightTimerStartExceed
                0x080e8cfc       0x7c D:\Work\Howell\MD\S17HOWDSPSW\ACCORD\Trunk\SourceCode\DisplayBoard\COMMON\Release\libCOMMON.a(hdudispfglobalsettings.o)
                0x080e8cfc                FlightTimerStartExceed
 .text.ScuRTDGetParam
                0x080e8d78      0x194 D:\Work\Howell\MD\S17HOWDSPSW\ACCORD\Trunk\SourceCode\DisplayBoard\COMMON\Release\libCOMMON.a(hdudispflmsscu.o)
                0x080e8d78                ScuRTDGetParam
 .text.ScuRTDWatchdog
                0x080e8f0c       0xa8 D:\Work\Howell\MD\S17HOWDSPSW\ACCORD\Trunk\SourceCode\DisplayBoard\COMMON\Release\libCOMMON.a(hdudispflmsscu.o)
                0x080e8f0c                ScuRTDWatchdog
 .text.ScuRTDSetParam
                0x080e8fb4      0x150 D:\Work\Howell\MD\S17HOWDSPSW\ACCORD\Trunk\SourceCode\DisplayBoard\COMMON\Release\libCOMMON.a(hdudispflmsscu.o)
                0x080e8fb4                ScuRTDSetParam
 .text.ScuRTDInit
                0x080e9104       0x50 D:\Work\Howell\MD\S17HOWDSPSW\ACCORD\Trunk\SourceCode\DisplayBoard\COMMON\Release\libCOMMON.a(hdudispflmsscu.o)
                0x080e9104                ScuRTDInit
 .text.FaultTimer
                0x080e9154       0x7c D:\Work\Howell\MD\S17HOWDSPSW\ACCORD\Trunk\SourceCode\DisplayBoard\COMMON\Release\libCOMMON.a(hdudispflmsscu.o)
 .text.ProcessLmsScuSysStatusErr
                0x080e91d0      0x504 D:\Work\Howell\MD\S17HOWDSPSW\ACCORD\Trunk\SourceCode\DisplayBoard\COMMON\Release\libCOMMON.a(hdudispflmsscu.o)
                0x080e91d0                ProcessLmsScuSysStatusErr
 .text.ProcessLmsScuProbeErr
                0x080e96d4      0x3ec D:\Work\Howell\MD\S17HOWDSPSW\ACCORD\Trunk\SourceCode\DisplayBoard\COMMON\Release\libCOMMON.a(hdudispflmsscu.o)
                0x080e96d4                ProcessLmsScuProbeErr
 .text.StartProcessingFaultLog
                0x080e9ac0      0x25c D:\Work\Howell\MD\S17HOWDSPSW\ACCORD\Trunk\SourceCode\DisplayBoard\COMMON\Release\libCOMMON.a(hdudispflmsscu.o)
 .text.StopProcessingFaultLog
                0x080e9d1c      0x180 D:\Work\Howell\MD\S17HOWDSPSW\ACCORD\Trunk\SourceCode\DisplayBoard\COMMON\Release\libCOMMON.a(hdudispflmsscu.o)
 .text.ProcessingArinc01Fault
                0x080e9e9c      0x1b4 D:\Work\Howell\MD\S17HOWDSPSW\ACCORD\Trunk\SourceCode\DisplayBoard\COMMON\Release\libCOMMON.a(hdudispflmsscu.o)
                0x080e9e9c                ProcessingArinc01Fault
 .text.GetFaultParamData
                0x080ea050      0x274 D:\Work\Howell\MD\S17HOWDSPSW\ACCORD\Trunk\SourceCode\DisplayBoard\COMMON\Release\libCOMMON.a(hdudispflmsscu.o)
 .text.PushFaultLog
                0x080ea2c4      0x31c D:\Work\Howell\MD\S17HOWDSPSW\ACCORD\Trunk\SourceCode\DisplayBoard\COMMON\Release\libCOMMON.a(hdudispflmsscu.o)
                0x080ea2c4                PushFaultLog
 .text.OffsideSwitchScreen
                0x080ea5e0       0xa4 D:\Work\Howell\MD\S17HOWDSPSW\ACCORD\Trunk\SourceCode\DisplayBoard\COMMON\Release\libCOMMON.a(hdudispfoffside.o)
                0x080ea5e0                OffsideSwitchScreen
 .text.OffsideTimerStart
                0x080ea684       0xc8 D:\Work\Howell\MD\S17HOWDSPSW\ACCORD\Trunk\SourceCode\DisplayBoard\COMMON\Release\libCOMMON.a(hdudispfoffside.o)
                0x080ea684                OffsideTimerStart
 .text.OffsideCoolTimer
                0x080ea74c       0xc4 D:\Work\Howell\MD\S17HOWDSPSW\ACCORD\Trunk\SourceCode\DisplayBoard\COMMON\Release\libCOMMON.a(hdudispfoffside.o)
                0x080ea74c                OffsideCoolTimer
 .text.OffsideFuelFlow
                0x080ea810       0xc4 D:\Work\Howell\MD\S17HOWDSPSW\ACCORD\Trunk\SourceCode\DisplayBoard\COMMON\Release\libCOMMON.a(hdudispfoffside.o)
                0x080ea810                OffsideFuelFlow
 .text.OffsideTimerStop
                0x080ea8d4       0xc8 D:\Work\Howell\MD\S17HOWDSPSW\ACCORD\Trunk\SourceCode\DisplayBoard\COMMON\Release\libCOMMON.a(hdudispfoffside.o)
                0x080ea8d4                OffsideTimerStop
 .text.OffsideTimerReset
                0x080ea99c       0xb8 D:\Work\Howell\MD\S17HOWDSPSW\ACCORD\Trunk\SourceCode\DisplayBoard\COMMON\Release\libCOMMON.a(hdudispfoffside.o)
                0x080ea99c                OffsideTimerReset
 .text.OffsideProcessA825NSC
                0x080eaa54      0x170 D:\Work\Howell\MD\S17HOWDSPSW\ACCORD\Trunk\SourceCode\DisplayBoard\COMMON\Release\libCOMMON.a(hdudispfoffside.o)
                0x080eaa54                OffsideProcessA825NSC
 .text.OffsideHeartBeat
                0x080eabc4       0x90 D:\Work\Howell\MD\S17HOWDSPSW\ACCORD\Trunk\SourceCode\DisplayBoard\COMMON\Release\libCOMMON.a(hdudispfoffside.o)
                0x080eabc4                OffsideHeartBeat
 .text.OffsideProcessA825NOC
                0x080eac54       0x40 D:\Work\Howell\MD\S17HOWDSPSW\ACCORD\Trunk\SourceCode\DisplayBoard\COMMON\Release\libCOMMON.a(hdudispfoffside.o)
                0x080eac54                OffsideProcessA825NOC
 .text.OffsideCalibrationA825
                0x080eac94       0xf4 D:\Work\Howell\MD\S17HOWDSPSW\ACCORD\Trunk\SourceCode\DisplayBoard\COMMON\Release\libCOMMON.a(hdudispfoffside.o)
                0x080eac94                OffsideCalibrationA825
 .text.OffsideCalibration
                0x080ead88      0x114 D:\Work\Howell\MD\S17HOWDSPSW\ACCORD\Trunk\SourceCode\DisplayBoard\COMMON\Release\libCOMMON.a(hdudispfoffside.o)
                0x080ead88                OffsideCalibration
 .text.ProcessCaliA825
                0x080eae9c       0x6c D:\Work\Howell\MD\S17HOWDSPSW\ACCORD\Trunk\SourceCode\DisplayBoard\COMMON\Release\libCOMMON.a(hdudispfoffside.o)
                0x080eae9c                ProcessCaliA825
 .text.CheckforNewMessages
                0x080eaf08       0xc8 D:\Work\Howell\MD\S17HOWDSPSW\ACCORD\Trunk\SourceCode\DisplayBoard\COMMON\Release\libCOMMON.a(hdudispfpara.o)
                0x080eaf08                CheckforNewMessages
 .text.BuildMessageList
                0x080eafd0       0x98 D:\Work\Howell\MD\S17HOWDSPSW\ACCORD\Trunk\SourceCode\DisplayBoard\COMMON\Release\libCOMMON.a(hdudispfpara.o)
                0x080eafd0                BuildMessageList
 .text.ParaGetMessageCount
                0x080eb068       0x3c D:\Work\Howell\MD\S17HOWDSPSW\ACCORD\Trunk\SourceCode\DisplayBoard\COMMON\Release\libCOMMON.a(hdudispfpara.o)
                0x080eb068                ParaGetMessageCount
 .text.BuildSysInfoList
                0x080eb0a4       0x98 D:\Work\Howell\MD\S17HOWDSPSW\ACCORD\Trunk\SourceCode\DisplayBoard\COMMON\Release\libCOMMON.a(hdudispfpara.o)
                0x080eb0a4                BuildSysInfoList
 .text.ParaGetSysInfoCount
                0x080eb13c       0x3c D:\Work\Howell\MD\S17HOWDSPSW\ACCORD\Trunk\SourceCode\DisplayBoard\COMMON\Release\libCOMMON.a(hdudispfpara.o)
                0x080eb13c                ParaGetSysInfoCount
 .text.ParaConfigTopMenu
                0x080eb178       0x70 D:\Work\Howell\MD\S17HOWDSPSW\ACCORD\Trunk\SourceCode\DisplayBoard\COMMON\Release\libCOMMON.a(hdudispfpara.o)
                0x080eb178                ParaConfigTopMenu
 .text.RTDGetParam
                0x080eb1e8       0xf8 D:\Work\Howell\MD\S17HOWDSPSW\ACCORD\Trunk\SourceCode\DisplayBoard\COMMON\Release\libCOMMON.a(hdudispfrtd.o)
                0x080eb1e8                RTDGetParam
 .text.RTDGetParamDdw
                0x080eb2e0       0xcc D:\Work\Howell\MD\S17HOWDSPSW\ACCORD\Trunk\SourceCode\DisplayBoard\COMMON\Release\libCOMMON.a(hdudispfrtd.o)
                0x080eb2e0                RTDGetParamDdw
 .text.RTDWatchdog
                0x080eb3ac       0xb8 D:\Work\Howell\MD\S17HOWDSPSW\ACCORD\Trunk\SourceCode\DisplayBoard\COMMON\Release\libCOMMON.a(hdudispfrtd.o)
                0x080eb3ac                RTDWatchdog
 .text.RTDSetParam
                0x080eb464       0xd0 D:\Work\Howell\MD\S17HOWDSPSW\ACCORD\Trunk\SourceCode\DisplayBoard\COMMON\Release\libCOMMON.a(hdudispfrtd.o)
                0x080eb464                RTDSetParam
 .text.RTDInit  0x080eb534       0x50 D:\Work\Howell\MD\S17HOWDSPSW\ACCORD\Trunk\SourceCode\DisplayBoard\COMMON\Release\libCOMMON.a(hdudispfrtd.o)
                0x080eb534                RTDInit
 .text.BspSdramInit
                0x080eb584       0xb8 D:\Work\Howell\MD\S17HOWDSPSW\ACCORD\Trunk\SourceCode\DisplayBoard\HAL_Driver\Release\libHAL_Driver.a(hdulibstm32756gevalsdram.o)
                0x080eb584                BspSdramInit
 .text.BspSdramInitializationSequence
                0x080eb63c       0xc0 D:\Work\Howell\MD\S17HOWDSPSW\ACCORD\Trunk\SourceCode\DisplayBoard\HAL_Driver\Release\libHAL_Driver.a(hdulibstm32756gevalsdram.o)
                0x080eb63c                BspSdramInitializationSequence
 .text.BspSdramMspInit
                0x080eb6fc      0x200 D:\Work\Howell\MD\S17HOWDSPSW\ACCORD\Trunk\SourceCode\DisplayBoard\HAL_Driver\Release\libHAL_Driver.a(hdulibstm32756gevalsdram.o)
                0x080eb6fc                BspSdramMspInit
 .text.HalInit  0x080eb8fc       0x28 D:\Work\Howell\MD\S17HOWDSPSW\ACCORD\Trunk\SourceCode\DisplayBoard\HAL_Driver\Release\libHAL_Driver.a(hdulibstm32f7xxhal.o)
                0x080eb8fc                HalInit
 .text.HALInitTick
                0x080eb924       0x38 D:\Work\Howell\MD\S17HOWDSPSW\ACCORD\Trunk\SourceCode\DisplayBoard\HAL_Driver\Release\libHAL_Driver.a(hdulibstm32f7xxhal.o)
                0x080eb924                HALInitTick
 .text.HalIncTick
                0x080eb95c       0x1c D:\Work\Howell\MD\S17HOWDSPSW\ACCORD\Trunk\SourceCode\DisplayBoard\HAL_Driver\Release\libHAL_Driver.a(hdulibstm32f7xxhal.o)
                0x080eb95c                HalIncTick
 .text.HALGetTick
                0x080eb978       0x18 D:\Work\Howell\MD\S17HOWDSPSW\ACCORD\Trunk\SourceCode\DisplayBoard\HAL_Driver\Release\libHAL_Driver.a(hdulibstm32f7xxhal.o)
                0x080eb978                HALGetTick
 .text.HalDelay
                0x080eb990       0x2c D:\Work\Howell\MD\S17HOWDSPSW\ACCORD\Trunk\SourceCode\DisplayBoard\HAL_Driver\Release\libHAL_Driver.a(hdulibstm32f7xxhal.o)
                0x080eb990                HalDelay
 .text.HalAdcInit
                0x080eb9bc       0x90 D:\Work\Howell\MD\S17HOWDSPSW\ACCORD\Trunk\SourceCode\DisplayBoard\HAL_Driver\Release\libHAL_Driver.a(hdulibstm32f7xxhaladc.o)
                0x080eb9bc                HalAdcInit
 .text.HalAdcMspInit
                0x080eba4c       0x14 D:\Work\Howell\MD\S17HOWDSPSW\ACCORD\Trunk\SourceCode\DisplayBoard\HAL_Driver\Release\libHAL_Driver.a(hdulibstm32f7xxhaladc.o)
                0x080eba4c                HalAdcMspInit
 .text.HalAdcStart
                0x080eba60      0x15c D:\Work\Howell\MD\S17HOWDSPSW\ACCORD\Trunk\SourceCode\DisplayBoard\HAL_Driver\Release\libHAL_Driver.a(hdulibstm32f7xxhaladc.o)
                0x080eba60                HalAdcStart
 .text.HalAdcPollForConversion
                0x080ebbbc      0x12c D:\Work\Howell\MD\S17HOWDSPSW\ACCORD\Trunk\SourceCode\DisplayBoard\HAL_Driver\Release\libHAL_Driver.a(hdulibstm32f7xxhaladc.o)
                0x080ebbbc                HalAdcPollForConversion
 .text.HalAdcGetValue
                0x080ebce8       0x1c D:\Work\Howell\MD\S17HOWDSPSW\ACCORD\Trunk\SourceCode\DisplayBoard\HAL_Driver\Release\libHAL_Driver.a(hdulibstm32f7xxhaladc.o)
                0x080ebce8                HalAdcGetValue
 .text.HalAdcConfigChannel
                0x080ebd04      0x26c D:\Work\Howell\MD\S17HOWDSPSW\ACCORD\Trunk\SourceCode\DisplayBoard\HAL_Driver\Release\libHAL_Driver.a(hdulibstm32f7xxhaladc.o)
                0x080ebd04                HalAdcConfigChannel
 .text.AdcInit  0x080ebf70      0x240 D:\Work\Howell\MD\S17HOWDSPSW\ACCORD\Trunk\SourceCode\DisplayBoard\HAL_Driver\Release\libHAL_Driver.a(hdulibstm32f7xxhaladc.o)
 .text.HalCanInit
                0x080ec1b0      0x248 D:\Work\Howell\MD\S17HOWDSPSW\ACCORD\Trunk\SourceCode\DisplayBoard\HAL_Driver\Release\libHAL_Driver.a(hdulibstm32f7xxhalcan.o)
                0x080ec1b0                HalCanInit
 .text.HalCanConfigFilter
                0x080ec3f8      0x1a0 D:\Work\Howell\MD\S17HOWDSPSW\ACCORD\Trunk\SourceCode\DisplayBoard\HAL_Driver\Release\libHAL_Driver.a(hdulibstm32f7xxhalcan.o)
                0x080ec3f8                HalCanConfigFilter
 .text.HalCanTransmit
                0x080ec598      0x288 D:\Work\Howell\MD\S17HOWDSPSW\ACCORD\Trunk\SourceCode\DisplayBoard\HAL_Driver\Release\libHAL_Driver.a(hdulibstm32f7xxhalcan.o)
                0x080ec598                HalCanTransmit
 .text.HalCanReceive
                0x080ec820      0x250 D:\Work\Howell\MD\S17HOWDSPSW\ACCORD\Trunk\SourceCode\DisplayBoard\HAL_Driver\Release\libHAL_Driver.a(hdulibstm32f7xxhalcan.o)
                0x080ec820                HalCanReceive
 .text.NVICSetPriorityGrouping
                0x080eca70       0x4c D:\Work\Howell\MD\S17HOWDSPSW\ACCORD\Trunk\SourceCode\DisplayBoard\HAL_Driver\Release\libHAL_Driver.a(hdulibstm32f7xxhalcortex.o)
 .text.NVICGetPriorityGrouping
                0x080ecabc       0x1c D:\Work\Howell\MD\S17HOWDSPSW\ACCORD\Trunk\SourceCode\DisplayBoard\HAL_Driver\Release\libHAL_Driver.a(hdulibstm32f7xxhalcortex.o)
 .text.NVICSetPriority
                0x080ecad8       0x54 D:\Work\Howell\MD\S17HOWDSPSW\ACCORD\Trunk\SourceCode\DisplayBoard\HAL_Driver\Release\libHAL_Driver.a(hdulibstm32f7xxhalcortex.o)
 .text.NVICEncodePriority
                0x080ecb2c       0x6c D:\Work\Howell\MD\S17HOWDSPSW\ACCORD\Trunk\SourceCode\DisplayBoard\HAL_Driver\Release\libHAL_Driver.a(hdulibstm32f7xxhalcortex.o)
 .text.SysTickConfig
                0x080ecb98       0x44 D:\Work\Howell\MD\S17HOWDSPSW\ACCORD\Trunk\SourceCode\DisplayBoard\HAL_Driver\Release\libHAL_Driver.a(hdulibstm32f7xxhalcortex.o)
 .text.NVICEnableIRQ
                0x080ecbdc       0x34 D:\Work\Howell\MD\S17HOWDSPSW\ACCORD\Trunk\SourceCode\DisplayBoard\HAL_Driver\Release\libHAL_Driver.a(hdulibstm32f7xxhalcortex.o)
 .text.HALNvicSetPriorityGrouping
                0x080ecc10       0x18 D:\Work\Howell\MD\S17HOWDSPSW\ACCORD\Trunk\SourceCode\DisplayBoard\HAL_Driver\Release\libHAL_Driver.a(hdulibstm32f7xxhalcortex.o)
                0x080ecc10                HALNvicSetPriorityGrouping
 .text.HalNvicSetPriority
                0x080ecc28       0x38 D:\Work\Howell\MD\S17HOWDSPSW\ACCORD\Trunk\SourceCode\DisplayBoard\HAL_Driver\Release\libHAL_Driver.a(hdulibstm32f7xxhalcortex.o)
                0x080ecc28                HalNvicSetPriority
 .text.HalNvicEnableIrq
                0x080ecc60       0x1c D:\Work\Howell\MD\S17HOWDSPSW\ACCORD\Trunk\SourceCode\DisplayBoard\HAL_Driver\Release\libHAL_Driver.a(hdulibstm32f7xxhalcortex.o)
                0x080ecc60                HalNvicEnableIrq
 .text.HALSysTickConfig
                0x080ecc7c       0x18 D:\Work\Howell\MD\S17HOWDSPSW\ACCORD\Trunk\SourceCode\DisplayBoard\HAL_Driver\Release\libHAL_Driver.a(hdulibstm32f7xxhalcortex.o)
                0x080ecc7c                HALSysTickConfig
 .text.HalMpuDisable
                0x080ecc94       0x2c D:\Work\Howell\MD\S17HOWDSPSW\ACCORD\Trunk\SourceCode\DisplayBoard\HAL_Driver\Release\libHAL_Driver.a(hdulibstm32f7xxhalcortex.o)
                0x080ecc94                HalMpuDisable
 .text.HalMpuEnable
                0x080eccc0       0x3c D:\Work\Howell\MD\S17HOWDSPSW\ACCORD\Trunk\SourceCode\DisplayBoard\HAL_Driver\Release\libHAL_Driver.a(hdulibstm32f7xxhalcortex.o)
                0x080eccc0                HalMpuEnable
 .text.HalMpuConfigRegion
                0x080eccfc       0x88 D:\Work\Howell\MD\S17HOWDSPSW\ACCORD\Trunk\SourceCode\DisplayBoard\HAL_Driver\Release\libHAL_Driver.a(hdulibstm32f7xxhalcortex.o)
                0x080eccfc                HalMpuConfigRegion
 .text.HalCrcInit
                0x080ecd84       0xc8 D:\Work\Howell\MD\S17HOWDSPSW\ACCORD\Trunk\SourceCode\DisplayBoard\HAL_Driver\Release\libHAL_Driver.a(hdulibstm32f7xxhalcrc.o)
                0x080ecd84                HalCrcInit
 .text.HalCrcAccumulate
                0x080ece4c       0xa0 D:\Work\Howell\MD\S17HOWDSPSW\ACCORD\Trunk\SourceCode\DisplayBoard\HAL_Driver\Release\libHAL_Driver.a(hdulibstm32f7xxhalcrc.o)
                0x080ece4c                HalCrcAccumulate
 .text.CrcHandle8
                0x080eceec      0x11c D:\Work\Howell\MD\S17HOWDSPSW\ACCORD\Trunk\SourceCode\DisplayBoard\HAL_Driver\Release\libHAL_Driver.a(hdulibstm32f7xxhalcrc.o)
 .text.CrcHandle16
                0x080ed008       0x74 D:\Work\Howell\MD\S17HOWDSPSW\ACCORD\Trunk\SourceCode\DisplayBoard\HAL_Driver\Release\libHAL_Driver.a(hdulibstm32f7xxhalcrc.o)
 .text.HalCrcExPolynomialSet
                0x080ed07c       0xf4 D:\Work\Howell\MD\S17HOWDSPSW\ACCORD\Trunk\SourceCode\DisplayBoard\HAL_Driver\Release\libHAL_Driver.a(hdulibstm32f7xxhalcrcex.o)
                0x080ed07c                HalCrcExPolynomialSet
 .text.HalDmaInit
                0x080ed170      0x158 D:\Work\Howell\MD\S17HOWDSPSW\ACCORD\Trunk\SourceCode\DisplayBoard\HAL_Driver\Release\libHAL_Driver.a(hdulibstm32f7xxhaldma.o)
                0x080ed170                HalDmaInit
 .text.HalDmaDeInit
                0x080ed2c8       0x9c D:\Work\Howell\MD\S17HOWDSPSW\ACCORD\Trunk\SourceCode\DisplayBoard\HAL_Driver\Release\libHAL_Driver.a(hdulibstm32f7xxhaldma.o)
                0x080ed2c8                HalDmaDeInit
 .text.HALDmaStartIT
                0x080ed364       0xc0 D:\Work\Howell\MD\S17HOWDSPSW\ACCORD\Trunk\SourceCode\DisplayBoard\HAL_Driver\Release\libHAL_Driver.a(hdulibstm32f7xxhaldma.o)
                0x080ed364                HALDmaStartIT
 .text.HALDmaIrqHandler
                0x080ed424      0x324 D:\Work\Howell\MD\S17HOWDSPSW\ACCORD\Trunk\SourceCode\DisplayBoard\HAL_Driver\Release\libHAL_Driver.a(hdulibstm32f7xxhaldma.o)
                0x080ed424                HALDmaIrqHandler
 .text.HALDmaRegisterCallback
                0x080ed748       0xa8 D:\Work\Howell\MD\S17HOWDSPSW\ACCORD\Trunk\SourceCode\DisplayBoard\HAL_Driver\Release\libHAL_Driver.a(hdulibstm32f7xxhaldma.o)
                0x080ed748                HALDmaRegisterCallback
 .text.DmaSetConfig
                0x080ed7f0       0x5c D:\Work\Howell\MD\S17HOWDSPSW\ACCORD\Trunk\SourceCode\DisplayBoard\HAL_Driver\Release\libHAL_Driver.a(hdulibstm32f7xxhaldma.o)
 .text.DmaCalcBaseAndBitShift
                0x080ed84c       0x6c D:\Work\Howell\MD\S17HOWDSPSW\ACCORD\Trunk\SourceCode\DisplayBoard\HAL_Driver\Release\libHAL_Driver.a(hdulibstm32f7xxhaldma.o)
 .text.DmaCheckFifoParam
                0x080ed8b8      0x134 D:\Work\Howell\MD\S17HOWDSPSW\ACCORD\Trunk\SourceCode\DisplayBoard\HAL_Driver\Release\libHAL_Driver.a(hdulibstm32f7xxhaldma.o)
 .text.HalGpioInit
                0x080ed9ec      0x354 D:\Work\Howell\MD\S17HOWDSPSW\ACCORD\Trunk\SourceCode\DisplayBoard\HAL_Driver\Release\libHAL_Driver.a(hdulibstm32f7xxhalgpio.o)
                0x080ed9ec                HalGpioInit
 .text.HALGpioWritePin
                0x080edd40       0x34 D:\Work\Howell\MD\S17HOWDSPSW\ACCORD\Trunk\SourceCode\DisplayBoard\HAL_Driver\Release\libHAL_Driver.a(hdulibstm32f7xxhalgpio.o)
                0x080edd40                HALGpioWritePin
 .text.HALGpioTogglePin
                0x080edd74       0x24 D:\Work\Howell\MD\S17HOWDSPSW\ACCORD\Trunk\SourceCode\DisplayBoard\HAL_Driver\Release\libHAL_Driver.a(hdulibstm32f7xxhalgpio.o)
                0x080edd74                HALGpioTogglePin
 .text.HalIwdgInit
                0x080edd98       0x90 D:\Work\Howell\MD\S17HOWDSPSW\ACCORD\Trunk\SourceCode\DisplayBoard\HAL_Driver\Release\libHAL_Driver.a(hdulibstm32f7xxhaliwdg.o)
                0x080edd98                HalIwdgInit
 .text.HalIwdgRefresh
                0x080ede28       0x20 D:\Work\Howell\MD\S17HOWDSPSW\ACCORD\Trunk\SourceCode\DisplayBoard\HAL_Driver\Release\libHAL_Driver.a(hdulibstm32f7xxhaliwdg.o)
                0x080ede28                HalIwdgRefresh
 .text.HalLtdcInit
                0x080ede48      0x1b4 D:\Work\Howell\MD\S17HOWDSPSW\ACCORD\Trunk\SourceCode\DisplayBoard\HAL_Driver\Release\libHAL_Driver.a(hdulibstm32f7xxhalltdc.o)
                0x080ede48                HalLtdcInit
 .text.HalLtdcConfigLayer
                0x080edffc       0x7c D:\Work\Howell\MD\S17HOWDSPSW\ACCORD\Trunk\SourceCode\DisplayBoard\HAL_Driver\Release\libHAL_Driver.a(hdulibstm32f7xxhalltdc.o)
                0x080edffc                HalLtdcConfigLayer
 .text.HalLtdcSetAddress
                0x080ee078       0x70 D:\Work\Howell\MD\S17HOWDSPSW\ACCORD\Trunk\SourceCode\DisplayBoard\HAL_Driver\Release\libHAL_Driver.a(hdulibstm32f7xxhalltdc.o)
                0x080ee078                HalLtdcSetAddress
 .text.LtdcSetConfig
                0x080ee0e8      0x354 D:\Work\Howell\MD\S17HOWDSPSW\ACCORD\Trunk\SourceCode\DisplayBoard\HAL_Driver\Release\libHAL_Driver.a(hdulibstm32f7xxhalltdc.o)
 .text.HalLtdcMspInit
                0x080ee43c      0x124 D:\Work\Howell\MD\S17HOWDSPSW\ACCORD\Trunk\SourceCode\DisplayBoard\HAL_Driver\Release\libHAL_Driver.a(hdulibstm32f7xxhalmsp.o)
                0x080ee43c                HalLtdcMspInit
 .text.HalCRCMspInit
                0x080ee560       0x30 D:\Work\Howell\MD\S17HOWDSPSW\ACCORD\Trunk\SourceCode\DisplayBoard\HAL_Driver\Release\libHAL_Driver.a(hdulibstm32f7xxhalmsp.o)
                0x080ee560                HalCRCMspInit
 .text.HalNorInit
                0x080ee590       0xa8 D:\Work\Howell\MD\S17HOWDSPSW\ACCORD\Trunk\SourceCode\DisplayBoard\HAL_Driver\Release\libHAL_Driver.a(hdulibstm32f7xxhalnor.o)
                0x080ee590                HalNorInit
 .text.HalNorMspInit
                0x080ee638       0x14 D:\Work\Howell\MD\S17HOWDSPSW\ACCORD\Trunk\SourceCode\DisplayBoard\HAL_Driver\Release\libHAL_Driver.a(hdulibstm32f7xxhalnor.o)
                0x080ee638                HalNorMspInit
 .text.HalPwrExEnableOverDrive
                0x080ee64c       0x9c D:\Work\Howell\MD\S17HOWDSPSW\ACCORD\Trunk\SourceCode\DisplayBoard\HAL_Driver\Release\libHAL_Driver.a(hdulibstm32f7xxhalpwrex.o)
                0x080ee64c                HalPwrExEnableOverDrive
 .text.HalRccOscConfig
                0x080ee6e8      0x684 D:\Work\Howell\MD\S17HOWDSPSW\ACCORD\Trunk\SourceCode\DisplayBoard\HAL_Driver\Release\libHAL_Driver.a(hdulibstm32f7xxhalrcc.o)
                0x080ee6e8                HalRccOscConfig
 .text.HalRccClockConfig
                0x080eed6c      0x238 D:\Work\Howell\MD\S17HOWDSPSW\ACCORD\Trunk\SourceCode\DisplayBoard\HAL_Driver\Release\libHAL_Driver.a(hdulibstm32f7xxhalrcc.o)
                0x080eed6c                HalRccClockConfig
 .text.HalRccGetSysClockFreq
                0x080eefa4      0x1b4 D:\Work\Howell\MD\S17HOWDSPSW\ACCORD\Trunk\SourceCode\DisplayBoard\HAL_Driver\Release\libHAL_Driver.a(hdulibstm32f7xxhalrcc.o)
                0x080eefa4                HalRccGetSysClockFreq
 .text.HalRccExPeriphCLKConfig
                0x080ef158     0x214c D:\Work\Howell\MD\S17HOWDSPSW\ACCORD\Trunk\SourceCode\DisplayBoard\HAL_Driver\Release\libHAL_Driver.a(hdulibstm32f7xxhalrccex.o)
                0x080ef158                HalRccExPeriphCLKConfig
 .text.HALSdramInit
                0x080f12a4       0x68 D:\Work\Howell\MD\S17HOWDSPSW\ACCORD\Trunk\SourceCode\DisplayBoard\HAL_Driver\Release\libHAL_Driver.a(hdulibstm32f7xxhalsdram.o)
                0x080f12a4                HALSdramInit
 .text.HALSdramMspInit
                0x080f130c       0x14 D:\Work\Howell\MD\S17HOWDSPSW\ACCORD\Trunk\SourceCode\DisplayBoard\HAL_Driver\Release\libHAL_Driver.a(hdulibstm32f7xxhalsdram.o)
                0x080f130c                HALSdramMspInit
 .text.HalSdramSendCommand
                0x080f1320       0x58 D:\Work\Howell\MD\S17HOWDSPSW\ACCORD\Trunk\SourceCode\DisplayBoard\HAL_Driver\Release\libHAL_Driver.a(hdulibstm32f7xxhalsdram.o)
                0x080f1320                HalSdramSendCommand
 .text.HalSdramProgramRefreshRate
                0x080f1378       0x40 D:\Work\Howell\MD\S17HOWDSPSW\ACCORD\Trunk\SourceCode\DisplayBoard\HAL_Driver\Release\libHAL_Driver.a(hdulibstm32f7xxhalsdram.o)
                0x080f1378                HalSdramProgramRefreshRate
 .text.HalTimPwmInit
                0x080f13b8       0x58 D:\Work\Howell\MD\S17HOWDSPSW\ACCORD\Trunk\SourceCode\DisplayBoard\HAL_Driver\Release\libHAL_Driver.a(hdulibstm32f7xxhaltim.o)
                0x080f13b8                HalTimPwmInit
 .text.HalTimPwmMspInit
                0x080f1410       0x14 D:\Work\Howell\MD\S17HOWDSPSW\ACCORD\Trunk\SourceCode\DisplayBoard\HAL_Driver\Release\libHAL_Driver.a(hdulibstm32f7xxhaltim.o)
                0x080f1410                HalTimPwmMspInit
 .text.HalTimPwmStart
                0x080f1424       0x68 D:\Work\Howell\MD\S17HOWDSPSW\ACCORD\Trunk\SourceCode\DisplayBoard\HAL_Driver\Release\libHAL_Driver.a(hdulibstm32f7xxhaltim.o)
                0x080f1424                HalTimPwmStart
 .text.HalTimPwmConfigChannel
                0x080f148c      0x18c D:\Work\Howell\MD\S17HOWDSPSW\ACCORD\Trunk\SourceCode\DisplayBoard\HAL_Driver\Release\libHAL_Driver.a(hdulibstm32f7xxhaltim.o)
                0x080f148c                HalTimPwmConfigChannel
 .text.TimBaseSetConfig
                0x080f1618      0x154 D:\Work\Howell\MD\S17HOWDSPSW\ACCORD\Trunk\SourceCode\DisplayBoard\HAL_Driver\Release\libHAL_Driver.a(hdulibstm32f7xxhaltim.o)
                0x080f1618                TimBaseSetConfig
 .text.TimOc1SetConfig
                0x080f176c       0xec D:\Work\Howell\MD\S17HOWDSPSW\ACCORD\Trunk\SourceCode\DisplayBoard\HAL_Driver\Release\libHAL_Driver.a(hdulibstm32f7xxhaltim.o)
                0x080f176c                TimOc1SetConfig
 .text.TimOc2SetConfig
                0x080f1858       0xf4 D:\Work\Howell\MD\S17HOWDSPSW\ACCORD\Trunk\SourceCode\DisplayBoard\HAL_Driver\Release\libHAL_Driver.a(hdulibstm32f7xxhaltim.o)
                0x080f1858                TimOc2SetConfig
 .text.TimOc3SetConfig
                0x080f194c       0xf4 D:\Work\Howell\MD\S17HOWDSPSW\ACCORD\Trunk\SourceCode\DisplayBoard\HAL_Driver\Release\libHAL_Driver.a(hdulibstm32f7xxhaltim.o)
                0x080f194c                TimOc3SetConfig
 .text.TimOc4SetConfig
                0x080f1a40       0xc4 D:\Work\Howell\MD\S17HOWDSPSW\ACCORD\Trunk\SourceCode\DisplayBoard\HAL_Driver\Release\libHAL_Driver.a(hdulibstm32f7xxhaltim.o)
                0x080f1a40                TimOc4SetConfig
 .text.TimCcxChannelCmd
                0x080f1b04       0x48 D:\Work\Howell\MD\S17HOWDSPSW\ACCORD\Trunk\SourceCode\DisplayBoard\HAL_Driver\Release\libHAL_Driver.a(hdulibstm32f7xxhaltim.o)
                0x080f1b04                TimCcxChannelCmd
 .text.NVICSetPriority
                0x080f1b4c       0x54 D:\Work\Howell\MD\S17HOWDSPSW\ACCORD\Trunk\SourceCode\DisplayBoard\HAL_Driver\Release\libHAL_Driver.a(hdulibstm32f7xxit.o)
 .text.NVICEnableIRQ
                0x080f1ba0       0x34 D:\Work\Howell\MD\S17HOWDSPSW\ACCORD\Trunk\SourceCode\DisplayBoard\HAL_Driver\Release\libHAL_Driver.a(hdulibstm32f7xxit.o)
 .text.NmiHandler
                0x080f1bd4       0x10 D:\Work\Howell\MD\S17HOWDSPSW\ACCORD\Trunk\SourceCode\DisplayBoard\HAL_Driver\Release\libHAL_Driver.a(hdulibstm32f7xxit.o)
                0x080f1bd4                NmiHandler
 .text.HardFaultHandler
                0x080f1be4        0x8 D:\Work\Howell\MD\S17HOWDSPSW\ACCORD\Trunk\SourceCode\DisplayBoard\HAL_Driver\Release\libHAL_Driver.a(hdulibstm32f7xxit.o)
                0x080f1be4                HardFaultHandler
 .text.MemManageHandler
                0x080f1bec        0x8 D:\Work\Howell\MD\S17HOWDSPSW\ACCORD\Trunk\SourceCode\DisplayBoard\HAL_Driver\Release\libHAL_Driver.a(hdulibstm32f7xxit.o)
                0x080f1bec                MemManageHandler
 .text.BusFaultHandler
                0x080f1bf4        0x8 D:\Work\Howell\MD\S17HOWDSPSW\ACCORD\Trunk\SourceCode\DisplayBoard\HAL_Driver\Release\libHAL_Driver.a(hdulibstm32f7xxit.o)
                0x080f1bf4                BusFaultHandler
 .text.UsageFaultHandler
                0x080f1bfc        0x8 D:\Work\Howell\MD\S17HOWDSPSW\ACCORD\Trunk\SourceCode\DisplayBoard\HAL_Driver\Release\libHAL_Driver.a(hdulibstm32f7xxit.o)
                0x080f1bfc                UsageFaultHandler
 .text.SvcHandler
                0x080f1c04       0x10 D:\Work\Howell\MD\S17HOWDSPSW\ACCORD\Trunk\SourceCode\DisplayBoard\HAL_Driver\Release\libHAL_Driver.a(hdulibstm32f7xxit.o)
                0x080f1c04                SvcHandler
 .text.DebugMonHandler
                0x080f1c14       0x10 D:\Work\Howell\MD\S17HOWDSPSW\ACCORD\Trunk\SourceCode\DisplayBoard\HAL_Driver\Release\libHAL_Driver.a(hdulibstm32f7xxit.o)
                0x080f1c14                DebugMonHandler
 .text.LtdcIrqHandler
                0x080f1c24       0x50 D:\Work\Howell\MD\S17HOWDSPSW\ACCORD\Trunk\SourceCode\DisplayBoard\HAL_Driver\Release\libHAL_Driver.a(hdulibstm32f7xxit.o)
                0x080f1c24                LtdcIrqHandler
 .text.ITInterrupsInit
                0x080f1c74       0x28 D:\Work\Howell\MD\S17HOWDSPSW\ACCORD\Trunk\SourceCode\DisplayBoard\HAL_Driver\Release\libHAL_Driver.a(hdulibstm32f7xxit.o)
                0x080f1c74                ITInterrupsInit
 .text.Dma2Stream0IrqHandler
                0x080f1c9c       0x14 D:\Work\Howell\MD\S17HOWDSPSW\ACCORD\Trunk\SourceCode\DisplayBoard\HAL_Driver\Release\libHAL_Driver.a(hdulibstm32f7xxit.o)
                0x080f1c9c                Dma2Stream0IrqHandler
 .text.SystemInit
                0x080f1cb0       0x8c D:\Work\Howell\MD\S17HOWDSPSW\ACCORD\Trunk\SourceCode\DisplayBoard\HAL_Driver\Release\libHAL_Driver.a(hdulibsystemstm32f7xx.o)
                0x080f1cb0                SystemInit
 .text.FmcNorSramInit
                0x080f1d3c       0xe0 D:\Work\Howell\MD\S17HOWDSPSW\ACCORD\Trunk\SourceCode\DisplayBoard\HAL_Driver\Release\libHAL_Driver.a(hdulibstm32f7xxhalfmc.o)
                0x080f1d3c                FmcNorSramInit
 .text.FmcNorSramTimingInit
                0x080f1e1c       0xb0 D:\Work\Howell\MD\S17HOWDSPSW\ACCORD\Trunk\SourceCode\DisplayBoard\HAL_Driver\Release\libHAL_Driver.a(hdulibstm32f7xxhalfmc.o)
                0x080f1e1c                FmcNorSramTimingInit
 .text.FmcNorSramExtendedTimingInit
                0x080f1ecc       0x80 D:\Work\Howell\MD\S17HOWDSPSW\ACCORD\Trunk\SourceCode\DisplayBoard\HAL_Driver\Release\libHAL_Driver.a(hdulibstm32f7xxhalfmc.o)
                0x080f1ecc                FmcNorSramExtendedTimingInit
 .text.FmcSdramInit
                0x080f1f4c       0xe4 D:\Work\Howell\MD\S17HOWDSPSW\ACCORD\Trunk\SourceCode\DisplayBoard\HAL_Driver\Release\libHAL_Driver.a(hdulibstm32f7xxhalfmc.o)
                0x080f1f4c                FmcSdramInit
 .text.FmcSdramTimingInit
                0x080f2030      0x100 D:\Work\Howell\MD\S17HOWDSPSW\ACCORD\Trunk\SourceCode\DisplayBoard\HAL_Driver\Release\libHAL_Driver.a(hdulibstm32f7xxhalfmc.o)
                0x080f2030                FmcSdramTimingInit
 .text.FmcSdramSendCommand
                0x080f2130       0x84 D:\Work\Howell\MD\S17HOWDSPSW\ACCORD\Trunk\SourceCode\DisplayBoard\HAL_Driver\Release\libHAL_Driver.a(hdulibstm32f7xxhalfmc.o)
                0x080f2130                FmcSdramSendCommand
 .text.FmcSdramProgramRefreshRate
                0x080f21b4       0x28 D:\Work\Howell\MD\S17HOWDSPSW\ACCORD\Trunk\SourceCode\DisplayBoard\HAL_Driver\Release\libHAL_Driver.a(hdulibstm32f7xxhalfmc.o)
                0x080f21b4                FmcSdramProgramRefreshRate
 .text.ConfigSetConfig
                0x080f21dc       0x44 D:\Work\Howell\MD\S17HOWDSPSW\ACCORD\Trunk\SourceCode\DisplayBoard\WIDGETS\Release\libWIDGETS.a(hdudispfconfig.o)
                0x080f21dc                ConfigSetConfig
 .text.Pu8FindCharBitMap
                0x080f2220       0x64 D:\Work\Howell\MD\S17HOWDSPSW\ACCORD\Trunk\SourceCode\DisplayBoard\WIDGETS\Release\libWIDGETS.a(hdudispffonts.o)
 .text.Pu8GetCharBitMap
                0x080f2284       0x38 D:\Work\Howell\MD\S17HOWDSPSW\ACCORD\Trunk\SourceCode\DisplayBoard\WIDGETS\Release\libWIDGETS.a(hdudispffonts.o)
                0x080f2284                Pu8GetCharBitMap
 .text.PsGetCharInfo
                0x080f22bc       0x64 D:\Work\Howell\MD\S17HOWDSPSW\ACCORD\Trunk\SourceCode\DisplayBoard\WIDGETS\Release\libWIDGETS.a(hdudispffonts.o)
                0x080f22bc                PsGetCharInfo
 .text.FontsGetFont
                0x080f2320       0xf4 D:\Work\Howell\MD\S17HOWDSPSW\ACCORD\Trunk\SourceCode\DisplayBoard\WIDGETS\Release\libWIDGETS.a(hdudispffonts.o)
                0x080f2320                FontsGetFont
 .text.FontsGetCharWidth
                0x080f2414       0x54 D:\Work\Howell\MD\S17HOWDSPSW\ACCORD\Trunk\SourceCode\DisplayBoard\WIDGETS\Release\libWIDGETS.a(hdudispffonts.o)
                0x080f2414                FontsGetCharWidth
 .text.FontsGetFontHeight
                0x080f2468       0x38 D:\Work\Howell\MD\S17HOWDSPSW\ACCORD\Trunk\SourceCode\DisplayBoard\WIDGETS\Release\libWIDGETS.a(hdudispffonts.o)
                0x080f2468                FontsGetFontHeight
 .text.FontsGetStringWidth
                0x080f24a0       0x60 D:\Work\Howell\MD\S17HOWDSPSW\ACCORD\Trunk\SourceCode\DisplayBoard\WIDGETS\Release\libWIDGETS.a(hdudispffonts.o)
                0x080f24a0                FontsGetStringWidth
 .text.BargraphAllocat
                0x080f2500      0x144 D:\Work\Howell\MD\S17HOWDSPSW\ACCORD\Trunk\SourceCode\DisplayBoard\WIDGETS\Release\libWIDGETS.a(hdudispfbargraphs.o)
                0x080f2500                BargraphAllocat
 .text.BargraphUpdate
                0x080f2644      0x18c D:\Work\Howell\MD\S17HOWDSPSW\ACCORD\Trunk\SourceCode\DisplayBoard\WIDGETS\Release\libWIDGETS.a(hdudispfbargraphs.o)
                0x080f2644                BargraphUpdate
 .text.BargraphDraw
                0x080f27d0      0x3cc D:\Work\Howell\MD\S17HOWDSPSW\ACCORD\Trunk\SourceCode\DisplayBoard\WIDGETS\Release\libWIDGETS.a(hdudispfbargraphs.o)
                0x080f27d0                BargraphDraw
 .text.BargraphClear
                0x080f2b9c       0x44 D:\Work\Howell\MD\S17HOWDSPSW\ACCORD\Trunk\SourceCode\DisplayBoard\WIDGETS\Release\libWIDGETS.a(hdudispfbargraphs.o)
                0x080f2b9c                BargraphClear
 .text.CarrotGraphAllocat
                0x080f2be0      0x2ec D:\Work\Howell\MD\S17HOWDSPSW\ACCORD\Trunk\SourceCode\DisplayBoard\WIDGETS\Release\libWIDGETS.a(hdudispfcarrotgraph.o)
                0x080f2be0                CarrotGraphAllocat
 .text.CarrotGraphUpdate
                0x080f2ecc      0x220 D:\Work\Howell\MD\S17HOWDSPSW\ACCORD\Trunk\SourceCode\DisplayBoard\WIDGETS\Release\libWIDGETS.a(hdudispfcarrotgraph.o)
                0x080f2ecc                CarrotGraphUpdate
 .text.CarrotGraphDraw
                0x080f30ec      0x15c D:\Work\Howell\MD\S17HOWDSPSW\ACCORD\Trunk\SourceCode\DisplayBoard\WIDGETS\Release\libWIDGETS.a(hdudispfcarrotgraph.o)
                0x080f30ec                CarrotGraphDraw
 .text.CarrotGraphClear
                0x080f3248       0x44 D:\Work\Howell\MD\S17HOWDSPSW\ACCORD\Trunk\SourceCode\DisplayBoard\WIDGETS\Release\libWIDGETS.a(hdudispfcarrotgraph.o)
                0x080f3248                CarrotGraphClear
 .text.NumboxAllocat
                0x080f328c      0x164 D:\Work\Howell\MD\S17HOWDSPSW\ACCORD\Trunk\SourceCode\DisplayBoard\WIDGETS\Release\libWIDGETS.a(hdudispfnumbox.o)
                0x080f328c                NumboxAllocat
 .text.NumboxUpdate
                0x080f33f0      0x1c4 D:\Work\Howell\MD\S17HOWDSPSW\ACCORD\Trunk\SourceCode\DisplayBoard\WIDGETS\Release\libWIDGETS.a(hdudispfnumbox.o)
                0x080f33f0                NumboxUpdate
 .text.NumboxDraw
                0x080f35b4      0x100 D:\Work\Howell\MD\S17HOWDSPSW\ACCORD\Trunk\SourceCode\DisplayBoard\WIDGETS\Release\libWIDGETS.a(hdudispfnumbox.o)
                0x080f35b4                NumboxDraw
 .text.NumboxClear
                0x080f36b4       0x44 D:\Work\Howell\MD\S17HOWDSPSW\ACCORD\Trunk\SourceCode\DisplayBoard\WIDGETS\Release\libWIDGETS.a(hdudispfnumbox.o)
                0x080f36b4                NumboxClear
 .text.VFreeVertList
                0x080f36f8       0x28 D:\Work\Howell\MD\S17HOWDSPSW\ACCORD\Trunk\SourceCode\DisplayBoard\WIDGETS\Release\libWIDGETS.a(hdudispfpolygon1.o)
 .text.PsAllocVert
                0x080f3720       0x94 D:\Work\Howell\MD\S17HOWDSPSW\ACCORD\Trunk\SourceCode\DisplayBoard\WIDGETS\Release\libWIDGETS.a(hdudispfpolygon1.o)
 .text.SpFindLine
                0x080f37b4       0xd4 D:\Work\Howell\MD\S17HOWDSPSW\ACCORD\Trunk\SourceCode\DisplayBoard\WIDGETS\Release\libWIDGETS.a(hdudispfpolygon1.o)
 .text.VInsertVert
                0x080f3888       0xbc D:\Work\Howell\MD\S17HOWDSPSW\ACCORD\Trunk\SourceCode\DisplayBoard\WIDGETS\Release\libWIDGETS.a(hdudispfpolygon1.o)
 .text.VBuildVertList
                0x080f3944       0x80 D:\Work\Howell\MD\S17HOWDSPSW\ACCORD\Trunk\SourceCode\DisplayBoard\WIDGETS\Release\libWIDGETS.a(hdudispfpolygon1.o)
 .text.VFreeEdgeList
                0x080f39c4       0x34 D:\Work\Howell\MD\S17HOWDSPSW\ACCORD\Trunk\SourceCode\DisplayBoard\WIDGETS\Release\libWIDGETS.a(hdudispfpolygon1.o)
 .text.PsAllocEdge
                0x080f39f8       0x84 D:\Work\Howell\MD\S17HOWDSPSW\ACCORD\Trunk\SourceCode\DisplayBoard\WIDGETS\Release\libWIDGETS.a(hdudispfpolygon1.o)
 .text.VEdgeInsert
                0x080f3a7c       0xa0 D:\Work\Howell\MD\S17HOWDSPSW\ACCORD\Trunk\SourceCode\DisplayBoard\WIDGETS\Release\libWIDGETS.a(hdudispfpolygon1.o)
 .text.VEdgeInit
                0x080f3b1c       0xa8 D:\Work\Howell\MD\S17HOWDSPSW\ACCORD\Trunk\SourceCode\DisplayBoard\WIDGETS\Release\libWIDGETS.a(hdudispfpolygon1.o)
 .text.VAddEdges
                0x080f3bc4       0x78 D:\Work\Howell\MD\S17HOWDSPSW\ACCORD\Trunk\SourceCode\DisplayBoard\WIDGETS\Release\libWIDGETS.a(hdudispfpolygon1.o)
 .text.VProcessMagLine
                0x080f3c3c       0xf8 D:\Work\Howell\MD\S17HOWDSPSW\ACCORD\Trunk\SourceCode\DisplayBoard\WIDGETS\Release\libWIDGETS.a(hdudispfpolygon1.o)
 .text.VProcessPairsHR
                0x080f3d34      0x234 D:\Work\Howell\MD\S17HOWDSPSW\ACCORD\Trunk\SourceCode\DisplayBoard\WIDGETS\Release\libWIDGETS.a(hdudispfpolygon1.o)
 .text.VRemoveEdges