Archive member included to satisfy reference by file (symbol)

E:\HOWELL_2021\HDU\MAY\DisplayBoard\HAL_Driver\Release\libHAL_Driver.a(hdulibstm32756gevalsdram.o)
                              src/hdudispbmain.o (BspSdramInit)
E:\HOWELL_2021\HDU\MAY\DisplayBoard\HAL_Driver\Release\libHAL_Driver.a(hdulibstm32f7xxhal.o)
                              src/hdudispbmain.o (HalInit)
E:\HOWELL_2021\HDU\MAY\DisplayBoard\HAL_Driver\Release\libHAL_Driver.a(hdulibstm32f7xxhalcortex.o)
                              E:\HOWELL_2021\HDU\MAY\DisplayBoard\HAL_Driver\Release\libHAL_Driver.a(hdulibstm32f7xxhal.o) (HALNvicSetPriorityGrouping)
E:\HOWELL_2021\HDU\MAY\DisplayBoard\HAL_Driver\Release\libHAL_Driver.a(hdulibstm32f7xxhalcrc.o)
                              src/hdudispbcrc.o (HalCrcInit)
E:\HOWELL_2021\HDU\MAY\DisplayBoard\HAL_Driver\Release\libHAL_Driver.a(hdulibstm32f7xxhalcrcex.o)
                              E:\HOWELL_2021\HDU\MAY\DisplayBoard\HAL_Driver\Release\libHAL_Driver.a(hdulibstm32f7xxhalcrc.o) (HalCrcExPolynomialSet)
E:\HOWELL_2021\HDU\MAY\DisplayBoard\HAL_Driver\Release\libHAL_Driver.a(hdulibstm32f7xxhaldma.o)
                              E:\HOWELL_2021\HDU\MAY\DisplayBoard\HAL_Driver\Release\libHAL_Driver.a(hdulibstm32756gevalsdram.o) (HalDmaInit)
E:\HOWELL_2021\HDU\MAY\DisplayBoard\HAL_Driver\Release\libHAL_Driver.a(hdulibstm32f7xxhalgpio.o)
                              src/hdudispbmain.o (HalGpioInit)
E:\HOWELL_2021\HDU\MAY\DisplayBoard\HAL_Driver\Release\libHAL_Driver.a(hdulibstm32f7xxhalltdc.o)
                              src/hdudispbpanel.o (HalLtdcInit)
E:\HOWELL_2021\HDU\MAY\DisplayBoard\HAL_Driver\Release\libHAL_Driver.a(hdulibstm32f7xxhalmsp.o)
                              E:\HOWELL_2021\HDU\MAY\DisplayBoard\HAL_Driver\Release\libHAL_Driver.a(hdulibstm32f7xxhalltdc.o) (HalLtdcMspInit)
E:\HOWELL_2021\HDU\MAY\DisplayBoard\HAL_Driver\Release\libHAL_Driver.a(hdulibstm32f7xxhalpwrex.o)
                              src/hdudispbmain.o (HalPwrExEnableOverDrive)
E:\HOWELL_2021\HDU\MAY\DisplayBoard\HAL_Driver\Release\libHAL_Driver.a(hdulibstm32f7xxhalrcc.o)
                              src/hdudispbmain.o (HalRccOscConfig)
E:\HOWELL_2021\HDU\MAY\DisplayBoard\HAL_Driver\Release\libHAL_Driver.a(hdulibstm32f7xxhalrccex.o)
                              src/hdudispbmain.o (HalRccExPeriphCLKConfig)
E:\HOWELL_2021\HDU\MAY\DisplayBoard\HAL_Driver\Release\libHAL_Driver.a(hdulibstm32f7xxhalsdram.o)
                              E:\HOWELL_2021\HDU\MAY\DisplayBoard\HAL_Driver\Release\libHAL_Driver.a(hdulibstm32756gevalsdram.o) (HALSdramInit)
E:\HOWELL_2021\HDU\MAY\DisplayBoard\HAL_Driver\Release\libHAL_Driver.a(hdulibstm32f7xxhaltim.o)
                              src/hdudispbpwm.o (HalTimPwmInit)
E:\HOWELL_2021\HDU\MAY\DisplayBoard\HAL_Driver\Release\libHAL_Driver.a(hdulibsystemstm32f7xx.o)
                              startup/hdudispbstartupstm32f746xx.o (Vector_tab_sel)
E:\HOWELL_2021\HDU\MAY\DisplayBoard\HAL_Driver\Release\libHAL_Driver.a(hdulibstm32f7xxhalfmc.o)
                              E:\HOWELL_2021\HDU\MAY\DisplayBoard\HAL_Driver\Release\libHAL_Driver.a(hdulibstm32f7xxhalsdram.o) (FmcSdramInit)
c:/ac6/systemworkbench/plugins/fr.ac6.mcu.externaltools.arm-none.win32_1.13.2.201705091103/tools/compiler/bin/../lib/gcc/arm-none-eabi/5.4.1/../../../../arm-none-eabi/lib/armv7e-m/fpu/fpv5-sp-d16\libc.a(lib_a-exit.o)
                              c:/ac6/systemworkbench/plugins/fr.ac6.mcu.externaltools.arm-none.win32_1.13.2.201705091103/tools/compiler/bin/../lib/gcc/arm-none-eabi/5.4.1/../../../../arm-none-eabi/lib/armv7e-m/fpu/fpv5-sp-d16/crt0.o (exit)
c:/ac6/systemworkbench/plugins/fr.ac6.mcu.externaltools.arm-none.win32_1.13.2.201705091103/tools/compiler/bin/../lib/gcc/arm-none-eabi/5.4.1/../../../../arm-none-eabi/lib/armv7e-m/fpu/fpv5-sp-d16\libc.a(lib_a-impure.o)
                              c:/ac6/systemworkbench/plugins/fr.ac6.mcu.externaltools.arm-none.win32_1.13.2.201705091103/tools/compiler/bin/../lib/gcc/arm-none-eabi/5.4.1/../../../../arm-none-eabi/lib/armv7e-m/fpu/fpv5-sp-d16\libc.a(lib_a-exit.o) (_global_impure_ptr)
c:/ac6/systemworkbench/plugins/fr.ac6.mcu.externaltools.arm-none.win32_1.13.2.201705091103/tools/compiler/bin/../lib/gcc/arm-none-eabi/5.4.1/../../../../arm-none-eabi/lib/armv7e-m/fpu/fpv5-sp-d16\libc.a(lib_a-init.o)
                              c:/ac6/systemworkbench/plugins/fr.ac6.mcu.externaltools.arm-none.win32_1.13.2.201705091103/tools/compiler/bin/../lib/gcc/arm-none-eabi/5.4.1/../../../../arm-none-eabi/lib/armv7e-m/fpu/fpv5-sp-d16/crt0.o (__libc_init_array)
c:/ac6/systemworkbench/plugins/fr.ac6.mcu.externaltools.arm-none.win32_1.13.2.201705091103/tools/compiler/bin/../lib/gcc/arm-none-eabi/5.4.1/../../../../arm-none-eabi/lib/armv7e-m/fpu/fpv5-sp-d16\libc.a(lib_a-memset.o)
                              c:/ac6/systemworkbench/plugins/fr.ac6.mcu.externaltools.arm-none.win32_1.13.2.201705091103/tools/compiler/bin/../lib/gcc/arm-none-eabi/5.4.1/../../../../arm-none-eabi/lib/armv7e-m/fpu/fpv5-sp-d16/crt0.o (memset)
c:/ac6/systemworkbench/plugins/fr.ac6.mcu.externaltools.arm-none.win32_1.13.2.201705091103/tools/compiler/bin/../lib/gcc/arm-none-eabi/5.4.1/../../../../arm-none-eabi/lib/armv7e-m/fpu/fpv5-sp-d16\libc.a(lib_a-__call_atexit.o)
                              c:/ac6/systemworkbench/plugins/fr.ac6.mcu.externaltools.arm-none.win32_1.13.2.201705091103/tools/compiler/bin/../lib/gcc/arm-none-eabi/5.4.1/../../../../arm-none-eabi/lib/armv7e-m/fpu/fpv5-sp-d16\libc.a(lib_a-exit.o) (__call_exitprocs)
c:/ac6/systemworkbench/plugins/fr.ac6.mcu.externaltools.arm-none.win32_1.13.2.201705091103/tools/compiler/bin/../lib/gcc/arm-none-eabi/5.4.1/../../../../arm-none-eabi/lib/armv7e-m/fpu/fpv5-sp-d16\libc.a(lib_a-atexit.o)
                              c:/ac6/systemworkbench/plugins/fr.ac6.mcu.externaltools.arm-none.win32_1.13.2.201705091103/tools/compiler/bin/../lib/gcc/arm-none-eabi/5.4.1/../../../../arm-none-eabi/lib/armv7e-m/fpu/fpv5-sp-d16\libc.a(lib_a-__call_atexit.o) (atexit)
c:/ac6/systemworkbench/plugins/fr.ac6.mcu.externaltools.arm-none.win32_1.13.2.201705091103/tools/compiler/bin/../lib/gcc/arm-none-eabi/5.4.1/../../../../arm-none-eabi/lib/armv7e-m/fpu/fpv5-sp-d16\libc.a(lib_a-fini.o)
                              c:/ac6/systemworkbench/plugins/fr.ac6.mcu.externaltools.arm-none.win32_1.13.2.201705091103/tools/compiler/bin/../lib/gcc/arm-none-eabi/5.4.1/../../../../arm-none-eabi/lib/armv7e-m/fpu/fpv5-sp-d16\libc.a(lib_a-__call_atexit.o) (__libc_fini_array)
c:/ac6/systemworkbench/plugins/fr.ac6.mcu.externaltools.arm-none.win32_1.13.2.201705091103/tools/compiler/bin/../lib/gcc/arm-none-eabi/5.4.1/../../../../arm-none-eabi/lib/armv7e-m/fpu/fpv5-sp-d16\libc.a(lib_a-__atexit.o)
                              c:/ac6/systemworkbench/plugins/fr.ac6.mcu.externaltools.arm-none.win32_1.13.2.201705091103/tools/compiler/bin/../lib/gcc/arm-none-eabi/5.4.1/../../../../arm-none-eabi/lib/armv7e-m/fpu/fpv5-sp-d16\libc.a(lib_a-atexit.o) (__register_exitproc)

Discarded input sections

 .text          0x00000000        0x0 c:/ac6/systemworkbench/plugins/fr.ac6.mcu.externaltools.arm-none.win32_1.13.2.201705091103/tools/compiler/bin/../lib/gcc/arm-none-eabi/5.4.1/armv7e-m/fpu/fpv5-sp-d16/crti.o
 .data          0x00000000        0x0 c:/ac6/systemworkbench/plugins/fr.ac6.mcu.externaltools.arm-none.win32_1.13.2.201705091103/tools/compiler/bin/../lib/gcc/arm-none-eabi/5.4.1/armv7e-m/fpu/fpv5-sp-d16/crti.o
 .bss           0x00000000        0x0 c:/ac6/systemworkbench/plugins/fr.ac6.mcu.externaltools.arm-none.win32_1.13.2.201705091103/tools/compiler/bin/../lib/gcc/arm-none-eabi/5.4.1/armv7e-m/fpu/fpv5-sp-d16/crti.o
 .data          0x00000000        0x4 c:/ac6/systemworkbench/plugins/fr.ac6.mcu.externaltools.arm-none.win32_1.13.2.201705091103/tools/compiler/bin/../lib/gcc/arm-none-eabi/5.4.1/armv7e-m/fpu/fpv5-sp-d16/crtbegin.o
 .text          0x00000000       0x74 c:/ac6/systemworkbench/plugins/fr.ac6.mcu.externaltools.arm-none.win32_1.13.2.201705091103/tools/compiler/bin/../lib/gcc/arm-none-eabi/5.4.1/../../../../arm-none-eabi/lib/armv7e-m/fpu/fpv5-sp-d16/crt0.o
 .data          0x00000000        0x0 c:/ac6/systemworkbench/plugins/fr.ac6.mcu.externaltools.arm-none.win32_1.13.2.201705091103/tools/compiler/bin/../lib/gcc/arm-none-eabi/5.4.1/../../../../arm-none-eabi/lib/armv7e-m/fpu/fpv5-sp-d16/crt0.o
 .bss           0x00000000        0x0 c:/ac6/systemworkbench/plugins/fr.ac6.mcu.externaltools.arm-none.win32_1.13.2.201705091103/tools/compiler/bin/../lib/gcc/arm-none-eabi/5.4.1/../../../../arm-none-eabi/lib/armv7e-m/fpu/fpv5-sp-d16/crt0.o
 .ARM.extab     0x00000000        0x0 c:/ac6/systemworkbench/plugins/fr.ac6.mcu.externaltools.arm-none.win32_1.13.2.201705091103/tools/compiler/bin/../lib/gcc/arm-none-eabi/5.4.1/../../../../arm-none-eabi/lib/armv7e-m/fpu/fpv5-sp-d16/crt0.o
 .ARM.exidx     0x00000000        0x8 c:/ac6/systemworkbench/plugins/fr.ac6.mcu.externaltools.arm-none.win32_1.13.2.201705091103/tools/compiler/bin/../lib/gcc/arm-none-eabi/5.4.1/../../../../arm-none-eabi/lib/armv7e-m/fpu/fpv5-sp-d16/crt0.o
 .ARM.attributes
                0x00000000       0x20 c:/ac6/systemworkbench/plugins/fr.ac6.mcu.externaltools.arm-none.win32_1.13.2.201705091103/tools/compiler/bin/../lib/gcc/arm-none-eabi/5.4.1/../../../../arm-none-eabi/lib/armv7e-m/fpu/fpv5-sp-d16/crt0.o
 .text          0x00000000        0x0 src/hdudispbbinascii.o
 .data          0x00000000        0x0 src/hdudispbbinascii.o
 .bss           0x00000000        0x0 src/hdudispbbinascii.o
 .text          0x00000000        0x0 src/hdudispbboot.o
 .data          0x00000000        0x0 src/hdudispbboot.o
 .bss           0x00000000        0x0 src/hdudispbboot.o
 .text          0x00000000        0x0 src/hdudispbconsolas24haa4.o
 .data          0x00000000        0x0 src/hdudispbconsolas24haa4.o
 .bss           0x00000000        0x0 src/hdudispbconsolas24haa4.o
 .text          0x00000000        0x0 src/hdudispbcrc.o
 .data          0x00000000        0x0 src/hdudispbcrc.o
 .bss           0x00000000        0x0 src/hdudispbcrc.o
 .text          0x00000000        0x0 src/hdudispbfonts.o
 .data          0x00000000        0x0 src/hdudispbfonts.o
 .bss           0x00000000        0x0 src/hdudispbfonts.o
 .text          0x00000000        0x0 src/hdudispbmain.o
 .data          0x00000000        0x0 src/hdudispbmain.o
 .bss           0x00000000        0x0 src/hdudispbmain.o
 .text          0x00000000        0x0 src/hdudispbpanel.o
 .data          0x00000000        0x0 src/hdudispbpanel.o
 .bss           0x00000000        0x0 src/hdudispbpanel.o
 .text          0x00000000        0x0 src/hdudispbpwm.o
 .data          0x00000000        0x0 src/hdudispbpwm.o
 .bss           0x00000000        0x0 src/hdudispbpwm.o
 .text          0x00000000        0x0 src/hdudispbrevno.o
 .data          0x00000000        0x0 src/hdudispbrevno.o
 .bss           0x00000000        0x0 src/hdudispbrevno.o
 .text          0x00000000        0x0 src/hdudispbrterr.o
 .data          0x00000000        0x0 src/hdudispbrterr.o
 .bss           0x00000000        0x0 src/hdudispbrterr.o
 .text          0x00000000        0x0 src/hdudispbtext.o
 .data          0x00000000        0x0 src/hdudispbtext.o
 .bss           0x00000000        0x0 src/hdudispbtext.o
 .text          0x00000000       0x14 startup/hdudispbstartupstm32f746xx.o
 .data          0x00000000        0x0 startup/hdudispbstartupstm32f746xx.o
 .bss           0x00000000        0x0 startup/hdudispbstartupstm32f746xx.o
 .text          0x00000000        0x0 E:\HOWELL_2021\HDU\MAY\DisplayBoard\HAL_Driver\Release\libHAL_Driver.a(hdulibstm32756gevalsdram.o)
 .data          0x00000000        0x0 E:\HOWELL_2021\HDU\MAY\DisplayBoard\HAL_Driver\Release\libHAL_Driver.a(hdulibstm32756gevalsdram.o)
 .bss           0x00000000        0x0 E:\HOWELL_2021\HDU\MAY\DisplayBoard\HAL_Driver\Release\libHAL_Driver.a(hdulibstm32756gevalsdram.o)
 .text          0x00000000        0x0 E:\HOWELL_2021\HDU\MAY\DisplayBoard\HAL_Driver\Release\libHAL_Driver.a(hdulibstm32f7xxhal.o)
 .data          0x00000000        0x0 E:\HOWELL_2021\HDU\MAY\DisplayBoard\HAL_Driver\Release\libHAL_Driver.a(hdulibstm32f7xxhal.o)
 .bss           0x00000000        0x0 E:\HOWELL_2021\HDU\MAY\DisplayBoard\HAL_Driver\Release\libHAL_Driver.a(hdulibstm32f7xxhal.o)
 .text          0x00000000        0x0 E:\HOWELL_2021\HDU\MAY\DisplayBoard\HAL_Driver\Release\libHAL_Driver.a(hdulibstm32f7xxhalcortex.o)
 .data          0x00000000        0x0 E:\HOWELL_2021\HDU\MAY\DisplayBoard\HAL_Driver\Release\libHAL_Driver.a(hdulibstm32f7xxhalcortex.o)
 .bss           0x00000000        0x0 E:\HOWELL_2021\HDU\MAY\DisplayBoard\HAL_Driver\Release\libHAL_Driver.a(hdulibstm32f7xxhalcortex.o)
 .text          0x00000000        0x0 E:\HOWELL_2021\HDU\MAY\DisplayBoard\HAL_Driver\Release\libHAL_Driver.a(hdulibstm32f7xxhalcrc.o)
 .data          0x00000000        0x0 E:\HOWELL_2021\HDU\MAY\DisplayBoard\HAL_Driver\Release\libHAL_Driver.a(hdulibstm32f7xxhalcrc.o)
 .bss           0x00000000        0x0 E:\HOWELL_2021\HDU\MAY\DisplayBoard\HAL_Driver\Release\libHAL_Driver.a(hdulibstm32f7xxhalcrc.o)
 .text          0x00000000        0x0 E:\HOWELL_2021\HDU\MAY\DisplayBoard\HAL_Driver\Release\libHAL_Driver.a(hdulibstm32f7xxhalcrcex.o)
 .data          0x00000000        0x0 E:\HOWELL_2021\HDU\MAY\DisplayBoard\HAL_Driver\Release\libHAL_Driver.a(hdulibstm32f7xxhalcrcex.o)
 .bss           0x00000000        0x0 E:\HOWELL_2021\HDU\MAY\DisplayBoard\HAL_Driver\Release\libHAL_Driver.a(hdulibstm32f7xxhalcrcex.o)
 .text          0x00000000        0x0 E:\HOWELL_2021\HDU\MAY\DisplayBoard\HAL_Driver\Release\libHAL_Driver.a(hdulibstm32f7xxhaldma.o)
 .data          0x00000000        0x0 E:\HOWELL_2021\HDU\MAY\DisplayBoard\HAL_Driver\Release\libHAL_Driver.a(hdulibstm32f7xxhaldma.o)
 .bss           0x00000000        0x0 E:\HOWELL_2021\HDU\MAY\DisplayBoard\HAL_Driver\Release\libHAL_Driver.a(hdulibstm32f7xxhaldma.o)
 .text.HALDmaStartIT
                0x00000000       0xc0 E:\HOWELL_2021\HDU\MAY\DisplayBoard\HAL_Driver\Release\libHAL_Driver.a(hdulibstm32f7xxhaldma.o)
 .text.HALDmaIrqHandler
                0x00000000      0x324 E:\HOWELL_2021\HDU\MAY\DisplayBoard\HAL_Driver\Release\libHAL_Driver.a(hdulibstm32f7xxhaldma.o)
 .text.HALDmaRegisterCallback
                0x00000000       0xa8 E:\HOWELL_2021\HDU\MAY\DisplayBoard\HAL_Driver\Release\libHAL_Driver.a(hdulibstm32f7xxhaldma.o)
 .text.DmaSetConfig
                0x00000000       0x5c E:\HOWELL_2021\HDU\MAY\DisplayBoard\HAL_Driver\Release\libHAL_Driver.a(hdulibstm32f7xxhaldma.o)
 .text          0x00000000        0x0 E:\HOWELL_2021\HDU\MAY\DisplayBoard\HAL_Driver\Release\libHAL_Driver.a(hdulibstm32f7xxhalgpio.o)
 .data          0x00000000        0x0 E:\HOWELL_2021\HDU\MAY\DisplayBoard\HAL_Driver\Release\libHAL_Driver.a(hdulibstm32f7xxhalgpio.o)
 .bss           0x00000000        0x0 E:\HOWELL_2021\HDU\MAY\DisplayBoard\HAL_Driver\Release\libHAL_Driver.a(hdulibstm32f7xxhalgpio.o)
 .text.HALGpioWritePin
                0x00000000       0x34 E:\HOWELL_2021\HDU\MAY\DisplayBoard\HAL_Driver\Release\libHAL_Driver.a(hdulibstm32f7xxhalgpio.o)
 .text.HALGpioTogglePin
                0x00000000       0x24 E:\HOWELL_2021\HDU\MAY\DisplayBoard\HAL_Driver\Release\libHAL_Driver.a(hdulibstm32f7xxhalgpio.o)
 .text          0x00000000        0x0 E:\HOWELL_2021\HDU\MAY\DisplayBoard\HAL_Driver\Release\libHAL_Driver.a(hdulibstm32f7xxhalltdc.o)
 .data          0x00000000        0x0 E:\HOWELL_2021\HDU\MAY\DisplayBoard\HAL_Driver\Release\libHAL_Driver.a(hdulibstm32f7xxhalltdc.o)
 .bss           0x00000000        0x0 E:\HOWELL_2021\HDU\MAY\DisplayBoard\HAL_Driver\Release\libHAL_Driver.a(hdulibstm32f7xxhalltdc.o)
 .text.HalLtdcSetAddress
                0x00000000       0x70 E:\HOWELL_2021\HDU\MAY\DisplayBoard\HAL_Driver\Release\libHAL_Driver.a(hdulibstm32f7xxhalltdc.o)
 .text          0x00000000        0x0 E:\HOWELL_2021\HDU\MAY\DisplayBoard\HAL_Driver\Release\libHAL_Driver.a(hdulibstm32f7xxhalmsp.o)
 .data          0x00000000        0x0 E:\HOWELL_2021\HDU\MAY\DisplayBoard\HAL_Driver\Release\libHAL_Driver.a(hdulibstm32f7xxhalmsp.o)
 .bss           0x00000000        0x0 E:\HOWELL_2021\HDU\MAY\DisplayBoard\HAL_Driver\Release\libHAL_Driver.a(hdulibstm32f7xxhalmsp.o)
 .text          0x00000000        0x0 E:\HOWELL_2021\HDU\MAY\DisplayBoard\HAL_Driver\Release\libHAL_Driver.a(hdulibstm32f7xxhalpwrex.o)
 .data          0x00000000        0x0 E:\HOWELL_2021\HDU\MAY\DisplayBoard\HAL_Driver\Release\libHAL_Driver.a(hdulibstm32f7xxhalpwrex.o)
 .bss           0x00000000        0x0 E:\HOWELL_2021\HDU\MAY\DisplayBoard\HAL_Driver\Release\libHAL_Driver.a(hdulibstm32f7xxhalpwrex.o)
 .text          0x00000000        0x0 E:\HOWELL_2021\HDU\MAY\DisplayBoard\HAL_Driver\Release\libHAL_Driver.a(hdulibstm32f7xxhalrcc.o)
 .data          0x00000000        0x0 E:\HOWELL_2021\HDU\MAY\DisplayBoard\HAL_Driver\Release\libHAL_Driver.a(hdulibstm32f7xxhalrcc.o)
 .bss           0x00000000        0x0 E:\HOWELL_2021\HDU\MAY\DisplayBoard\HAL_Driver\Release\libHAL_Driver.a(hdulibstm32f7xxhalrcc.o)
 .text          0x00000000        0x0 E:\HOWELL_2021\HDU\MAY\DisplayBoard\HAL_Driver\Release\libHAL_Driver.a(hdulibstm32f7xxhalrccex.o)
 .data          0x00000000        0x0 E:\HOWELL_2021\HDU\MAY\DisplayBoard\HAL_Driver\Release\libHAL_Driver.a(hdulibstm32f7xxhalrccex.o)
 .bss           0x00000000        0x0 E:\HOWELL_2021\HDU\MAY\DisplayBoard\HAL_Driver\Release\libHAL_Driver.a(hdulibstm32f7xxhalrccex.o)
 .text          0x00000000        0x0 E:\HOWELL_2021\HDU\MAY\DisplayBoard\HAL_Driver\Release\libHAL_Driver.a(hdulibstm32f7xxhalsdram.o)
 .data          0x00000000        0x0 E:\HOWELL_2021\HDU\MAY\DisplayBoard\HAL_Driver\Release\libHAL_Driver.a(hdulibstm32f7xxhalsdram.o)
 .bss           0x00000000        0x0 E:\HOWELL_2021\HDU\MAY\DisplayBoard\HAL_Driver\Release\libHAL_Driver.a(hdulibstm32f7xxhalsdram.o)
 .text          0x00000000        0x0 E:\HOWELL_2021\HDU\MAY\DisplayBoard\HAL_Driver\Release\libHAL_Driver.a(hdulibstm32f7xxhaltim.o)
 .data          0x00000000        0x0 E:\HOWELL_2021\HDU\MAY\DisplayBoard\HAL_Driver\Release\libHAL_Driver.a(hdulibstm32f7xxhaltim.o)
 .bss           0x00000000        0x0 E:\HOWELL_2021\HDU\MAY\DisplayBoard\HAL_Driver\Release\libHAL_Driver.a(hdulibstm32f7xxhaltim.o)
 .text          0x00000000        0x0 E:\HOWELL_2021\HDU\MAY\DisplayBoard\HAL_Driver\Release\libHAL_Driver.a(hdulibsystemstm32f7xx.o)
 .data          0x00000000        0x0 E:\HOWELL_2021\HDU\MAY\DisplayBoard\HAL_Driver\Release\libHAL_Driver.a(hdulibsystemstm32f7xx.o)
 .bss           0x00000000        0x0 E:\HOWELL_2021\HDU\MAY\DisplayBoard\HAL_Driver\Release\libHAL_Driver.a(hdulibsystemstm32f7xx.o)
 .rodata.Apb_presc_table
                0x00000000        0x8 E:\HOWELL_2021\HDU\MAY\DisplayBoard\HAL_Driver\Release\libHAL_Driver.a(hdulibsystemstm32f7xx.o)
 .text          0x00000000        0x0 E:\HOWELL_2021\HDU\MAY\DisplayBoard\HAL_Driver\Release\libHAL_Driver.a(hdulibstm32f7xxhalfmc.o)
 .data          0x00000000        0x0 E:\HOWELL_2021\HDU\MAY\DisplayBoard\HAL_Driver\Release\libHAL_Driver.a(hdulibstm32f7xxhalfmc.o)
 .bss           0x00000000        0x0 E:\HOWELL_2021\HDU\MAY\DisplayBoard\HAL_Driver\Release\libHAL_Driver.a(hdulibstm32f7xxhalfmc.o)
 .text.FmcNorSramInit
                0x00000000       0xe0 E:\HOWELL_2021\HDU\MAY\DisplayBoard\HAL_Driver\Release\libHAL_Driver.a(hdulibstm32f7xxhalfmc.o)
 .text.FmcNorSramTimingInit
                0x00000000       0xb0 E:\HOWELL_2021\HDU\MAY\DisplayBoard\HAL_Driver\Release\libHAL_Driver.a(hdulibstm32f7xxhalfmc.o)
 .text.FmcNorSramExtendedTimingInit
                0x00000000       0x80 E:\HOWELL_2021\HDU\MAY\DisplayBoard\HAL_Driver\Release\libHAL_Driver.a(hdulibstm32f7xxhalfmc.o)
 .text          0x00000000        0x0 c:/ac6/systemworkbench/plugins/fr.ac6.mcu.externaltools.arm-none.win32_1.13.2.201705091103/tools/compiler/bin/../lib/gcc/arm-none-eabi/5.4.1/../../../../arm-none-eabi/lib/armv7e-m/fpu/fpv5-sp-d16\libc.a(lib_a-exit.o)
 .data          0x00000000        0x0 c:/ac6/systemworkbench/plugins/fr.ac6.mcu.externaltools.arm-none.win32_1.13.2.201705091103/tools/compiler/bin/../lib/gcc/arm-none-eabi/5.4.1/../../../../arm-none-eabi/lib/armv7e-m/fpu/fpv5-sp-d16\libc.a(lib_a-exit.o)
 .bss           0x00000000        0x0 c:/ac6/systemworkbench/plugins/fr.ac6.mcu.externaltools.arm-none.win32_1.13.2.201705091103/tools/compiler/bin/../lib/gcc/arm-none-eabi/5.4.1/../../../../arm-none-eabi/lib/armv7e-m/fpu/fpv5-sp-d16\libc.a(lib_a-exit.o)
 .text.exit     0x00000000       0x20 c:/ac6/systemworkbench/plugins/fr.ac6.mcu.externaltools.arm-none.win32_1.13.2.201705091103/tools/compiler/bin/../lib/gcc/arm-none-eabi/5.4.1/../../../../arm-none-eabi/lib/armv7e-m/fpu/fpv5-sp-d16\libc.a(lib_a-exit.o)
 .debug_frame   0x00000000       0x28 c:/ac6/systemworkbench/plugins/fr.ac6.mcu.externaltools.arm-none.win32_1.13.2.201705091103/tools/compiler/bin/../lib/gcc/arm-none-eabi/5.4.1/../../../../arm-none-eabi/lib/armv7e-m/fpu/fpv5-sp-d16\libc.a(lib_a-exit.o)
 .ARM.attributes
                0x00000000       0x34 c:/ac6/systemworkbench/plugins/fr.ac6.mcu.externaltools.arm-none.win32_1.13.2.201705091103/tools/compiler/bin/../lib/gcc/arm-none-eabi/5.4.1/../../../../arm-none-eabi/lib/armv7e-m/fpu/fpv5-sp-d16\libc.a(lib_a-exit.o)
 .text          0x00000000        0x0 c:/ac6/systemworkbench/plugins/fr.ac6.mcu.externaltools.arm-none.win32_1.13.2.201705091103/tools/compiler/bin/../lib/gcc/arm-none-eabi/5.4.1/../../../../arm-none-eabi/lib/armv7e-m/fpu/fpv5-sp-d16\libc.a(lib_a-impure.o)
 .data          0x00000000        0x0 c:/ac6/systemworkbench/plugins/fr.ac6.mcu.externaltools.arm-none.win32_1.13.2.201705091103/tools/compiler/bin/../lib/gcc/arm-none-eabi/5.4.1/../../../../arm-none-eabi/lib/armv7e-m/fpu/fpv5-sp-d16\libc.a(lib_a-impure.o)
 .bss           0x00000000        0x0 c:/ac6/systemworkbench/plugins/fr.ac6.mcu.externaltools.arm-none.win32_1.13.2.201705091103/tools/compiler/bin/../lib/gcc/arm-none-eabi/5.4.1/../../../../arm-none-eabi/lib/armv7e-m/fpu/fpv5-sp-d16\libc.a(lib_a-impure.o)
 .data._impure_ptr
                0x00000000        0x4 c:/ac6/systemworkbench/plugins/fr.ac6.mcu.externaltools.arm-none.win32_1.13.2.201705091103/tools/compiler/bin/../lib/gcc/arm-none-eabi/5.4.1/../../../../arm-none-eabi/lib/armv7e-m/fpu/fpv5-sp-d16\libc.a(lib_a-impure.o)
 .text          0x00000000        0x0 c:/ac6/systemworkbench/plugins/fr.ac6.mcu.externaltools.arm-none.win32_1.13.2.201705091103/tools/compiler/bin/../lib/gcc/arm-none-eabi/5.4.1/../../../../arm-none-eabi/lib/armv7e-m/fpu/fpv5-sp-d16\libc.a(lib_a-init.o)
 .data          0x00000000        0x0 c:/ac6/systemworkbench/plugins/fr.ac6.mcu.externaltools.arm-none.win32_1.13.2.201705091103/tools/compiler/bin/../lib/gcc/arm-none-eabi/5.4.1/../../../../arm-none-eabi/lib/armv7e-m/fpu/fpv5-sp-d16\libc.a(lib_a-init.o)
 .bss           0x00000000        0x0 c:/ac6/systemworkbench/plugins/fr.ac6.mcu.externaltools.arm-none.win32_1.13.2.201705091103/tools/compiler/bin/../lib/gcc/arm-none-eabi/5.4.1/../../../../arm-none-eabi/lib/armv7e-m/fpu/fpv5-sp-d16\libc.a(lib_a-init.o)
 .text          0x00000000        0x0 c:/ac6/systemworkbench/plugins/fr.ac6.mcu.externaltools.arm-none.win32_1.13.2.201705091103/tools/compiler/bin/../lib/gcc/arm-none-eabi/5.4.1/../../../../arm-none-eabi/lib/armv7e-m/fpu/fpv5-sp-d16\libc.a(lib_a-memset.o)
 .data          0x00000000        0x0 c:/ac6/systemworkbench/plugins/fr.ac6.mcu.externaltools.arm-none.win32_1.13.2.201705091103/tools/compiler/bin/../lib/gcc/arm-none-eabi/5.4.1/../../../../arm-none-eabi/lib/armv7e-m/fpu/fpv5-sp-d16\libc.a(lib_a-memset.o)
 .bss           0x00000000        0x0 c:/ac6/systemworkbench/plugins/fr.ac6.mcu.externaltools.arm-none.win32_1.13.2.201705091103/tools/compiler/bin/../lib/gcc/arm-none-eabi/5.4.1/../../../../arm-none-eabi/lib/armv7e-m/fpu/fpv5-sp-d16\libc.a(lib_a-memset.o)
 .text          0x00000000        0x0 c:/ac6/systemworkbench/plugins/fr.ac6.mcu.externaltools.arm-none.win32_1.13.2.201705091103/tools/compiler/bin/../lib/gcc/arm-none-eabi/5.4.1/../../../../arm-none-eabi/lib/armv7e-m/fpu/fpv5-sp-d16\libc.a(lib_a-__call_atexit.o)
 .data          0x00000000        0x0 c:/ac6/systemworkbench/plugins/fr.ac6.mcu.externaltools.arm-none.win32_1.13.2.201705091103/tools/compiler/bin/../lib/gcc/arm-none-eabi/5.4.1/../../../../arm-none-eabi/lib/armv7e-m/fpu/fpv5-sp-d16\libc.a(lib_a-__call_atexit.o)
 .bss           0x00000000        0x0 c:/ac6/systemworkbench/plugins/fr.ac6.mcu.externaltools.arm-none.win32_1.13.2.201705091103/tools/compiler/bin/../lib/gcc/arm-none-eabi/5.4.1/../../../../arm-none-eabi/lib/armv7e-m/fpu/fpv5-sp-d16\libc.a(lib_a-__call_atexit.o)
 .text.__call_exitprocs
                0x00000000       0xd8 c:/ac6/systemworkbench/plugins/fr.ac6.mcu.externaltools.arm-none.win32_1.13.2.201705091103/tools/compiler/bin/../lib/gcc/arm-none-eabi/5.4.1/../../../../arm-none-eabi/lib/armv7e-m/fpu/fpv5-sp-d16\libc.a(lib_a-__call_atexit.o)
 .text          0x00000000        0x0 c:/ac6/systemworkbench/plugins/fr.ac6.mcu.externaltools.arm-none.win32_1.13.2.201705091103/tools/compiler/bin/../lib/gcc/arm-none-eabi/5.4.1/../../../../arm-none-eabi/lib/armv7e-m/fpu/fpv5-sp-d16\libc.a(lib_a-atexit.o)
 .data          0x00000000        0x0 c:/ac6/systemworkbench/plugins/fr.ac6.mcu.externaltools.arm-none.win32_1.13.2.201705091103/tools/compiler/bin/../lib/gcc/arm-none-eabi/5.4.1/../../../../arm-none-eabi/lib/armv7e-m/fpu/fpv5-sp-d16\libc.a(lib_a-atexit.o)
 .bss           0x00000000        0x0 c:/ac6/systemworkbench/plugins/fr.ac6.mcu.externaltools.arm-none.win32_1.13.2.201705091103/tools/compiler/bin/../lib/gcc/arm-none-eabi/5.4.1/../../../../arm-none-eabi/lib/armv7e-m/fpu/fpv5-sp-d16\libc.a(lib_a-atexit.o)
 .text          0x00000000        0x0 c:/ac6/systemworkbench/plugins/fr.ac6.mcu.externaltools.arm-none.win32_1.13.2.201705091103/tools/compiler/bin/../lib/gcc/arm-none-eabi/5.4.1/../../../../arm-none-eabi/lib/armv7e-m/fpu/fpv5-sp-d16\libc.a(lib_a-fini.o)
 .data          0x00000000        0x0 c:/ac6/systemworkbench/plugins/fr.ac6.mcu.externaltools.arm-none.win32_1.13.2.201705091103/tools/compiler/bin/../lib/gcc/arm-none-eabi/5.4.1/../../../../arm-none-eabi/lib/armv7e-m/fpu/fpv5-sp-d16\libc.a(lib_a-fini.o)
 .bss           0x00000000        0x0 c:/ac6/systemworkbench/plugins/fr.ac6.mcu.externaltools.arm-none.win32_1.13.2.201705091103/tools/compiler/bin/../lib/gcc/arm-none-eabi/5.4.1/../../../../arm-none-eabi/lib/armv7e-m/fpu/fpv5-sp-d16\libc.a(lib_a-fini.o)
 .text          0x00000000        0x0 c:/ac6/systemworkbench/plugins/fr.ac6.mcu.externaltools.arm-none.win32_1.13.2.201705091103/tools/compiler/bin/../lib/gcc/arm-none-eabi/5.4.1/../../../../arm-none-eabi/lib/armv7e-m/fpu/fpv5-sp-d16\libc.a(lib_a-__atexit.o)
 .data          0x00000000        0x0 c:/ac6/systemworkbench/plugins/fr.ac6.mcu.externaltools.arm-none.win32_1.13.2.201705091103/tools/compiler/bin/../lib/gcc/arm-none-eabi/5.4.1/../../../../arm-none-eabi/lib/armv7e-m/fpu/fpv5-sp-d16\libc.a(lib_a-__atexit.o)
 .bss           0x00000000        0x0 c:/ac6/systemworkbench/plugins/fr.ac6.mcu.externaltools.arm-none.win32_1.13.2.201705091103/tools/compiler/bin/../lib/gcc/arm-none-eabi/5.4.1/../../../../arm-none-eabi/lib/armv7e-m/fpu/fpv5-sp-d16\libc.a(lib_a-__atexit.o)
 .text          0x00000000        0x0 c:/ac6/systemworkbench/plugins/fr.ac6.mcu.externaltools.arm-none.win32_1.13.2.201705091103/tools/compiler/bin/../lib/gcc/arm-none-eabi/5.4.1/armv7e-m/fpu/fpv5-sp-d16/crtend.o
 .data          0x00000000        0x0 c:/ac6/systemworkbench/plugins/fr.ac6.mcu.externaltools.arm-none.win32_1.13.2.201705091103/tools/compiler/bin/../lib/gcc/arm-none-eabi/5.4.1/armv7e-m/fpu/fpv5-sp-d16/crtend.o
 .bss           0x00000000        0x0 c:/ac6/systemworkbench/plugins/fr.ac6.mcu.externaltools.arm-none.win32_1.13.2.201705091103/tools/compiler/bin/../lib/gcc/arm-none-eabi/5.4.1/armv7e-m/fpu/fpv5-sp-d16/crtend.o
 .eh_frame      0x00000000        0x4 c:/ac6/systemworkbench/plugins/fr.ac6.mcu.externaltools.arm-none.win32_1.13.2.201705091103/tools/compiler/bin/../lib/gcc/arm-none-eabi/5.4.1/armv7e-m/fpu/fpv5-sp-d16/crtend.o
 .jcr           0x00000000        0x4 c:/ac6/systemworkbench/plugins/fr.ac6.mcu.externaltools.arm-none.win32_1.13.2.201705091103/tools/compiler/bin/../lib/gcc/arm-none-eabi/5.4.1/armv7e-m/fpu/fpv5-sp-d16/crtend.o
 .ARM.attributes
                0x00000000       0x34 c:/ac6/systemworkbench/plugins/fr.ac6.mcu.externaltools.arm-none.win32_1.13.2.201705091103/tools/compiler/bin/../lib/gcc/arm-none-eabi/5.4.1/armv7e-m/fpu/fpv5-sp-d16/crtend.o
 .text          0x00000000        0x0 c:/ac6/systemworkbench/plugins/fr.ac6.mcu.externaltools.arm-none.win32_1.13.2.201705091103/tools/compiler/bin/../lib/gcc/arm-none-eabi/5.4.1/armv7e-m/fpu/fpv5-sp-d16/crtn.o
 .data          0x00000000        0x0 c:/ac6/systemworkbench/plugins/fr.ac6.mcu.externaltools.arm-none.win32_1.13.2.201705091103/tools/compiler/bin/../lib/gcc/arm-none-eabi/5.4.1/armv7e-m/fpu/fpv5-sp-d16/crtn.o
 .bss           0x00000000        0x0 c:/ac6/systemworkbench/plugins/fr.ac6.mcu.externaltools.arm-none.win32_1.13.2.201705091103/tools/compiler/bin/../lib/gcc/arm-none-eabi/5.4.1/armv7e-m/fpu/fpv5-sp-d16/crtn.o

Memory Configuration

Name             Origin             Length             Attributes
FLASH_BOOT       0x08000000         0x0000ffec         xr
FLASH_APP        0x08080000         0x00080000         xr
RAM              0x20000000         0x00040000         xrw
FLASH2           0x0800ffec         0x00000014         xr
*default*        0x00000000         0xffffffff

Linker script and memory map

LOAD c:/ac6/systemworkbench/plugins/fr.ac6.mcu.externaltools.arm-none.win32_1.13.2.201705091103/tools/compiler/bin/../lib/gcc/arm-none-eabi/5.4.1/armv7e-m/fpu/fpv5-sp-d16/crti.o
LOAD c:/ac6/systemworkbench/plugins/fr.ac6.mcu.externaltools.arm-none.win32_1.13.2.201705091103/tools/compiler/bin/../lib/gcc/arm-none-eabi/5.4.1/armv7e-m/fpu/fpv5-sp-d16/crtbegin.o
LOAD c:/ac6/systemworkbench/plugins/fr.ac6.mcu.externaltools.arm-none.win32_1.13.2.201705091103/tools/compiler/bin/../lib/gcc/arm-none-eabi/5.4.1/../../../../arm-none-eabi/lib/armv7e-m/fpu/fpv5-sp-d16/crt0.o
LOAD src/hdudispbbinascii.o
LOAD src/hdudispbboot.o
LOAD src/hdudispbconsolas24haa4.o
LOAD src/hdudispbcrc.o
LOAD src/hdudispbfonts.o
LOAD src/hdudispbmain.o
LOAD src/hdudispbpanel.o
LOAD src/hdudispbpwm.o
LOAD src/hdudispbrevno.o
LOAD src/hdudispbrterr.o
LOAD src/hdudispbtext.o
LOAD startup/hdudispbstartupstm32f746xx.o
LOAD E:\HOWELL_2021\HDU\MAY\DisplayBoard\HAL_Driver\Release\libHAL_Driver.a
LOAD c:/ac6/systemworkbench/plugins/fr.ac6.mcu.externaltools.arm-none.win32_1.13.2.201705091103/tools/compiler/bin/../lib/gcc/arm-none-eabi/5.4.1/../../../../arm-none-eabi/lib/armv7e-m/fpu/fpv5-sp-d16\libm.a
START GROUP
LOAD c:/ac6/systemworkbench/plugins/fr.ac6.mcu.externaltools.arm-none.win32_1.13.2.201705091103/tools/compiler/bin/../lib/gcc/arm-none-eabi/5.4.1/armv7e-m/fpu/fpv5-sp-d16\libgcc.a
LOAD c:/ac6/systemworkbench/plugins/fr.ac6.mcu.externaltools.arm-none.win32_1.13.2.201705091103/tools/compiler/bin/../lib/gcc/arm-none-eabi/5.4.1/../../../../arm-none-eabi/lib/armv7e-m/fpu/fpv5-sp-d16\libc.a
END GROUP
LOAD c:/ac6/systemworkbench/plugins/fr.ac6.mcu.externaltools.arm-none.win32_1.13.2.201705091103/tools/compiler/bin/../lib/gcc/arm-none-eabi/5.4.1/armv7e-m/fpu/fpv5-sp-d16/crtend.o
LOAD c:/ac6/systemworkbench/plugins/fr.ac6.mcu.externaltools.arm-none.win32_1.13.2.201705091103/tools/compiler/bin/../lib/gcc/arm-none-eabi/5.4.1/armv7e-m/fpu/fpv5-sp-d16/crtn.o
                0x20050000                _estack = 0x20050000
                0x00000200                _Min_Heap_Size = 0x200
                0x00000400                _Min_Stack_Size = 0x400

.id_storage     0x0800ffec       0x10
                0x0800ffec                start_id_storage = .
 *(.id_storage*)
 .id_storage    0x0800ffec       0x10 src/hdudispbrevno.o
                0x0800ffec                Revno_id
                0x0800fffc                end_id_storage = .

.isr_vector     0x08000000      0x1c8
                0x08000000                . = ALIGN (0x4)
 *(.isr_vector)
 .isr_vector    0x08000000      0x1c8 startup/hdudispbstartupstm32f746xx.o
                0x08000000                GPfnVectors
                0x080001c8                . = ALIGN (0x4)

.text           0x080001c8     0x6bdc
                0x080001c8                . = ALIGN (0x4)
 *(.text)
 .text          0x080001c8       0x5c c:/ac6/systemworkbench/plugins/fr.ac6.mcu.externaltools.arm-none.win32_1.13.2.201705091103/tools/compiler/bin/../lib/gcc/arm-none-eabi/5.4.1/armv7e-m/fpu/fpv5-sp-d16/crtbegin.o
 *(.text*)
 .text.BinAsciiConv
                0x08000224       0xa0 src/hdudispbbinascii.o
 .text.BinAscii
                0x080002c4      0x32c src/hdudispbbinascii.o
                0x080002c4                BinAscii
 .text.VCRCInit
                0x080005f0       0x44 src/hdudispbcrc.o
 .text.CRCRom   0x08000634       0x6c src/hdudispbcrc.o
                0x08000634                CRCRom
 .text.Pu8GetCharBitMap
                0x080006a0       0x74 src/hdudispbfonts.o
                0x080006a0                Pu8GetCharBitMap
 .text.PsGetCharInfo
                0x08000714       0x70 src/hdudispbfonts.o
                0x08000714                PsGetCharInfo
 .text.FontsGetFont
                0x08000784       0x34 src/hdudispbfonts.o
                0x08000784                FontsGetFont
 .text.FontsGetCharWidth
                0x080007b8       0x54 src/hdudispbfonts.o
                0x080007b8                FontsGetCharWidth
 .text.FontsGetFontHeight
                0x0800080c       0x38 src/hdudispbfonts.o
                0x0800080c                FontsGetFontHeight
 .text.ScbEnableICache
                0x08000844       0x38 src/hdudispbmain.o
 .text.ScbEnableDCache
                0x0800087c       0x8c src/hdudispbmain.o
 .text.SDCardInserted
                0x08000908       0x78 src/hdudispbmain.o
 .text.RightEncoderInput
                0x08000980       0x74 src/hdudispbmain.o
 .text.Button8Input
                0x080009f4       0x78 src/hdudispbmain.o
 .text.TransferControl
                0x08000a6c       0x3c src/hdudispbmain.o
                0x08000a6c                TransferControl
 .text.MainFunc
                0x08000aa8      0x2ac src/hdudispbmain.o
                0x08000aa8                MainFunc
 .text.SystemClockConfig
                0x08000d54       0x98 src/hdudispbmain.o
 .text.ConfigChecks
                0x08000dec      0x114 src/hdudispbmain.o
 .text.MpuConfig
                0x08000f00       0x8c src/hdudispbmain.o
 .text.CpuCacheEnable
                0x08000f8c       0x10 src/hdudispbmain.o
 .text.SysTickHandler
                0x08000f9c        0xc src/hdudispbmain.o
                0x08000f9c                SysTickHandler
 .text.ErrorHandler
                0x08000fa8        0x8 src/hdudispbpanel.o
 .text.BspLcdSetPenColor
                0x08000fb0       0x34 src/hdudispbpanel.o
                0x08000fb0                BspLcdSetPenColor
 .text.LcdConfig
                0x08000fe4      0x204 src/hdudispbpanel.o
                0x08000fe4                LcdConfig
 .text.PwmLcdBackLightPcnt
                0x080011e8       0x78 src/hdudispbpwm.o
                0x080011e8                PwmLcdBackLightPcnt
 .text.PwmInit  0x08001260      0x268 src/hdudispbpwm.o
                0x08001260                PwmInit
 .text.ErrorHandler
                0x080014c8        0x8 src/hdudispbpwm.o
 .text.RterrFunc
                0x080014d0       0x68 src/hdudispbrterr.o
                0x080014d0                RterrFunc
 .text.DrawChar
                0x08001538       0xc8 src/hdudispbtext.o
 .text.TextPrintChar
                0x08001600      0x15c src/hdudispbtext.o
                0x08001600                TextPrintChar
 .text.TextPrintString
                0x0800175c       0x28 src/hdudispbtext.o
                0x0800175c                TextPrintString
 .text.TextClearEOL
                0x08001784       0x3c src/hdudispbtext.o
                0x08001784                TextClearEOL
 .text.TextScroll
                0x080017c0       0x8c src/hdudispbtext.o
 .text.TextInit
                0x0800184c       0x64 src/hdudispbtext.o
                0x0800184c                TextInit
 .text.ResetHandler
                0x080018b0       0x5c startup/hdudispbstartupstm32f746xx.o
                0x080018b0                ResetHandler
 .text.DefaultHandler
                0x0800190c        0x2 startup/hdudispbstartupstm32f746xx.o
                0x0800190c                RTC_Alarm_IRQHandler
                0x0800190c                EXTI2_IRQHandler
                0x0800190c                TIM8_CC_IRQHandler
                0x0800190c                HardFaultHandler
                0x0800190c                UART8_IRQHandler
                0x0800190c                SPI4_IRQHandler
                0x0800190c                TIM1_CC_IRQHandler
                0x0800190c                DMA2_Stream5_IRQHandler
                0x0800190c                DMA1_Stream5_IRQHandler
                0x0800190c                PVD_IRQHandler
                0x0800190c                BusFaultHandler
                0x0800190c                TAMP_STAMP_IRQHandler
                0x0800190c                CAN2_RX1_IRQHandler
                0x0800190c                EXTI3_IRQHandler
                0x0800190c                TIM8_TRG_COM_TIM14_IRQHandler
                0x0800190c                TIM1_UP_TIM10_IRQHandler
                0x0800190c                TIM8_UP_TIM13_IRQHandler
                0x0800190c                I2C3_ER_IRQHandler
                0x0800190c                EXTI0_IRQHandler
                0x0800190c                I2C2_EV_IRQHandler
                0x0800190c                DMA1_Stream2_IRQHandler
                0x0800190c                CAN1_RX0_IRQHandler
                0x0800190c                FPU_IRQHandler
                0x0800190c                OTG_HS_WKUP_IRQHandler
                0x0800190c                LTDC_ER_IRQHandler
                0x0800190c                CAN2_SCE_IRQHandler
                0x0800190c                DMA2_Stream2_IRQHandler
                0x0800190c                SPI1_IRQHandler
                0x0800190c                TIM6_DAC_IRQHandler
                0x0800190c                TIM1_BRK_TIM9_IRQHandler
                0x0800190c                DCMI_IRQHandler
                0x0800190c                CAN2_RX0_IRQHandler
                0x0800190c                PendSVHandler
                0x0800190c                UsageFaultHandler
                0x0800190c                DMA2_Stream3_IRQHandler
                0x0800190c                SAI2_IRQHandler
                0x0800190c                DefaultHandler
                0x0800190c                USART6_IRQHandler
                0x0800190c                USART3_IRQHandler
                0x0800190c                CAN1_RX1_IRQHandler
                0x0800190c                UART5_IRQHandler
                0x0800190c                DMA2_Stream0_IRQHandler
                0x0800190c                TIM4_IRQHandler
                0x0800190c                QUADSPI_IRQHandler
                0x0800190c                I2C1_EV_IRQHandler
                0x0800190c                DMA1_Stream6_IRQHandler
                0x0800190c                DMA1_Stream1_IRQHandler
                0x0800190c                UART4_IRQHandler
                0x0800190c                SvcHandler
                0x0800190c                TIM3_IRQHandler
                0x0800190c                RCC_IRQHandler
                0x0800190c                TIM8_BRK_TIM12_IRQHandler
                0x0800190c                MemManageHandler
                0x0800190c                CEC_IRQHandler
                0x0800190c                EXTI15_10_IRQHandler
                0x0800190c                ADC_IRQHandler
                0x0800190c                DMA1_Stream7_IRQHandler
                0x0800190c                SPI5_IRQHandler
                0x0800190c                TIM7_IRQHandler
                0x0800190c                SDMMC1_IRQHandler
                0x0800190c                CAN2_TX_IRQHandler
                0x0800190c                TIM5_IRQHandler
                0x0800190c                DMA2_Stream7_IRQHandler
                0x0800190c                I2C3_EV_IRQHandler
                0x0800190c                EXTI9_5_IRQHandler
                0x0800190c                RTC_WKUP_IRQHandler
                0x0800190c                LTDC_IRQHandler
                0x0800190c                ETH_WKUP_IRQHandler
                0x0800190c                SPDIF_RX_IRQHandler
                0x0800190c                SPI2_IRQHandler
                0x0800190c                OTG_HS_EP1_IN_IRQHandler
                0x0800190c                DMA1_Stream0_IRQHandler
                0x0800190c                CAN1_TX_IRQHandler
                0x0800190c                EXTI4_IRQHandler
                0x0800190c                RNG_IRQHandler
                0x0800190c                NmiHandler
                0x0800190c                ETH_IRQHandler
                0x0800190c                OTG_HS_EP1_OUT_IRQHandler
                0x0800190c                WWDG_IRQHandler
                0x0800190c                SPI6_IRQHandler
                0x0800190c                I2C4_EV_IRQHandler
                0x0800190c                TIM2_IRQHandler
                0x0800190c                OTG_FS_WKUP_IRQHandler
                0x0800190c                TIM1_TRG_COM_TIM11_IRQHandler
                0x0800190c                OTG_HS_IRQHandler
                0x0800190c                DMA2D_IRQHandler
                0x0800190c                EXTI1_IRQHandler
                0x0800190c                DebugMonHandler
                0x0800190c                UART7_IRQHandler
                0x0800190c                USART2_IRQHandler
                0x0800190c                I2C2_ER_IRQHandler
                0x0800190c                DMA2_Stream1_IRQHandler
                0x0800190c                CAN1_SCE_IRQHandler
                0x0800190c                FLASH_IRQHandler
                0x0800190c                DMA2_Stream4_IRQHandler
                0x0800190c                USART1_IRQHandler
                0x0800190c                OTG_FS_IRQHandler
                0x0800190c                SPI3_IRQHandler
                0x0800190c                DMA1_Stream4_IRQHandler
                0x0800190c                I2C1_ER_IRQHandler
                0x0800190c                FMC_IRQHandler
                0x0800190c                LPTIM1_IRQHandler
                0x0800190c                I2C4_ER_IRQHandler
                0x0800190c                DMA2_Stream6_IRQHandler
                0x0800190c                SAI1_IRQHandler
                0x0800190c                DMA1_Stream3_IRQHandler
 *fill*         0x0800190e        0x2 
 .text.BspSdramInit
                0x08001910       0xb8 E:\HOWELL_2021\HDU\MAY\DisplayBoard\HAL_Driver\Release\libHAL_Driver.a(hdulibstm32756gevalsdram.o)
                0x08001910                BspSdramInit
 .text.BspSdramInitializationSequence
                0x080019c8       0xc0 E:\HOWELL_2021\HDU\MAY\DisplayBoard\HAL_Driver\Release\libHAL_Driver.a(hdulibstm32756gevalsdram.o)
                0x080019c8                BspSdramInitializationSequence
 .text.BspSdramMspInit
                0x08001a88      0x200 E:\HOWELL_2021\HDU\MAY\DisplayBoard\HAL_Driver\Release\libHAL_Driver.a(hdulibstm32756gevalsdram.o)
                0x08001a88                BspSdramMspInit
 .text.HalInit  0x08001c88       0x28 E:\HOWELL_2021\HDU\MAY\DisplayBoard\HAL_Driver\Release\libHAL_Driver.a(hdulibstm32f7xxhal.o)
                0x08001c88                HalInit
 .text.HALInitTick
                0x08001cb0       0x38 E:\HOWELL_2021\HDU\MAY\DisplayBoard\HAL_Driver\Release\libHAL_Driver.a(hdulibstm32f7xxhal.o)
                0x08001cb0                HALInitTick
 .text.HalIncTick
                0x08001ce8       0x1c E:\HOWELL_2021\HDU\MAY\DisplayBoard\HAL_Driver\Release\libHAL_Driver.a(hdulibstm32f7xxhal.o)
                0x08001ce8                HalIncTick
 .text.HALGetTick
                0x08001d04       0x18 E:\HOWELL_2021\HDU\MAY\DisplayBoard\HAL_Driver\Release\libHAL_Driver.a(hdulibstm32f7xxhal.o)
                0x08001d04                HALGetTick
 .text.HalDelay
                0x08001d1c       0x2c E:\HOWELL_2021\HDU\MAY\DisplayBoard\HAL_Driver\Release\libHAL_Driver.a(hdulibstm32f7xxhal.o)
                0x08001d1c                HalDelay
 .text.NVICSetPriorityGrouping
                0x08001d48       0x4c E:\HOWELL_2021\HDU\MAY\DisplayBoard\HAL_Driver\Release\libHAL_Driver.a(hdulibstm32f7xxhalcortex.o)
 .text.NVICGetPriorityGrouping
                0x08001d94       0x1c E:\HOWELL_2021\HDU\MAY\DisplayBoard\HAL_Driver\Release\libHAL_Driver.a(hdulibstm32f7xxhalcortex.o)
 .text.NVICSetPriority
                0x08001db0       0x54 E:\HOWELL_2021\HDU\MAY\DisplayBoard\HAL_Driver\Release\libHAL_Driver.a(hdulibstm32f7xxhalcortex.o)
 .text.NVICEncodePriority
                0x08001e04       0x6c E:\HOWELL_2021\HDU\MAY\DisplayBoard\HAL_Driver\Release\libHAL_Driver.a(hdulibstm32f7xxhalcortex.o)
 .text.SysTickConfig
                0x08001e70       0x44 E:\HOWELL_2021\HDU\MAY\DisplayBoard\HAL_Driver\Release\libHAL_Driver.a(hdulibstm32f7xxhalcortex.o)
 .text.NVICEnableIRQ
                0x08001eb4       0x34 E:\HOWELL_2021\HDU\MAY\DisplayBoard\HAL_Driver\Release\libHAL_Driver.a(hdulibstm32f7xxhalcortex.o)
 .text.HALNvicSetPriorityGrouping
                0x08001ee8       0x18 E:\HOWELL_2021\HDU\MAY\DisplayBoard\HAL_Driver\Release\libHAL_Driver.a(hdulibstm32f7xxhalcortex.o)
                0x08001ee8                HALNvicSetPriorityGrouping
 .text.HalNvicSetPriority
                0x08001f00       0x38 E:\HOWELL_2021\HDU\MAY\DisplayBoard\HAL_Driver\Release\libHAL_Driver.a(hdulibstm32f7xxhalcortex.o)
                0x08001f00                HalNvicSetPriority
 .text.HalNvicEnableIrq
                0x08001f38       0x1c E:\HOWELL_2021\HDU\MAY\DisplayBoard\HAL_Driver\Release\libHAL_Driver.a(hdulibstm32f7xxhalcortex.o)
                0x08001f38                HalNvicEnableIrq
 .text.HALSysTickConfig
                0x08001f54       0x18 E:\HOWELL_2021\HDU\MAY\DisplayBoard\HAL_Driver\Release\libHAL_Driver.a(hdulibstm32f7xxhalcortex.o)
                0x08001f54                HALSysTickConfig
 .text.HalMpuDisable
                0x08001f6c       0x2c E:\HOWELL_2021\HDU\MAY\DisplayBoard\HAL_Driver\Release\libHAL_Driver.a(hdulibstm32f7xxhalcortex.o)
                0x08001f6c                HalMpuDisable
 .text.HalMpuEnable
                0x08001f98       0x3c E:\HOWELL_2021\HDU\MAY\DisplayBoard\HAL_Driver\Release\libHAL_Driver.a(hdulibstm32f7xxhalcortex.o)
                0x08001f98                HalMpuEnable
 .text.HalMpuConfigRegion
                0x08001fd4       0x88 E:\HOWELL_2021\HDU\MAY\DisplayBoard\HAL_Driver\Release\libHAL_Driver.a(hdulibstm32f7xxhalcortex.o)
                0x08001fd4                HalMpuConfigRegion
 .text.HalCrcInit
                0x0800205c       0xc8 E:\HOWELL_2021\HDU\MAY\DisplayBoard\HAL_Driver\Release\libHAL_Driver.a(hdulibstm32f7xxhalcrc.o)
                0x0800205c                HalCrcInit
 .text.HalCrcAccumulate
                0x08002124       0xa0 E:\HOWELL_2021\HDU\MAY\DisplayBoard\HAL_Driver\Release\libHAL_Driver.a(hdulibstm32f7xxhalcrc.o)
                0x08002124                HalCrcAccumulate
 .text.CrcHandle8
                0x080021c4      0x11c E:\HOWELL_2021\HDU\MAY\DisplayBoard\HAL_Driver\Release\libHAL_Driver.a(hdulibstm32f7xxhalcrc.o)
 .text.CrcHandle16
                0x080022e0       0x74 E:\HOWELL_2021\HDU\MAY\DisplayBoard\HAL_Driver\Release\libHAL_Driver.a(hdulibstm32f7xxhalcrc.o)
 .text.HalCrcExPolynomialSet
                0x08002354       0xf4 E:\HOWELL_2021\HDU\MAY\DisplayBoard\HAL_Driver\Release\libHAL_Driver.a(hdulibstm32f7xxhalcrcex.o)
                0x08002354                HalCrcExPolynomialSet
 .text.HalDmaInit
                0x08002448      0x158 E:\HOWELL_2021\HDU\MAY\DisplayBoard\HAL_Driver\Release\libHAL_Driver.a(hdulibstm32f7xxhaldma.o)
                0x08002448                HalDmaInit
 .text.HalDmaDeInit
                0x080025a0       0x9c E:\HOWELL_2021\HDU\MAY\DisplayBoard\HAL_Driver\Release\libHAL_Driver.a(hdulibstm32f7xxhaldma.o)
                0x080025a0                HalDmaDeInit
 .text.DmaCalcBaseAndBitShift
                0x0800263c       0x6c E:\HOWELL_2021\HDU\MAY\DisplayBoard\HAL_Driver\Release\libHAL_Driver.a(hdulibstm32f7xxhaldma.o)
 .text.DmaCheckFifoParam
                0x080026a8      0x134 E:\HOWELL_2021\HDU\MAY\DisplayBoard\HAL_Driver\Release\libHAL_Driver.a(hdulibstm32f7xxhaldma.o)
 .text.HalGpioInit
                0x080027dc      0x354 E:\HOWELL_2021\HDU\MAY\DisplayBoard\HAL_Driver\Release\libHAL_Driver.a(hdulibstm32f7xxhalgpio.o)
                0x080027dc                HalGpioInit
 .text.HalGpioReadPin
                0x08002b30       0x34 E:\HOWELL_2021\HDU\MAY\DisplayBoard\HAL_Driver\Release\libHAL_Driver.a(hdulibstm32f7xxhalgpio.o)
                0x08002b30                HalGpioReadPin
 .text.HalLtdcInit
                0x08002b64      0x1b4 E:\HOWELL_2021\HDU\MAY\DisplayBoard\HAL_Driver\Release\libHAL_Driver.a(hdulibstm32f7xxhalltdc.o)
                0x08002b64                HalLtdcInit
 .text.HalLtdcConfigLayer
                0x08002d18       0x7c E:\HOWELL_2021\HDU\MAY\DisplayBoard\HAL_Driver\Release\libHAL_Driver.a(hdulibstm32f7xxhalltdc.o)
                0x08002d18                HalLtdcConfigLayer
 .text.HalLtdcEnableClut
                0x08002d94       0x74 E:\HOWELL_2021\HDU\MAY\DisplayBoard\HAL_Driver\Release\libHAL_Driver.a(hdulibstm32f7xxhalltdc.o)
                0x08002d94                HalLtdcEnableClut
 .text.HalLtdcConfigClut
                0x08002e08       0xe8 E:\HOWELL_2021\HDU\MAY\DisplayBoard\HAL_Driver\Release\libHAL_Driver.a(hdulibstm32f7xxhalltdc.o)
                0x08002e08                HalLtdcConfigClut
 .text.LtdcSetConfig
                0x08002ef0      0x354 E:\HOWELL_2021\HDU\MAY\DisplayBoard\HAL_Driver\Release\libHAL_Driver.a(hdulibstm32f7xxhalltdc.o)
 .text.HalLtdcMspInit
                0x08003244      0x124 E:\HOWELL_2021\HDU\MAY\DisplayBoard\HAL_Driver\Release\libHAL_Driver.a(hdulibstm32f7xxhalmsp.o)
                0x08003244                HalLtdcMspInit
 .text.HalCRCMspInit
                0x08003368       0x30 E:\HOWELL_2021\HDU\MAY\DisplayBoard\HAL_Driver\Release\libHAL_Driver.a(hdulibstm32f7xxhalmsp.o)
                0x08003368                HalCRCMspInit
 .text.HalPwrExEnableOverDrive
                0x08003398       0x9c E:\HOWELL_2021\HDU\MAY\DisplayBoard\HAL_Driver\Release\libHAL_Driver.a(hdulibstm32f7xxhalpwrex.o)
                0x08003398                HalPwrExEnableOverDrive
 .text.HalRccOscConfig
                0x08003434      0x684 E:\HOWELL_2021\HDU\MAY\DisplayBoard\HAL_Driver\Release\libHAL_Driver.a(hdulibstm32f7xxhalrcc.o)
                0x08003434                HalRccOscConfig
 .text.HalRccClockConfig
                0x08003ab8      0x238 E:\HOWELL_2021\HDU\MAY\DisplayBoard\HAL_Driver\Release\libHAL_Driver.a(hdulibstm32f7xxhalrcc.o)
                0x08003ab8                HalRccClockConfig
 .text.HalRccGetSysClockFreq
                0x08003cf0      0x1b4 E:\HOWELL_2021\HDU\MAY\DisplayBoard\HAL_Driver\Release\libHAL_Driver.a(hdulibstm32f7xxhalrcc.o)
                0x08003cf0                HalRccGetSysClockFreq
 .text.HalRccExPeriphCLKConfig
                0x08003ea4     0x214c E:\HOWELL_2021\HDU\MAY\DisplayBoard\HAL_Driver\Release\libHAL_Driver.a(hdulibstm32f7xxhalrccex.o)
                0x08003ea4                HalRccExPeriphCLKConfig
 .text.HALSdramInit
                0x08005ff0       0x68 E:\HOWELL_2021\HDU\MAY\DisplayBoard\HAL_Driver\Release\libHAL_Driver.a(hdulibstm32f7xxhalsdram.o)
                0x08005ff0                HALSdramInit
 .text.HALSdramMspInit
                0x08006058       0x14 E:\HOWELL_2021\HDU\MAY\DisplayBoard\HAL_Driver\Release\libHAL_Driver.a(hdulibstm32f7xxhalsdram.o)
                0x08006058                HALSdramMspInit
 .text.HalSdramSendCommand
                0x0800606c       0x58 E:\HOWELL_2021\HDU\MAY\DisplayBoard\HAL_Driver\Release\libHAL_Driver.a(hdulibstm32f7xxhalsdram.o)
                0x0800606c                HalSdramSendCommand
 .text.HalSdramProgramRefreshRate
                0x080060c4       0x40 E:\HOWELL_2021\HDU\MAY\DisplayBoard\HAL_Driver\Release\libHAL_Driver.a(hdulibstm32f7xxhalsdram.o)
                0x080060c4                HalSdramProgramRefreshRate
 .text.HalTimPwmInit
                0x08006104       0x58 E:\HOWELL_2021\HDU\MAY\DisplayBoard\HAL_Driver\Release\libHAL_Driver.a(hdulibstm32f7xxhaltim.o)
                0x08006104                HalTimPwmInit
 .text.HalTimPwmMspInit
                0x0800615c       0x14 E:\HOWELL_2021\HDU\MAY\DisplayBoard\HAL_Driver\Release\libHAL_Driver.a(hdulibstm32f7xxhaltim.o)
                0x0800615c                HalTimPwmMspInit
 .text.HalTimPwmStart
                0x08006170       0x68 E:\HOWELL_2021\HDU\MAY\DisplayBoard\HAL_Driver\Release\libHAL_Driver.a(hdulibstm32f7xxhaltim.o)
                0x08006170                HalTimPwmStart
 .text.HalTimPwmConfigChannel
                0x080061d8      0x18c E:\HOWELL_2021\HDU\MAY\DisplayBoard\HAL_Driver\Release\libHAL_Driver.a(hdulibstm32f7xxhaltim.o)
                0x080061d8                HalTimPwmConfigChannel
 .text.TimBaseSetConfig
                0x08006364      0x154 E:\HOWELL_2021\HDU\MAY\DisplayBoard\HAL_Driver\Release\libHAL_Driver.a(hdulibstm32f7xxhaltim.o)
                0x08006364                TimBaseSetConfig
 .text.TimOc1SetConfig
                0x080064b8       0xec E:\HOWELL_2021\HDU\MAY\DisplayBoard\HAL_Driver\Release\libHAL_Driver.a(hdulibstm32f7xxhaltim.o)
                0x080064b8                TimOc1SetConfig
 .text.TimOc2SetConfig
                0x080065a4       0xf4 E:\HOWELL_2021\HDU\MAY\DisplayBoard\HAL_Driver\Release\libHAL_Driver.a(hdulibstm32f7xxhaltim.o)
                0x080065a4                TimOc2SetConfig
 .text.TimOc3SetConfig
                0x08006698       0xf4 E:\HOWELL_2021\HDU\MAY\DisplayBoard\HAL_Driver\Release\libHAL_Driver.a(hdulibstm32f7xxhaltim.o)
                0x08006698                TimOc3SetConfig
 .text.TimOc4SetConfig
                0x0800678c       0xc4 E:\HOWELL_2021\HDU\MAY\DisplayBoard\HAL_Driver\Release\libHAL_Driver.a(hdulibstm32f7xxhaltim.o)
                0x0800678c                TimOc4SetConfig
 .text.TimCcxChannelCmd
                0x08006850       0x48 E:\HOWELL_2021\HDU\MAY\DisplayBoard\HAL_Driver\Release\libHAL_Driver.a(hdulibstm32f7xxhaltim.o)
                0x08006850                TimCcxChannelCmd
 .text.SystemInit
                0x08006898       0x8c E:\HOWELL_2021\HDU\MAY\DisplayBoard\HAL_Driver\Release\libHAL_Driver.a(hdulibsystemstm32f7xx.o)
                0x08006898                SystemInit
 .text.FmcSdramInit
                0x08006924       0xe4 E:\HOWELL_2021\HDU\MAY\DisplayBoard\HAL_Driver\Release\libHAL_Driver.a(hdulibstm32f7xxhalfmc.o)
                0x08006924                FmcSdramInit
 .text.FmcSdramTimingInit
                0x08006a08      0x100 E:\HOWELL_2021\HDU\MAY\DisplayBoard\HAL_Driver\Release\libHAL_Driver.a(hdulibstm32f7xxhalfmc.o)
                0x08006a08                FmcSdramTimingInit
 .text.FmcSdramSendCommand
                0x08006b08       0x84 E:\HOWELL_2021\HDU\MAY\DisplayBoard\HAL_Driver\Release\libHAL_Driver.a(hdulibstm32f7xxhalfmc.o)
                0x08006b08                FmcSdramSendCommand
 .text.FmcSdramProgramRefreshRate
                0x08006b8c       0x28 E:\HOWELL_2021\HDU\MAY\DisplayBoard\HAL_Driver\Release\libHAL_Driver.a(hdulibstm32f7xxhalfmc.o)
                0x08006b8c                FmcSdramProgramRefreshRate
 .text.__libc_init_array
                0x08006bb4       0x50 c:/ac6/systemworkbench/plugins/fr.ac6.mcu.externaltools.arm-none.win32_1.13.2.201705091103/tools/compiler/bin/../lib/gcc/arm-none-eabi/5.4.1/../../../../arm-none-eabi/lib/armv7e-m/fpu/fpv5-sp-d16\libc.a(lib_a-init.o)
                0x08006bb4                __libc_init_array
 .text.memset   0x08006c04       0x9c c:/ac6/systemworkbench/plugins/fr.ac6.mcu.externaltools.arm-none.win32_1.13.2.201705091103/tools/compiler/bin/../lib/gcc/arm-none-eabi/5.4.1/../../../../arm-none-eabi/lib/armv7e-m/fpu/fpv5-sp-d16\libc.a(lib_a-memset.o)
                0x08006c04                memset
 .text.startup.register_fini
                0x08006ca0       0x14 c:/ac6/systemworkbench/plugins/fr.ac6.mcu.externaltools.arm-none.win32_1.13.2.201705091103/tools/compiler/bin/../lib/gcc/arm-none-eabi/5.4.1/../../../../arm-none-eabi/lib/armv7e-m/fpu/fpv5-sp-d16\libc.a(lib_a-__call_atexit.o)
 .text.atexit   0x08006cb4        0xc c:/ac6/systemworkbench/plugins/fr.ac6.mcu.externaltools.arm-none.win32_1.13.2.201705091103/tools/compiler/bin/../lib/gcc/arm-none-eabi/5.4.1/../../../../arm-none-eabi/lib/armv7e-m/fpu/fpv5-sp-d16\libc.a(lib_a-atexit.o)
                0x08006cb4                atexit
 .text.__libc_fini_array
                0x08006cc0       0x28 c:/ac6/systemworkbench/plugins/fr.ac6.mcu.externaltools.arm-none.win32_1.13.2.201705091103/tools/compiler/bin/../lib/gcc/arm-none-eabi/5.4.1/../../../../arm-none-eabi/lib/armv7e-m/fpu/fpv5-sp-d16\libc.a(lib_a-fini.o)
                0x08006cc0                __libc_fini_array
 .text.__register_exitproc
                0x08006ce8       0xa4 c:/ac6/systemworkbench/plugins/fr.ac6.mcu.externaltools.arm-none.win32_1.13.2.201705091103/tools/compiler/bin/../lib/gcc/arm-none-eabi/5.4.1/../../../../arm-none-eabi/lib/armv7e-m/fpu/fpv5-sp-d16\libc.a(lib_a-__atexit.o)
                0x08006ce8                __register_exitproc
 *(.glue_7)
 .glue_7        0x08006d8c        0x0 linker stubs
 *(.glue_7t)
 .glue_7t       0x08006d8c        0x0 linker stubs
 *(.eh_frame)
 .eh_frame      0x08006d8c        0x0 c:/ac6/systemworkbench/plugins/fr.ac6.mcu.externaltools.arm-none.win32_1.13.2.201705091103/tools/compiler/bin/../lib/gcc/arm-none-eabi/5.4.1/armv7e-m/fpu/fpv5-sp-d16/crtbegin.o
 *(.init)
 .init          0x08006d8c        0x4 c:/ac6/systemworkbench/plugins/fr.ac6.mcu.externaltools.arm-none.win32_1.13.2.201705091103/tools/compiler/bin/../lib/gcc/arm-none-eabi/5.4.1/armv7e-m/fpu/fpv5-sp-d16/crti.o
                0x08006d8c                _init
 .init          0x08006d90        0x8 c:/ac6/systemworkbench/plugins/fr.ac6.mcu.externaltools.arm-none.win32_1.13.2.201705091103/tools/compiler/bin/../lib/gcc/arm-none-eabi/5.4.1/armv7e-m/fpu/fpv5-sp-d16/crtn.o
 *(.fini)
 .fini          0x08006d98        0x4 c:/ac6/systemworkbench/plugins/fr.ac6.mcu.externaltools.arm-none.win32_1.13.2.201705091103/tools/compiler/bin/../lib/gcc/arm-none-eabi/5.4.1/armv7e-m/fpu/fpv5-sp-d16/crti.o
                0x08006d98                _fini
 .fini          0x08006d9c        0x8 c:/ac6/systemworkbench/plugins/fr.ac6.mcu.externaltools.arm-none.win32_1.13.2.201705091103/tools/compiler/bin/../lib/gcc/arm-none-eabi/5.4.1/armv7e-m/fpu/fpv5-sp-d16/crtn.o
                0x08006da4                . = ALIGN (0x4)
                0x08006da4                _etext = .

.vfp11_veneer   0x08006da4        0x0
 .vfp11_veneer  0x08006da4        0x0 linker stubs

.v4_bx          0x08006da4        0x0
 .v4_bx         0x08006da4        0x0 linker stubs

.iplt           0x08006da4        0x0
 .iplt          0x08006da4        0x0 c:/ac6/systemworkbench/plugins/fr.ac6.mcu.externaltools.arm-none.win32_1.13.2.201705091103/tools/compiler/bin/../lib/gcc/arm-none-eabi/5.4.1/armv7e-m/fpu/fpv5-sp-d16/crtbegin.o

.rodata         0x08006da4     0x3950
                0x08006da4                . = ALIGN (0x4)
 *(.rodata)
 .rodata        0x08006da4       0x16 src/hdudispbmain.o
 *(.rodata*)
 *fill*         0x08006dba        0x2 
 .rodata.Abc_font_consolas24haa4_0020
                0x08006dbc       0x90 src/hdudispbconsolas24haa4.o
                0x08006dbc                Abc_font_consolas24haa4_0020
 .rodata.Abc_font_consolas24_haa4_0021
                0x08006e4c       0x90 src/hdudispbconsolas24haa4.o
                0x08006e4c                Abc_font_consolas24_haa4_0021
 .rodata.Abc_font_consolas24_haa4_0022
                0x08006edc       0x90 src/hdudispbconsolas24haa4.o
                0x08006edc                Abc_font_consolas24_haa4_0022
 .rodata.Abc_font_consolas24_haa4_0023
                0x08006f6c       0x90 src/hdudispbconsolas24haa4.o
                0x08006f6c                Abc_font_consolas24_haa4_0023
 .rodata.Abc_font_consolas24_haa4_0024
                0x08006ffc       0x90 src/hdudispbconsolas24haa4.o
                0x08006ffc                Abc_font_consolas24_haa4_0024
 .rodata.Abc_font_consolas24_haa4_0025
                0x0800708c       0x90 src/hdudispbconsolas24haa4.o
                0x0800708c                Abc_font_consolas24_haa4_0025
 .rodata.Abc_font_consolas24_haa4_0026
                0x0800711c       0x90 src/hdudispbconsolas24haa4.o
                0x0800711c                Abc_font_consolas24_haa4_0026
 .rodata.Abc_font_consolas24_haa4_0027
                0x080071ac       0x90 src/hdudispbconsolas24haa4.o
                0x080071ac                Abc_font_consolas24_haa4_0027
 .rodata.Abc_font_consolas24_haa4_0028
                0x0800723c       0x90 src/hdudispbconsolas24haa4.o
                0x0800723c                Abc_font_consolas24_haa4_0028
 .rodata.Abc_font_consolas24_haa4_0029
                0x080072cc       0x90 src/hdudispbconsolas24haa4.o
                0x080072cc                Abc_font_consolas24_haa4_0029
 .rodata.Abc_font_consolas24_haa4_002a
                0x0800735c       0x90 src/hdudispbconsolas24haa4.o
                0x0800735c                Abc_font_consolas24_haa4_002a
 .rodata.Abc_font_consolas24_haa4_002b
                0x080073ec       0x90 src/hdudispbconsolas24haa4.o
                0x080073ec                Abc_font_consolas24_haa4_002b
 .rodata.Abc_font_consolas24_haa4_002c
                0x0800747c       0x90 src/hdudispbconsolas24haa4.o
                0x0800747c                Abc_font_consolas24_haa4_002c
 .rodata.Abc_font_consolas24_haa4_002d
                0x0800750c       0x90 src/hdudispbconsolas24haa4.o
                0x0800750c                Abc_font_consolas24_haa4_002d
 .rodata.Abc_font_consolas24_haa4_002e
                0x0800759c       0x90 src/hdudispbconsolas24haa4.o
                0x0800759c                Abc_font_consolas24_haa4_002e
 .rodata.Abc_font_consolas24_haa4_002f
                0x0800762c       0x90 src/hdudispbconsolas24haa4.o
                0x0800762c                Abc_font_consolas24_haa4_002f
 .rodata.Abc_font_consolas24_haa4_0030
                0x080076bc       0x90 src/hdudispbconsolas24haa4.o
                0x080076bc                Abc_font_consolas24_haa4_0030
 .rodata.Abc_font_consolas24_haa4_0031
                0x0800774c       0x90 src/hdudispbconsolas24haa4.o
                0x0800774c                Abc_font_consolas24_haa4_0031
 .rodata.Abc_font_consolas24_haa4_0032
                0x080077dc       0x90 src/hdudispbconsolas24haa4.o
                0x080077dc                Abc_font_consolas24_haa4_0032
 .rodata.Abc_font_consolas24_haa4_0033
                0x0800786c       0x90 src/hdudispbconsolas24haa4.o
                0x0800786c                Abc_font_consolas24_haa4_0033
 .rodata.Abc_font_consolas24_haa4_0034
                0x080078fc       0x90 src/hdudispbconsolas24haa4.o
                0x080078fc                Abc_font_consolas24_haa4_0034
 .rodata.Abc_font_consolas24_haa4_0035
                0x0800798c       0x90 src/hdudispbconsolas24haa4.o
                0x0800798c                Abc_font_consolas24_haa4_0035
 .rodata.Abc_font_consolas24_haa4_0036
                0x08007a1c       0x90 src/hdudispbconsolas24haa4.o
                0x08007a1c                Abc_font_consolas24_haa4_0036
 .rodata.Abc_font_consolas24_haa4_0037
                0x08007aac       0x90 src/hdudispbconsolas24haa4.o
                0x08007aac                Abc_font_consolas24_haa4_0037
 .rodata.Abc_font_consolas24_haa4_0038
                0x08007b3c       0x90 src/hdudispbconsolas24haa4.o
                0x08007b3c                Abc_font_consolas24_haa4_0038
 .rodata.Abc_font_consolas24_haa4_0039
                0x08007bcc       0x90 src/hdudispbconsolas24haa4.o
                0x08007bcc                Abc_font_consolas24_haa4_0039
 .rodata.Abc_font_consolas24_haa4_003a
                0x08007c5c       0x90 src/hdudispbconsolas24haa4.o
                0x08007c5c                Abc_font_consolas24_haa4_003a
 .rodata.Abc_font_consolas24_haa4_003b
                0x08007cec       0x90 src/hdudispbconsolas24haa4.o
                0x08007cec                Abc_font_consolas24_haa4_003b
 .rodata.Abc_font_consolas24_haa4_003c
                0x08007d7c       0x90 src/hdudispbconsolas24haa4.o
                0x08007d7c                Abc_font_consolas24_haa4_003c
 .rodata.Abc_font_consolas24_haa4_003d
                0x08007e0c       0x90 src/hdudispbconsolas24haa4.o
                0x08007e0c                Abc_font_consolas24_haa4_003d
 .rodata.Abc_font_consolas24_haa4_003e
                0x08007e9c       0x90 src/hdudispbconsolas24haa4.o
                0x08007e9c                Abc_font_consolas24_haa4_003e
 .rodata.Abc_font_consolas24_haa4_003f
                0x08007f2c       0x90 src/hdudispbconsolas24haa4.o
                0x08007f2c                Abc_font_consolas24_haa4_003f
 .rodata.Abc_font_consolas24_haa4_0040
                0x08007fbc       0x90 src/hdudispbconsolas24haa4.o
                0x08007fbc                Abc_font_consolas24_haa4_0040
 .rodata.Abc_font_consolas24_haa4_0041
                0x0800804c       0x90 src/hdudispbconsolas24haa4.o
                0x0800804c                Abc_font_consolas24_haa4_0041
 .rodata.Abc_font_consolas24_haa4_0042
                0x080080dc       0x90 src/hdudispbconsolas24haa4.o
                0x080080dc                Abc_font_consolas24_haa4_0042
 .rodata.Abc_font_consolas24_haa4_0043
                0x0800816c       0x90 src/hdudispbconsolas24haa4.o
                0x0800816c                Abc_font_consolas24_haa4_0043
 .rodata.Abc_font_consolas24_haa4_0044
                0x080081fc       0x90 src/hdudispbconsolas24haa4.o
                0x080081fc                Abc_font_consolas24_haa4_0044
 .rodata.Abc_font_consolas24_haa4_0045
                0x0800828c       0x90 src/hdudispbconsolas24haa4.o
                0x0800828c                Abc_font_consolas24_haa4_0045
 .rodata.Abc_font_consolas24_haa4_0046
                0x0800831c       0x90 src/hdudispbconsolas24haa4.o
                0x0800831c                Abc_font_consolas24_haa4_0046
 .rodata.Abc_font_consolas24_haa4_0047
                0x080083ac       0x90 src/hdudispbconsolas24haa4.o
                0x080083ac                Abc_font_consolas24_haa4_0047
 .rodata.Abc_font_consolas24_haa4_0048
                0x0800843c       0x90 src/hdudispbconsolas24haa4.o
                0x0800843c                Abc_font_consolas24_haa4_0048
 .rodata.Abc_font_consolas24_haa4_0049
                0x080084cc       0x90 src/hdudispbconsolas24haa4.o
                0x080084cc                Abc_font_consolas24_haa4_0049
 .rodata.Abc_font_consolas24_haa4_004a
                0x0800855c       0x90 src/hdudispbconsolas24haa4.o
                0x0800855c                Abc_font_consolas24_haa4_004a
 .rodata.Abc_font_consolas24_haa4_004b
                0x080085ec       0x90 src/hdudispbconsolas24haa4.o
                0x080085ec                Abc_font_consolas24_haa4_004b
 .rodata.Abc_font_consolas24_haa4_004c
                0x0800867c       0x90 src/hdudispbconsolas24haa4.o
                0x0800867c                Abc_font_consolas24_haa4_004c
 .rodata.Abc_font_consolas24_haa4_004d
                0x0800870c       0x90 src/hdudispbconsolas24haa4.o
                0x0800870c                Abc_font_consolas24_haa4_004d
 .rodata.Abc_font_consolas24_haa4_004e
                0x0800879c       0x90 src/hdudispbconsolas24haa4.o
                0x0800879c                Abc_font_consolas24_haa4_004e
 .rodata.Abc_font_consolas24_haa4_004f
                0x0800882c       0x90 src/hdudispbconsolas24haa4.o
                0x0800882c                Abc_font_consolas24_haa4_004f
 .rodata.Abc_font_consolas24_haa4_0050
                0x080088bc       0x90 src/hdudispbconsolas24haa4.o
                0x080088bc                Abc_font_consolas24_haa4_0050
 .rodata.Abc_font_consolas24_haa4_0051
                0x0800894c       0x90 src/hdudispbconsolas24haa4.o
                0x0800894c                Abc_font_consolas24_haa4_0051
 .rodata.Abc_font_consolas24_haa4_0052
                0x080089dc       0x90 src/hdudispbconsolas24haa4.o
                0x080089dc                Abc_font_consolas24_haa4_0052
 .rodata.Abc_font_consolas24_haa4_0053
                0x08008a6c       0x90 src/hdudispbconsolas24haa4.o
                0x08008a6c                Abc_font_consolas24_haa4_0053
 .rodata.Abc_font_consolas24_haa4_0054
                0x08008afc       0x90 src/hdudispbconsolas24haa4.o
                0x08008afc                Abc_font_consolas24_haa4_0054
 .rodata.Abc_font_consolas24_haa4_0055
                0x08008b8c       0x90 src/hdudispbconsolas24haa4.o
                0x08008b8c                Abc_font_consolas24_haa4_0055
 .rodata.Abc_font_consolas24_haa4_0056
                0x08008c1c       0x90 src/hdudispbconsolas24haa4.o
                0x08008c1c                Abc_font_consolas24_haa4_0056
 .rodata.Abc_font_consolas24_haa4_0057
                0x08008cac       0x90 src/hdudispbconsolas24haa4.o
                0x08008cac                Abc_font_consolas24_haa4_0057
 .rodata.Abc_font_consolas24_haa4_0058
                0x08008d3c       0x90 src/hdudispbconsolas24haa4.o
                0x08008d3c                Abc_font_consolas24_haa4_0058
 .rodata.Abc_font_consolas24_haa4_0059
                0x08008dcc       0x90 src/hdudispbconsolas24haa4.o
                0x08008dcc                Abc_font_consolas24_haa4_0059
 .rodata.Abc_font_consolas24_haa4_005a
                0x08008e5c       0x90 src/hdudispbconsolas24haa4.o
                0x08008e5c                Abc_font_consolas24_haa4_005a
 .rodata.Abc_font_consolas24_haa4_005b
                0x08008eec       0x90 src/hdudispbconsolas24haa4.o
                0x08008eec                Abc_font_consolas24_haa4_005b
 .rodata.Abc_font_consolas24_haa4_005c
                0x08008f7c       0x90 src/hdudispbconsolas24haa4.o
                0x08008f7c                Abc_font_consolas24_haa4_005c
 .rodata.Abc_font_consolas24_haa4_005d
                0x0800900c       0x90 src/hdudispbconsolas24haa4.o
                0x0800900c                Abc_font_consolas24_haa4_005d
 .rodata.Abc_font_consolas24_haa4_005e
                0x0800909c       0x90 src/hdudispbconsolas24haa4.o
                0x0800909c                Abc_font_consolas24_haa4_005e
 .rodata.Abc_font_consolas24_haa4_005f
                0x0800912c       0x90 src/hdudispbconsolas24haa4.o
                0x0800912c                Abc_font_consolas24_haa4_005f
 .rodata.Abc_font_consolas24_haa4_0060
                0x080091bc       0x90 src/hdudispbconsolas24haa4.o
                0x080091bc                Abc_font_consolas24_haa4_0060
 .rodata.Abc_font_consolas24_haa4_0061
                0x0800924c       0x90 src/hdudispbconsolas24haa4.o
                0x0800924c                Abc_font_consolas24_haa4_0061
 .rodata.Abc_font_consolas24_haa4_0062
                0x080092dc       0x90 src/hdudispbconsolas24haa4.o
                0x080092dc                Abc_font_consolas24_haa4_0062
 .rodata.Abc_font_consolas24_haa4_0063
                0x0800936c       0x90 src/hdudispbconsolas24haa4.o
                0x0800936c                Abc_font_consolas24_haa4_0063
 .rodata.Abc_font_consolas24_haa4_0064
                0x080093fc       0x90 src/hdudispbconsolas24haa4.o
                0x080093fc                Abc_font_consolas24_haa4_0064
 .rodata.Abc_font_consolas24_haa4_0065
                0x0800948c       0x90 src/hdudispbconsolas24haa4.o
                0x0800948c                Abc_font_consolas24_haa4_0065
 .rodata.Abc_font_consolas24_haa4_0066
                0x0800951c       0x90 src/hdudispbconsolas24haa4.o
                0x0800951c                Abc_font_consolas24_haa4_0066
 .rodata.Abc_font_consolas24_haa4_0067
                0x080095ac       0x90 src/hdudispbconsolas24haa4.o
                0x080095ac                Abc_font_consolas24_haa4_0067
 .rodata.Abc_font_consolas24_haa4_0068
                0x0800963c       0x90 src/hdudispbconsolas24haa4.o
                0x0800963c                Abc_font_consolas24_haa4_0068
 .rodata.Abc_font_consolas24_haa4_0069
                0x080096cc       0x90 src/hdudispbconsolas24haa4.o
                0x080096cc                Abc_font_consolas24_haa4_0069
 .rodata.Abc_font_consolas24_haa4_006a
                0x0800975c       0x90 src/hdudispbconsolas24haa4.o
                0x0800975c                Abc_font_consolas24_haa4_006a
 .rodata.Abc_font_consolas24_haa4_006b
                0x080097ec       0x90 src/hdudispbconsolas24haa4.o
                0x080097ec                Abc_font_consolas24_haa4_006b
 .rodata.Abc_font_consolas24_haa4_006c
                0x0800987c       0x90 src/hdudispbconsolas24haa4.o
                0x0800987c                Abc_font_consolas24_haa4_006c
 .rodata.Abc_font_consolas24_haa4_006d
                0x0800990c       0x90 src/hdudispbconsolas24haa4.o
                0x0800990c                Abc_font_consolas24_haa4_006d
 .rodata.Abc_font_consolas24_haa4_006e
                0x0800999c       0x90 src/hdudispbconsolas24haa4.o
                0x0800999c                Abc_font_consolas24_haa4_006e
 .rodata.Abc_font_consolas24_haa4_006f
                0x08009a2c       0x90 src/hdudispbconsolas24haa4.o
                0x08009a2c                Abc_font_consolas24_haa4_006f
 .rodata.Abc_font_consolas24_haa4_0070
                0x08009abc       0x90 src/hdudispbconsolas24haa4.o
                0x08009abc                Abc_font_consolas24_haa4_0070
 .rodata.Abc_font_consolas24_haa4_0071
                0x08009b4c       0x90 src/hdudispbconsolas24haa4.o
                0x08009b4c                Abc_font_consolas24_haa4_0071
 .rodata.Abc_font_consolas24_haa4_0072
                0x08009bdc       0x90 src/hdudispbconsolas24haa4.o
                0x08009bdc                Abc_font_consolas24_haa4_0072
 .rodata.Abc_font_consolas24_haa4_0073
                0x08009c6c       0x90 src/hdudispbconsolas24haa4.o
                0x08009c6c                Abc_font_consolas24_haa4_0073
 .rodata.Abc_font_consolas24_haa4_0074
                0x08009cfc       0x90 src/hdudispbconsolas24haa4.o
                0x08009cfc                Abc_font_consolas24_haa4_0074
 .rodata.Abc_font_consolas24_haa4_0075
                0x08009d8c       0x90 src/hdudispbconsolas24haa4.o
                0x08009d8c                Abc_font_consolas24_haa4_0075
 .rodata.Abc_font_consolas24_haa4_0076
                0x08009e1c       0x90 src/hdudispbconsolas24haa4.o
                0x08009e1c                Abc_font_consolas24_haa4_0076
 .rodata.Abc_font_consolas24_haa4_0077
                0x08009eac       0x90 src/hdudispbconsolas24haa4.o
                0x08009eac                Abc_font_consolas24_haa4_0077
 .rodata.Abc_font_consolas24_haa4_0078
                0x08009f3c       0x90 src/hdudispbconsolas24haa4.o
                0x08009f3c                Abc_font_consolas24_haa4_0078
 .rodata.Abc_font_consolas24_haa4_0079
                0x08009fcc       0x90 src/hdudispbconsolas24haa4.o
                0x08009fcc                Abc_font_consolas24_haa4_0079
 .rodata.Abc_font_consolas24_haa4_007a
                0x0800a05c       0x90 src/hdudispbconsolas24haa4.o
                0x0800a05c                Abc_font_consolas24_haa4_007a
 .rodata.Abc_font_consolas24_haa4_007b
                0x0800a0ec       0x90 src/hdudispbconsolas24haa4.o
                0x0800a0ec                Abc_font_consolas24_haa4_007b
 .rodata.Abc_font_consolas24_haa4_007c
                0x0800a17c       0x90 src/hdudispbconsolas24haa4.o
                0x0800a17c                Abc_font_consolas24_haa4_007c
 .rodata.Abc_font_consolas24_haa4_007d
                0x0800a20c       0x90 src/hdudispbconsolas24haa4.o
                0x0800a20c                Abc_font_consolas24_haa4_007d
 .rodata.Abc_font_consolas24_haa4_007e
                0x0800a29c       0x90 src/hdudispbconsolas24haa4.o
                0x0800a29c                Abc_font_consolas24_haa4_007e
 .rodata.Abc_font_consolas24_haa4_007f
                0x0800a32c       0x90 src/hdudispbconsolas24haa4.o
                0x0800a32c                Abc_font_consolas24_haa4_007f
 .rodata.Font_consolas24_haa4_charinfo
                0x0800a3bc      0x300 src/hdudispbconsolas24haa4.o
                0x0800a3bc                Font_consolas24_haa4_charinfo
 .rodata.Font_consolas24_haa4_prop1
                0x0800a6bc        0xc src/hdudispbconsolas24haa4.o
                0x0800a6bc                Font_consolas24_haa4_prop1
 .rodata.Font_consolas24_haa4
                0x0800a6c8       0x10 src/hdudispbconsolas24haa4.o
                0x0800a6c8                Font_consolas24_haa4
 .rodata.flag_bit_shift_offset.5471
                0x0800a6d8        0x8 E:\HOWELL_2021\HDU\MAY\DisplayBoard\HAL_Driver\Release\libHAL_Driver.a(hdulibstm32f7xxhaldma.o)
 .rodata.Ahb_presc_table
                0x0800a6e0       0x10 E:\HOWELL_2021\HDU\MAY\DisplayBoard\HAL_Driver\Release\libHAL_Driver.a(hdulibsystemstm32f7xx.o)
                0x0800a6e0                Ahb_presc_table
 .rodata._global_impure_ptr
                0x0800a6f0        0x4 c:/ac6/systemworkbench/plugins/fr.ac6.mcu.externaltools.arm-none.win32_1.13.2.201705091103/tools/compiler/bin/../lib/gcc/arm-none-eabi/5.4.1/../../../../arm-none-eabi/lib/armv7e-m/fpu/fpv5-sp-d16\libc.a(lib_a-impure.o)
                0x0800a6f0                _global_impure_ptr
                0x0800a6f4                . = ALIGN (0x4)

.rel.dyn        0x0800a6f4        0x0
 .rel.iplt      0x0800a6f4        0x0 c:/ac6/systemworkbench/plugins/fr.ac6.mcu.externaltools.arm-none.win32_1.13.2.201705091103/tools/compiler/bin/../lib/gcc/arm-none-eabi/5.4.1/armv7e-m/fpu/fpv5-sp-d16/crtbegin.o

.ARM.extab
 *(.ARM.extab* .gnu.linkonce.armextab.*)

.ARM            0x0800a6f4        0x0
                0x0800a6f4                __exidx_start = .
 *(.ARM.exidx*)
                0x0800a6f4                __exidx_end = .

.preinit_array  0x0800a6f4        0x0
                0x0800a6f4                PROVIDE (__preinit_array_start, .)
 *(.preinit_array*)
                0x0800a6f4                PROVIDE (__preinit_array_end, .)

.init_array     0x0800a6f4        0x8
                0x0800a6f4                PROVIDE (__init_array_start, .)
 *(SORT(.init_array.*))
 .init_array.00000
                0x0800a6f4        0x4 c:/ac6/systemworkbench/plugins/fr.ac6.mcu.externaltools.arm-none.win32_1.13.2.201705091103/tools/compiler/bin/../lib/gcc/arm-none-eabi/5.4.1/../../../../arm-none-eabi/lib/armv7e-m/fpu/fpv5-sp-d16\libc.a(lib_a-__call_atexit.o)
 *(.init_array*)
 .init_array    0x0800a6f8        0x4 c:/ac6/systemworkbench/plugins/fr.ac6.mcu.externaltools.arm-none.win32_1.13.2.201705091103/tools/compiler/bin/../lib/gcc/arm-none-eabi/5.4.1/armv7e-m/fpu/fpv5-sp-d16/crtbegin.o
                0x0800a6fc                PROVIDE (__init_array_end, .)

.fini_array     0x0800a6fc        0x4
                0x0800a6fc                PROVIDE (__fini_array_start, .)
 *(SORT(.fini_array.*))
 *(.fini_array*)
 .fini_array    0x0800a6fc        0x4 c:/ac6/systemworkbench/plugins/fr.ac6.mcu.externaltools.arm-none.win32_1.13.2.201705091103/tools/compiler/bin/../lib/gcc/arm-none-eabi/5.4.1/armv7e-m/fpu/fpv5-sp-d16/crtbegin.o
                0x0800a700                PROVIDE (__fini_array_end, .)
                0x0800a700                _sidata = LOADADDR (.data)

.data           0x20000000      0x5c8 load address 0x0800a700
                0x20000000                . = ALIGN (0x4)
                0x20000000                _sdata = .
 *(.data)
 *(.data*)
 .data.Boot_file_boot_code
                0x20000000        0x8 src/hdudispbboot.o
                0x20000000                Boot_file_boot_code
 .data.Boot_file_app_code
                0x20000008        0x8 src/hdudispbboot.o
                0x20000008                Boot_file_app_code
 .data.Boot_file_maint_code
                0x20000010        0x8 src/hdudispbboot.o
                0x20000010                Boot_file_maint_code
 .data.Boot_file_swl_code
                0x20000018        0x8 src/hdudispbboot.o
                0x20000018                Boot_file_swl_code
 .data.Rk043fn48h_configs
                0x20000020       0x10 src/hdudispbboot.o
                0x20000020                Rk043fn48h_configs
 .data.Aa065vd51_configs
                0x20000030       0x10 src/hdudispbboot.o
                0x20000030                Aa065vd51_configs
 .data.Aa07mc52_configs
                0x20000040       0x10 src/hdudispbboot.o
                0x20000040                Aa07mc52_configs
 .data.Kd035hvfma035_configs
                0x20000050       0x10 src/hdudispbboot.o
                0x20000050                Kd035hvfma035_configs
 .data.Aa104sl12_configs
                0x20000060       0x10 src/hdudispbboot.o
                0x20000060                Aa104sl12_configs
 .data.Aa104xd12_configs
                0x20000070       0x10 src/hdudispbboot.o
                0x20000070                Aa104xd12_configs
 .data.Du_config_files
                0x20000080       0x1c src/hdudispbboot.o
                0x20000080                Du_config_files
 .data.Appdata_appdata_boot
                0x2000009c        0x4 src/hdudispbmain.o
                0x2000009c                Appdata_appdata_boot
 .data.param_message3.6010
                0x200000a0       0x17 src/hdudispbmain.o
 *fill*         0x200000b7        0x1 
 .data.param_message2.6009
                0x200000b8       0x17 src/hdudispbmain.o
 *fill*         0x200000cf        0x1 
 .data.param_message4.6011
                0x200000d0       0x1b src/hdudispbmain.o
 *fill*         0x200000eb        0x1 
 .data.param_message1.6008
                0x200000ec       0x16 src/hdudispbmain.o
 *fill*         0x20000102        0x2 
 .data.param_message5.6012
                0x20000104       0x1b src/hdudispbmain.o
 *fill*         0x2000011f        0x1 
 .data.Vp_fgfb  0x20000120        0x4 src/hdudispbpanel.o
                0x20000120                Vp_fgfb
 .data.Pen_color
                0x20000124        0x1 src/hdudispbpanel.o
                0x20000124                Pen_color
 *fill*         0x20000125        0x3 
 .data.Color_lookup_table
                0x20000128       0x40 src/hdudispbpanel.o
 .data.S32_present_pcnt
                0x20000168        0x4 src/hdudispbpwm.o
                0x20000168                S32_present_pcnt
 .data.breakline.4315
                0x2000016c        0x3 src/hdudispbrterr.o
 *fill*         0x2000016f        0x1 
 .data.param_message1.4316
                0x20000170        0x9 src/hdudispbrterr.o
 *fill*         0x20000179        0x3 
 .data.param_message2.4317
                0x2000017c        0xa src/hdudispbrterr.o
 *fill*         0x20000186        0x2 
 .data.param_message3.4318
                0x20000188        0xc src/hdudispbrterr.o
 .data.sdram_status.5630
                0x20000194        0x1 E:\HOWELL_2021\HDU\MAY\DisplayBoard\HAL_Driver\Release\libHAL_Driver.a(hdulibstm32756gevalsdram.o)
 *fill*         0x20000195        0x3 
 .data.System_core_clock
                0x20000198        0x4 E:\HOWELL_2021\HDU\MAY\DisplayBoard\HAL_Driver\Release\libHAL_Driver.a(hdulibsystemstm32f7xx.o)
                0x20000198                System_core_clock
 *fill*         0x2000019c        0x4 
 .data.impure_data
                0x200001a0      0x428 c:/ac6/systemworkbench/plugins/fr.ac6.mcu.externaltools.arm-none.win32_1.13.2.201705091103/tools/compiler/bin/../lib/gcc/arm-none-eabi/5.4.1/../../../../arm-none-eabi/lib/armv7e-m/fpu/fpv5-sp-d16\libc.a(lib_a-impure.o)
                0x200005c8                . = ALIGN (0x4)
                0x200005c8                _edata = .

.jcr            0x200005c8        0x0 load address 0x0800acc8
 .jcr           0x200005c8        0x0 c:/ac6/systemworkbench/plugins/fr.ac6.mcu.externaltools.arm-none.win32_1.13.2.201705091103/tools/compiler/bin/../lib/gcc/arm-none-eabi/5.4.1/armv7e-m/fpu/fpv5-sp-d16/crtbegin.o

.igot.plt       0x200005c8        0x0 load address 0x0800acc8
 .igot.plt      0x200005c8        0x0 c:/ac6/systemworkbench/plugins/fr.ac6.mcu.externaltools.arm-none.win32_1.13.2.201705091103/tools/compiler/bin/../lib/gcc/arm-none-eabi/5.4.1/armv7e-m/fpu/fpv5-sp-d16/crtbegin.o
                0x200005c8                . = ALIGN (0x4)

.bss            0x200005c8      0x2e0 load address 0x0800acc8
                0x200005c8                _sbss = .
                0x200005c8                __bss_start__ = _sbss
 *(.bss)
 .bss           0x200005c8       0x1c c:/ac6/systemworkbench/plugins/fr.ac6.mcu.externaltools.arm-none.win32_1.13.2.201705091103/tools/compiler/bin/../lib/gcc/arm-none-eabi/5.4.1/armv7e-m/fpu/fpv5-sp-d16/crtbegin.o
 *(.bss*)
 .bss.Crc_handle
                0x200005e4       0x24 src/hdudispbcrc.o
 .bss.Ltdc_handle
                0x20000608       0xa8 src/hdudispbpanel.o
                0x20000608                Ltdc_handle
 .bss.Player_cfg1
                0x200006b0       0x34 src/hdudispbpanel.o
                0x200006b0                Player_cfg1
 .bss.Tim2_handle
                0x200006e4       0x3c src/hdudispbpwm.o
 .bss.Tim3_handle
                0x20000720       0x3c src/hdudispbpwm.o
 .bss.Tim5_handle
                0x2000075c       0x3c src/hdudispbpwm.o
 .bss.S_pwm_config
                0x20000798       0x1c src/hdudispbpwm.o
 .bss.Gpio_init_struct
                0x200007b4       0x14 src/hdudispbpwm.o
 .bss.Ascii_num
                0x200007c8        0x9 src/hdudispbrterr.o
 *fill*         0x200007d1        0x1 
 .bss.U16_char_x
                0x200007d2        0x2 src/hdudispbtext.o
 .bss.U16_char_y
                0x200007d4        0x2 src/hdudispbtext.o
 .bss.U16_font_width
                0x200007d6        0x2 src/hdudispbtext.o
 .bss.U16_font_height
                0x200007d8        0x2 src/hdudispbtext.o
 .bss.U16_dis_width
                0x200007da        0x2 src/hdudispbtext.o
 .bss.U16_dis_height
                0x200007dc        0x2 src/hdudispbtext.o
 *fill*         0x200007de        0x2 
 .bss.Sdram_handle
                0x200007e0       0x34 E:\HOWELL_2021\HDU\MAY\DisplayBoard\HAL_Driver\Release\libHAL_Driver.a(hdulibstm32756gevalsdram.o)
 .bss.Timing    0x20000814       0x1c E:\HOWELL_2021\HDU\MAY\DisplayBoard\HAL_Driver\Release\libHAL_Driver.a(hdulibstm32756gevalsdram.o)
 .bss.Command   0x20000830       0x10 E:\HOWELL_2021\HDU\MAY\DisplayBoard\HAL_Driver\Release\libHAL_Driver.a(hdulibstm32756gevalsdram.o)
 .bss.dma_handle.5638
                0x20000840       0x60 E:\HOWELL_2021\HDU\MAY\DisplayBoard\HAL_Driver\Release\libHAL_Driver.a(hdulibstm32756gevalsdram.o)
 .bss.Uw_tick   0x200008a0        0x4 E:\HOWELL_2021\HDU\MAY\DisplayBoard\HAL_Driver\Release\libHAL_Driver.a(hdulibstm32f7xxhal.o)
 .bss.Vector_tab_sel
                0x200008a4        0x1 E:\HOWELL_2021\HDU\MAY\DisplayBoard\HAL_Driver\Release\libHAL_Driver.a(hdulibsystemstm32f7xx.o)
                0x200008a4                Vector_tab_sel
 *(COMMON)
                0x200008a8                . = ALIGN (0x4)
 *fill*         0x200008a5        0x3 
                0x200008a8                _ebss = .
                0x200008a8                __bss_end__ = _ebss

._user_heap_stack
                0x200008a8      0x600 load address 0x0800acc8
                0x200008a8                . = ALIGN (0x8)
                [!provide]                PROVIDE (end, .)
                [!provide]                PROVIDE (_end, .)
                0x20000aa8                . = (. + _Min_Heap_Size)
 *fill*         0x200008a8      0x200 
                0x20000ea8                . = (. + _Min_Stack_Size)
 *fill*         0x20000aa8      0x400 
                0x20000ea8                . = ALIGN (0x8)

/DISCARD/
 libc.a(*)
 libm.a(*)
 libgcc.a(*)

.ARM.attributes
                0x00000000       0x30
 *(.ARM.attributes)
 .ARM.attributes
                0x00000000       0x22 c:/ac6/systemworkbench/plugins/fr.ac6.mcu.externaltools.arm-none.win32_1.13.2.201705091103/tools/compiler/bin/../lib/gcc/arm-none-eabi/5.4.1/armv7e-m/fpu/fpv5-sp-d16/crti.o
 .ARM.attributes
                0x00000022       0x34 c:/ac6/systemworkbench/plugins/fr.ac6.mcu.externaltools.arm-none.win32_1.13.2.201705091103/tools/compiler/bin/../lib/gcc/arm-none-eabi/5.4.1/armv7e-m/fpu/fpv5-sp-d16/crtbegin.o
 .ARM.attributes
                0x00000056       0x39 src/hdudispbbinascii.o
 .ARM.attributes
                0x0000008f       0x39 src/hdudispbboot.o
 .ARM.attributes
                0x000000c8       0x39 src/hdudispbconsolas24haa4.o
 .ARM.attributes
                0x00000101       0x39 src/hdudispbcrc.o
 .ARM.attributes
                0x0000013a       0x39 src/hdudispbfonts.o
 .ARM.attributes
                0x00000173       0x39 src/hdudispbmain.o
 .ARM.attributes
                0x000001ac       0x39 src/hdudispbpanel.o
 .ARM.attributes
                0x000001e5       0x39 src/hdudispbpwm.o
 .ARM.attributes
                0x0000021e       0x39 src/hdudispbrevno.o
 .ARM.attributes
                0x00000257       0x39 src/hdudispbrterr.o
 .ARM.attributes
                0x00000290       0x39 src/hdudispbtext.o
 .ARM.attributes
                0x000002c9       0x21 startup/hdudispbstartupstm32f746xx.o
 .ARM.attributes
                0x000002ea       0x39 E:\HOWELL_2021\HDU\MAY\DisplayBoard\HAL_Driver\Release\libHAL_Driver.a(hdulibstm32756gevalsdram.o)
 .ARM.attributes
                0x00000323       0x39 E:\HOWELL_2021\HDU\MAY\DisplayBoard\HAL_Driver\Release\libHAL_Driver.a(hdulibstm32f7xxhal.o)
 .ARM.attributes
                0x0000035c       0x39 E:\HOWELL_2021\HDU\MAY\DisplayBoard\HAL_Driver\Release\libHAL_Driver.a(hdulibstm32f7xxhalcortex.o)
 .ARM.attributes
                0x00000395       0x39 E:\HOWELL_2021\HDU\MAY\DisplayBoard\HAL_Driver\Release\libHAL_Driver.a(hdulibstm32f7xxhalcrc.o)
 .ARM.attributes
                0x000003ce       0x39 E:\HOWELL_2021\HDU\MAY\DisplayBoard\HAL_Driver\Release\libHAL_Driver.a(hdulibstm32f7xxhalcrcex.o)
 .ARM.attributes
                0x00000407       0x39 E:\HOWELL_2021\HDU\MAY\DisplayBoard\HAL_Driver\Release\libHAL_Driver.a(hdulibstm32f7xxhaldma.o)
 .ARM.attributes
                0x00000440       0x39 E:\HOWELL_2021\HDU\MAY\DisplayBoard\HAL_Driver\Release\libHAL_Driver.a(hdulibstm32f7xxhalgpio.o)
 .ARM.attributes
                0x00000479       0x39 E:\HOWELL_2021\HDU\MAY\DisplayBoard\HAL_Driver\Release\libHAL_Driver.a(hdulibstm32f7xxhalltdc.o)
 .ARM.attributes
                0x000004b2       0x39 E:\HOWELL_2021\HDU\MAY\DisplayBoard\HAL_Driver\Release\libHAL_Driver.a(hdulibstm32f7xxhalmsp.o)
 .ARM.attributes
                0x000004eb       0x39 E:\HOWELL_2021\HDU\MAY\DisplayBoard\HAL_Driver\Release\libHAL_Driver.a(hdulibstm32f7xxhalpwrex.o)
 .ARM.attributes
                0x00000524       0x39 E:\HOWELL_2021\HDU\MAY\DisplayBoard\HAL_Driver\Release\libHAL_Driver.a(hdulibstm32f7xxhalrcc.o)
 .ARM.attributes
                0x0000055d       0x39 E:\HOWELL_2021\HDU\MAY\DisplayBoard\HAL_Driver\Release\libHAL_Driver.a(hdulibstm32f7xxhalrccex.o)
 .ARM.attributes
                0x00000596       0x39 E:\HOWELL_2021\HDU\MAY\DisplayBoard\HAL_Driver\Release\libHAL_Driver.a(hdulibstm32f7xxhalsdram.o)
 .ARM.attributes
                0x000005cf       0x39 E:\HOWELL_2021\HDU\MAY\DisplayBoard\HAL_Driver\Release\libHAL_Driver.a(hdulibstm32f7xxhaltim.o)
 .ARM.attributes
                0x00000608       0x39 E:\HOWELL_2021\HDU\MAY\DisplayBoard\HAL_Driver\Release\libHAL_Driver.a(hdulibsystemstm32f7xx.o)
 .ARM.attributes
                0x00000641       0x39 E:\HOWELL_2021\HDU\MAY\DisplayBoard\HAL_Driver\Release\libHAL_Driver.a(hdulibstm32f7xxhalfmc.o)
 .ARM.attributes
                0x0000067a       0x34 c:/ac6/systemworkbench/plugins/fr.ac6.mcu.externaltools.arm-none.win32_1.13.2.201705091103/tools/compiler/bin/../lib/gcc/arm-none-eabi/5.4.1/../../../../arm-none-eabi/lib/armv7e-m/fpu/fpv5-sp-d16\libc.a(lib_a-impure.o)
 .ARM.attributes
                0x000006ae       0x34 c:/ac6/systemworkbench/plugins/fr.ac6.mcu.externaltools.arm-none.win32_1.13.2.201705091103/tools/compiler/bin/../lib/gcc/arm-none-eabi/5.4.1/../../../../arm-none-eabi/lib/armv7e-m/fpu/fpv5-sp-d16\libc.a(lib_a-init.o)
 .ARM.attributes
                0x000006e2       0x34 c:/ac6/systemworkbench/plugins/fr.ac6.mcu.externaltools.arm-none.win32_1.13.2.201705091103/tools/compiler/bin/../lib/gcc/arm-none-eabi/5.4.1/../../../../arm-none-eabi/lib/armv7e-m/fpu/fpv5-sp-d16\libc.a(lib_a-memset.o)
 .ARM.attributes
                0x00000716       0x34 c:/ac6/systemworkbench/plugins/fr.ac6.mcu.externaltools.arm-none.win32_1.13.2.201705091103/tools/compiler/bin/../lib/gcc/arm-none-eabi/5.4.1/../../../../arm-none-eabi/lib/armv7e-m/fpu/fpv5-sp-d16\libc.a(lib_a-__call_atexit.o)
 .ARM.attributes
                0x0000074a       0x34 c:/ac6/systemworkbench/plugins/fr.ac6.mcu.externaltools.arm-none.win32_1.13.2.201705091103/tools/compiler/bin/../lib/gcc/arm-none-eabi/5.4.1/../../../../arm-none-eabi/lib/armv7e-m/fpu/fpv5-sp-d16\libc.a(lib_a-atexit.o)
 .ARM.attributes
                0x0000077e       0x34 c:/ac6/systemworkbench/plugins/fr.ac6.mcu.externaltools.arm-none.win32_1.13.2.201705091103/tools/compiler/bin/../lib/gcc/arm-none-eabi/5.4.1/../../../../arm-none-eabi/lib/armv7e-m/fpu/fpv5-sp-d16\libc.a(lib_a-fini.o)
 .ARM.attributes
                0x000007b2       0x34 c:/ac6/systemworkbench/plugins/fr.ac6.mcu.externaltools.arm-none.win32_1.13.2.201705091103/tools/compiler/bin/../lib/gcc/arm-none-eabi/5.4.1/../../../../arm-none-eabi/lib/armv7e-m/fpu/fpv5-sp-d16\libc.a(lib_a-__atexit.o)
 .ARM.attributes
                0x000007e6       0x22 c:/ac6/systemworkbench/plugins/fr.ac6.mcu.externaltools.arm-none.win32_1.13.2.201705091103/tools/compiler/bin/../lib/gcc/arm-none-eabi/5.4.1/armv7e-m/fpu/fpv5-sp-d16/crtn.o
OUTPUT(H108E-132.elf elf32-littlearm)

.comment        0x00000000       0x6e
 .comment       0x00000000       0x6e src/hdudispbbinascii.o
                                 0x6f (size before relaxing)
 .comment       0x0000006e       0x6f src/hdudispbboot.o
 .comment       0x0000006e       0x6f src/hdudispbconsolas24haa4.o
 .comment       0x0000006e       0x6f src/hdudispbcrc.o
 .comment       0x0000006e       0x6f src/hdudispbfonts.o
 .comment       0x0000006e       0x6f src/hdudispbmain.o
 .comment       0x0000006e       0x6f src/hdudispbpanel.o
 .comment       0x0000006e       0x6f src/hdudispbpwm.o
 .comment       0x0000006e       0x6f src/hdudispbrevno.o
 .comment       0x0000006e       0x6f src/hdudispbrterr.o
 .comment       0x0000006e       0x6f src/hdudispbtext.o
 .comment       0x0000006e       0x6f E:\HOWELL_2021\HDU\MAY\DisplayBoard\HAL_Driver\Release\libHAL_Driver.a(hdulibstm32756gevalsdram.o)
 .comment       0x0000006e       0x6f E:\HOWELL_2021\HDU\MAY\DisplayBoard\HAL_Driver\Release\libHAL_Driver.a(hdulibstm32f7xxhal.o)
 .comment       0x0000006e       0x6f E:\HOWELL_2021\HDU\MAY\DisplayBoard\HAL_Driver\Release\libHAL_Driver.a(hdulibstm32f7xxhalcortex.o)
 .comment       0x0000006e       0x6f E:\HOWELL_2021\HDU\MAY\DisplayBoard\HAL_Driver\Release\libHAL_Driver.a(hdulibstm32f7xxhalcrc.o)
 .comment       0x0000006e       0x6f E:\HOWELL_2021\HDU\MAY\DisplayBoard\HAL_Driver\Release\libHAL_Driver.a(hdulibstm32f7xxhalcrcex.o)
 .comment       0x0000006e       0x6f E:\HOWELL_2021\HDU\MAY\DisplayBoard\HAL_Driver\Release\libHAL_Driver.a(hdulibstm32f7xxhaldma.o)
 .comment       0x0000006e       0x6f E:\HOWELL_2021\HDU\MAY\DisplayBoard\HAL_Driver\Release\libHAL_Driver.a(hdulibstm32f7xxhalgpio.o)
 .comment       0x0000006e       0x6f E:\HOWELL_2021\HDU\MAY\DisplayBoard\HAL_Driver\Release\libHAL_Driver.a(hdulibstm32f7xxhalltdc.o)
 .comment       0x0000006e       0x6f E:\HOWELL_2021\HDU\MAY\DisplayBoard\HAL_Driver\Release\libHAL_Driver.a(hdulibstm32f7xxhalmsp.o)
 .comment       0x0000006e       0x6f E:\HOWELL_2021\HDU\MAY\DisplayBoard\HAL_Driver\Release\libHAL_Driver.a(hdulibstm32f7xxhalpwrex.o)
 .comment       0x0000006e       0x6f E:\HOWELL_2021\HDU\MAY\DisplayBoard\HAL_Driver\Release\libHAL_Driver.a(hdulibstm32f7xxhalrcc.o)
 .comment       0x0000006e       0x6f E:\HOWELL_2021\HDU\MAY\DisplayBoard\HAL_Driver\Release\libHAL_Driver.a(hdulibstm32f7xxhalrccex.o)
 .comment       0x0000006e       0x6f E:\HOWELL_2021\HDU\MAY\DisplayBoard\HAL_Driver\Release\libHAL_Driver.a(hdulibstm32f7xxhalsdram.o)
 .comment       0x0000006e       0x6f E:\HOWELL_2021\HDU\MAY\DisplayBoard\HAL_Driver\Release\libHAL_Driver.a(hdulibstm32f7xxhaltim.o)
 .comment       0x0000006e       0x6f E:\HOWELL_2021\HDU\MAY\DisplayBoard\HAL_Driver\Release\libHAL_Driver.a(hdulibsystemstm32f7xx.o)
 .comment       0x0000006e       0x6f E:\HOWELL_2021\HDU\MAY\DisplayBoard\HAL_Driver\Release\libHAL_Driver.a(hdulibstm32f7xxhalfmc.o)

.debug_line     0x00000000       0x8c
 .debug_line    0x00000000       0x8c startup/hdudispbstartupstm32f746xx.o

.debug_info     0x00000000       0x84
 .debug_info    0x00000000       0x84 startup/hdudispbstartupstm32f746xx.o

.debug_abbrev   0x00000000       0x12
 .debug_abbrev  0x00000000       0x12 startup/hdudispbstartupstm32f746xx.o

.debug_aranges  0x00000000       0x28
 .debug_aranges
                0x00000000       0x28 startup/hdudispbstartupstm32f746xx.o

.debug_ranges   0x00000000       0x20
 .debug_ranges  0x00000000       0x20 startup/hdudispbstartupstm32f746xx.o

.debug_frame    0x00000000      0x138
 .debug_frame   0x00000000       0x2c c:/ac6/systemworkbench/plugins/fr.ac6.mcu.externaltools.arm-none.win32_1.13.2.201705091103/tools/compiler/bin/../lib/gcc/arm-none-eabi/5.4.1/../../../../arm-none-eabi/lib/armv7e-m/fpu/fpv5-sp-d16\libc.a(lib_a-init.o)
 .debug_frame   0x0000002c       0x34 c:/ac6/systemworkbench/plugins/fr.ac6.mcu.externaltools.arm-none.win32_1.13.2.201705091103/tools/compiler/bin/../lib/gcc/arm-none-eabi/5.4.1/../../../../arm-none-eabi/lib/armv7e-m/fpu/fpv5-sp-d16\libc.a(lib_a-memset.o)
 .debug_frame   0x00000060       0x50 c:/ac6/systemworkbench/plugins/fr.ac6.mcu.externaltools.arm-none.win32_1.13.2.201705091103/tools/compiler/bin/../lib/gcc/arm-none-eabi/5.4.1/../../../../arm-none-eabi/lib/armv7e-m/fpu/fpv5-sp-d16\libc.a(lib_a-__call_atexit.o)
 .debug_frame   0x000000b0       0x20 c:/ac6/systemworkbench/plugins/fr.ac6.mcu.externaltools.arm-none.win32_1.13.2.201705091103/tools/compiler/bin/../lib/gcc/arm-none-eabi/5.4.1/../../../../arm-none-eabi/lib/armv7e-m/fpu/fpv5-sp-d16\libc.a(lib_a-atexit.o)
 .debug_frame   0x000000d0       0x34 c:/ac6/systemworkbench/plugins/fr.ac6.mcu.externaltools.arm-none.win32_1.13.2.201705091103/tools/compiler/bin/../lib/gcc/arm-none-eabi/5.4.1/../../../../arm-none-eabi/lib/armv7e-m/fpu/fpv5-sp-d16\libc.a(lib_a-fini.o)
 .debug_frame   0x00000104       0x34 c:/ac6/systemworkbench/plugins/fr.ac6.mcu.externaltools.arm-none.win32_1.13.2.201705091103/tools/compiler/bin/../lib/gcc/arm-none-eabi/5.4.1/../../../../arm-none-eabi/lib/armv7e-m/fpu/fpv5-sp-d16\libc.a(lib_a-__atexit.o)
